{
  "Location+[NoContext]+[NoScenario]+$GET+https://management.azure.com/subscriptions/5816b1a6-ee2e-4590-8dff-a6a1e0de9ef6/providers/Microsoft.Subscriptions.Admin/subscriptions?api-version=2015-11-01+1": {
    "Request": {
      "Method": "GET",
      "RequestUri": "https://adminmanagement.redmond.ext-v.masd.stbtest.microsoft.com/subscriptions/5816b1a6-ee2e-4590-8dff-a6a1e0de9ef6/providers/Microsoft.Subscriptions.Admin/subscriptions?api-version=2015-11-01",
      "Content": null,
      "Headers": {
        "x-ms-unique-id": [ "73" ],
        "x-ms-client-request-id": [ "74a9d273-9d29-42be-a551-862ace052dad" ],
        "CommandName": [ "Get-AzsUserSubscription" ],
        "FullCommandName": [ "Get-AzsUserSubscription_List" ],
        "ParameterSetName": [ "__AllParameterSets" ],
        "User-Agent": [ "AzurePowerShell/Az4.0.0-preview" ],
        "Authorization": [ "[Filtered]" ]
      },
      "ContentHeaders": {
      }
    },
    "Response": {
      "StatusCode": 200,
      "Headers": {
        "Pragma": [ "no-cache" ],
        "x-ms-ratelimit-remaining-subscription-reads": [ "14798" ],
        "x-ms-request-id": [ "8a28c826-0466-4b07-9cf3-66914eb6797a" ],
        "x-ms-correlation-request-id": [ "8a28c826-0466-4b07-9cf3-66914eb6797a" ],
        "x-ms-routing-request-id": [ "REDMOND:20200627T005010Z:8a28c826-0466-4b07-9cf3-66914eb6797a" ],
        "Strict-Transport-Security": [ "max-age=31536000; includeSubDomains" ],
        "X-Content-Type-Options": [ "nosniff" ],
        "Cache-Control": [ "no-cache" ],
        "Date": [ "Sat, 27 Jun 2020 00:50:10 GMT" ]
      },
      "ContentHeaders": {
        "Content-Length": [ "9690" ],
        "Content-Type": [ "application/json; charset=utf-8" ],
        "Expires": [ "-1" ]
      },
      "Content": "{\"value\":[{\"id\":\"/subscriptions/5816b1a6-ee2e-4590-8dff-a6a1e0de9ef6/providers/Microsoft.Subscriptions.Admin/subscriptions/fba5bdb2-c2ca-48c1-a9af-6562a70603d8\",\"subscriptionId\":\"fba5bdb2-c2ca-48c1-a9af-6562a70603d8\",\"delegatedProviderSubscriptionId\":\"5816b1a6-ee2e-4590-8dff-a6a1e0de9ef6\",\"displayName\":\"DRPTestfba5bdb2-test-test-test-test-test-test-test-test-test-test-test-test-test\",\"owner\":\"user@microsoft.com\",\"tenantId\":\"8272fdc6-5ec8-4aed-b10c-c09e3221910c\",\"routingResourceManagerType\":\"Default\",\"offerId\":\"/subscriptions/5816b1a6-ee2e-4590-8dff-a6a1e0de9ef6/resourceGroups/DRPTestResourceGroup2393/providers/Microsoft.Subscriptions.Admin/offers/DRPTestOffer2393\",\"state\":\"Enabled\"},{\"id\":\"/subscriptions/5816b1a6-ee2e-4590-8dff-a6a1e0de9ef6/providers/Microsoft.Subscriptions.Admin/subscriptions/d135b752-4d8f-443c-a442-40fde0e9268c\",\"subscriptionId\":\"d135b752-4d8f-443c-a442-40fde0e9268c\",\"delegatedProviderSubscriptionId\":\"5816b1a6-ee2e-4590-8dff-a6a1e0de9ef6\",\"displayName\":\"Test User-tenantadmin1@msazurestack.onmicrosoft.com\",\"externalReferenceId\":\"\",\"owner\":\"tenantadmin1@msazurestack.onmicrosoft.com\",\"tenantId\":\"0a9c9a9e-2774-489f-8560-bae5824f8b46\",\"routingResourceManagerType\":\"Default\",\"offerId\":\"/subscriptions/5816b1a6-ee2e-4590-8dff-a6a1e0de9ef6/resourceGroups/TestRG-b87b32e3-a7f7-41ba-b34f-8f8f7b5e303c/providers/Microsoft.Subscriptions.Admin/offers/TestOffer-ed35f7f7-8601-4869-acdb-ee1792d708cd\",\"state\":\"Enabled\"},{\"id\":\"/subscriptions/5816b1a6-ee2e-4590-8dff-a6a1e0de9ef6/providers/Microsoft.Subscriptions.Admin/subscriptions/786a3bc0-f357-4e4c-8b41-cb2d18ce6fe8\",\"subscriptionId\":\"786a3bc0-f357-4e4c-8b41-cb2d18ce6fe8\",\"delegatedProviderSubscriptionId\":\"5816b1a6-ee2e-4590-8dff-a6a1e0de9ef6\",\"displayName\":\"tenantadmin1@msazurestack.onmicrosoft.com\",\"externalReferenceId\":\"\",\"owner\":\"tenantadmin1@msazurestack.onmicrosoft.com\",\"tenantId\":\"0a9c9a9e-2774-489f-8560-bae5824f8b46\",\"routingResourceManagerType\":\"Default\",\"offerId\":\"/subscriptions/5816b1a6-ee2e-4590-8dff-a6a1e0de9ef6/resourceGroups/TenantResourceGroup/providers/Microsoft.Subscriptions.Admin/offers/TenantOffer\",\"state\":\"Enabled\"},{\"id\":\"/subscriptions/5816b1a6-ee2e-4590-8dff-a6a1e0de9ef6/providers/Microsoft.Subscriptions.Admin/subscriptions/594d83ce-8057-41c1-8873-a402dc4a2783\",\"subscriptionId\":\"594d83ce-8057-41c1-8873-a402dc4a2783\",\"delegatedProviderSubscriptionId\":\"5816b1a6-ee2e-4590-8dff-a6a1e0de9ef6\",\"displayName\":\"user1@msazurestack.onmicrosoft.com\",\"externalReferenceId\":\"\",\"owner\":\"user1@msazurestack.onmicrosoft.com\",\"tenantId\":\"0a9c9a9e-2774-489f-8560-bae5824f8b46\",\"routingResourceManagerType\":\"Default\",\"offerId\":\"/subscriptions/5816b1a6-ee2e-4590-8dff-a6a1e0de9ef6/resourceGroups/TenantResourceGroup/providers/Microsoft.Subscriptions.Admin/offers/TenantOffer\",\"state\":\"Enabled\"},{\"id\":\"/subscriptions/5816b1a6-ee2e-4590-8dff-a6a1e0de9ef6/providers/Microsoft.Subscriptions.Admin/subscriptions/5d1f5a67-2614-4841-8e0a-774297b4310c\",\"subscriptionId\":\"5d1f5a67-2614-4841-8e0a-774297b4310c\",\"delegatedProviderSubscriptionId\":\"5816b1a6-ee2e-4590-8dff-a6a1e0de9ef6\",\"displayName\":\"EventRPBVTTenantSubscription\",\"externalReferenceId\":\"\",\"owner\":\"tenantadmin1@msazurestack.onmicrosoft.com\",\"tenantId\":\"0a9c9a9e-2774-489f-8560-bae5824f8b46\",\"routingResourceManagerType\":\"Default\",\"offerId\":\"/subscriptions/5816b1a6-ee2e-4590-8dff-a6a1e0de9ef6/resourceGroups/EventRPBVTTenantSubscriptionPublicTest/providers/Microsoft.Subscriptions.Admin/offers/EventRPBVTTenantSubscriptionOffer\",\"state\":\"Enabled\"},{\"id\":\"/subscriptions/5816b1a6-ee2e-4590-8dff-a6a1e0de9ef6/providers/Microsoft.Subscriptions.Admin/subscriptions/c66cb1bf-9a3d-492c-8acb-3e7deda6365e\",\"subscriptionId\":\"c66cb1bf-9a3d-492c-8acb-3e7deda6365e\",\"delegatedProviderSubscriptionId\":\"5816b1a6-ee2e-4590-8dff-a6a1e0de9ef6\",\"displayName\":\"Test Subscription\",\"owner\":\"user@microsoft.com\",\"tenantId\":\"0a9c9a9e-2774-489f-8560-bae5824f8b46\",\"routingResourceManagerType\":\"Default\",\"offerId\":\"/subscriptions/5816b1a6-ee2e-4590-8dff-a6a1e0de9ef6/resourceGroups/DRPTestResourceGroup2393/providers/Microsoft.Subscriptions.Admin/offers/DRPTestOffer2393\",\"state\":\"Enabled\"},{\"id\":\"/subscriptions/5816b1a6-ee2e-4590-8dff-a6a1e0de9ef6/providers/Microsoft.Subscriptions.Admin/subscriptions/b541d707-8ef0-4898-a96b-6507dae61be6\",\"subscriptionId\":\"b541d707-8ef0-4898-a96b-6507dae61be6\",\"delegatedProviderSubscriptionId\":\"5816b1a6-ee2e-4590-8dff-a6a1e0de9ef6\",\"displayName\":\"Test Subscription\",\"owner\":\"user@microsoft.com\",\"tenantId\":\"0a9c9a9e-2774-489f-8560-bae5824f8b46\",\"routingResourceManagerType\":\"Default\",\"offerId\":\"/subscriptions/5816b1a6-ee2e-4590-8dff-a6a1e0de9ef6/resourceGroups/DRPTestResourceGroup2393/providers/Microsoft.Subscriptions.Admin/offers/DRPTestOffer2393\",\"state\":\"Enabled\"},{\"id\":\"/subscriptions/5816b1a6-ee2e-4590-8dff-a6a1e0de9ef6/providers/Microsoft.Subscriptions.Admin/subscriptions/96f7c272-e25c-4cd0-9d9c-93420a4c2e28\",\"subscriptionId\":\"96f7c272-e25c-4cd0-9d9c-93420a4c2e28\",\"delegatedProviderSubscriptionId\":\"5816b1a6-ee2e-4590-8dff-a6a1e0de9ef6\",\"displayName\":\"Test Subscription\",\"owner\":\"user@microsoft.com\",\"tenantId\":\"0a9c9a9e-2774-489f-8560-bae5824f8b46\",\"routingResourceManagerType\":\"Default\",\"offerId\":\"/subscriptions/5816b1a6-ee2e-4590-8dff-a6a1e0de9ef6/resourceGroups/DRPTestResourceGroup2393/providers/Microsoft.Subscriptions.Admin/offers/DRPTestOffer2393\",\"state\":\"Enabled\"},{\"id\":\"/subscriptions/5816b1a6-ee2e-4590-8dff-a6a1e0de9ef6/providers/Microsoft.Subscriptions.Admin/subscriptions/0699669b-b96a-452c-a757-507cb2b7de4e\",\"subscriptionId\":\"0699669b-b96a-452c-a757-507cb2b7de4e\",\"delegatedProviderSubscriptionId\":\"5816b1a6-ee2e-4590-8dff-a6a1e0de9ef6\",\"displayName\":\"Test Subscription\",\"owner\":\"user@microsoft.com\",\"tenantId\":\"0a9c9a9e-2774-489f-8560-bae5824f8b46\",\"routingResourceManagerType\":\"Default\",\"offerId\":\"/subscriptions/5816b1a6-ee2e-4590-8dff-a6a1e0de9ef6/resourceGroups/DRPTestResourceGroup2393/providers/Microsoft.Subscriptions.Admin/offers/DRPTestOffer2393\",\"state\":\"Enabled\"},{\"id\":\"/subscriptions/5816b1a6-ee2e-4590-8dff-a6a1e0de9ef6/providers/Microsoft.Subscriptions.Admin/subscriptions/eb377774-8d90-4f4b-bc76-4154d8bfbfcb\",\"subscriptionId\":\"eb377774-8d90-4f4b-bc76-4154d8bfbfcb\",\"delegatedProviderSubscriptionId\":\"5816b1a6-ee2e-4590-8dff-a6a1e0de9ef6\",\"displayName\":\"Test Subscription\",\"owner\":\"user@microsoft.com\",\"tenantId\":\"0a9c9a9e-2774-489f-8560-bae5824f8b46\",\"routingResourceManagerType\":\"Default\",\"offerId\":\"/subscriptions/5816b1a6-ee2e-4590-8dff-a6a1e0de9ef6/resourceGroups/DRPTestResourceGroup2393/providers/Microsoft.Subscriptions.Admin/offers/DRPTestOffer2393\",\"state\":\"Enabled\"},{\"id\":\"/subscriptions/5816b1a6-ee2e-4590-8dff-a6a1e0de9ef6/providers/Microsoft.Subscriptions.Admin/subscriptions/eb377774-8d90-4f4b-bc76-4154d8bfbfch\",\"subscriptionId\":\"eb377774-8d90-4f4b-bc76-4154d8bfbfch\",\"delegatedProviderSubscriptionId\":\"5816b1a6-ee2e-4590-8dff-a6a1e0de9ef6\",\"displayName\":\"Test Subscription\",\"owner\":\"user@microsoft.com\",\"tenantId\":\"0a9c9a9e-2774-489f-8560-bae5824f8b46\",\"routingResourceManagerType\":\"Default\",\"offerId\":\"/subscriptions/5816b1a6-ee2e-4590-8dff-a6a1e0de9ef6/resourceGroups/DRPTestResourceGroup2393/providers/Microsoft.Subscriptions.Admin/offers/DRPTestOffer2393\",\"state\":\"Enabled\"},{\"id\":\"/subscriptions/5816b1a6-ee2e-4590-8dff-a6a1e0de9ef6/providers/Microsoft.Subscriptions.Admin/subscriptions/eb377774-8d90-4f4b-bc76-4154d8bfbf18\",\"subscriptionId\":\"eb377774-8d90-4f4b-bc76-4154d8bfbf18\",\"delegatedProviderSubscriptionId\":\"5816b1a6-ee2e-4590-8dff-a6a1e0de9ef6\",\"displayName\":\"Test Subscription\",\"owner\":\"user@microsoft.com\",\"tenantId\":\"0a9c9a9e-2774-489f-8560-bae5824f8b46\",\"routingResourceManagerType\":\"Default\",\"offerId\":\"/subscriptions/5816b1a6-ee2e-4590-8dff-a6a1e0de9ef6/resourceGroups/DRPTestResourceGroup2393/providers/Microsoft.Subscriptions.Admin/offers/DRPTestOffer2393\",\"state\":\"Enabled\"},{\"id\":\"/subscriptions/5816b1a6-ee2e-4590-8dff-a6a1e0de9ef6/providers/Microsoft.Subscriptions.Admin/subscriptions/eb377774-8d90-4f4b-bc76-0211g8bfbf94\",\"subscriptionId\":\"eb377774-8d90-4f4b-bc76-0211g8bfbf94\",\"delegatedProviderSubscriptionId\":\"5816b1a6-ee2e-4590-8dff-a6a1e0de9ef6\",\"displayName\":\"Test Subscription\",\"owner\":\"user@microsoft.com\",\"tenantId\":\"0a9c9a9e-2774-489f-8560-bae5824f8b46\",\"routingResourceManagerType\":\"Default\",\"offerId\":\"/subscriptions/5816b1a6-ee2e-4590-8dff-a6a1e0de9ef6/resourceGroups/DRPTestResourceGroup2393/providers/Microsoft.Subscriptions.Admin/offers/DRPTestOffer2393\",\"state\":\"Enabled\"},{\"id\":\"/subscriptions/5816b1a6-ee2e-4590-8dff-a6a1e0de9ef6/providers/Microsoft.Subscriptions.Admin/subscriptions/eb377774-8d90-4f4b-bc76-0211g8bfbf92\",\"subscriptionId\":\"eb377774-8d90-4f4b-bc76-0211g8bfbf92\",\"delegatedProviderSubscriptionId\":\"5816b1a6-ee2e-4590-8dff-a6a1e0de9ef6\",\"displayName\":\"Test Subscription\",\"owner\":\"user@microsoft.com\",\"tenantId\":\"0a9c9a9e-2774-489f-8560-bae5824f8b46\",\"routingResourceManagerType\":\"Default\",\"offerId\":\"/subscriptions/5816b1a6-ee2e-4590-8dff-a6a1e0de9ef6/resourceGroups/DRPTestResourceGroup2393/providers/Microsoft.Subscriptions.Admin/offers/DRPTestOffer2393\",\"state\":\"Enabled\"},{\"id\":\"/subscriptions/5816b1a6-ee2e-4590-8dff-a6a1e0de9ef6/providers/Microsoft.Subscriptions.Admin/subscriptions/eb377774-8d90-4f4b-bc76-0211g8bfbf90\",\"subscriptionId\":\"eb377774-8d90-4f4b-bc76-0211g8bfbf90\",\"delegatedProviderSubscriptionId\":\"5816b1a6-ee2e-4590-8dff-a6a1e0de9ef6\",\"displayName\":\"Test Subscription\",\"owner\":\"user@microsoft.com\",\"tenantId\":\"0a9c9a9e-2774-489f-8560-bae5824f8b46\",\"routingResourceManagerType\":\"Default\",\"offerId\":\"/subscriptions/5816b1a6-ee2e-4590-8dff-a6a1e0de9ef6/resourceGroups/DRPTestResourceGroup2393/providers/Microsoft.Subscriptions.Admin/offers/DRPTestOffer2393\",\"state\":\"Enabled\"}]}"
    }
  },
  "Location+[NoContext]+TestListLocations+$GET+https://management.azure.com/subscriptions/5816b1a6-ee2e-4590-8dff-a6a1e0de9ef6/providers/Microsoft.Subscriptions.Admin/locations?api-version=2015-11-01+1": {
    "Request": {
      "Method": "GET",
      "RequestUri": "https://adminmanagement.redmond.ext-v.masd.stbtest.microsoft.com/subscriptions/5816b1a6-ee2e-4590-8dff-a6a1e0de9ef6/providers/Microsoft.Subscriptions.Admin/locations?api-version=2015-11-01",
      "Content": null,
      "Headers": {
        "x-ms-unique-id": [ "74" ],
        "x-ms-client-request-id": [ "d87dbea8-b30b-40ac-8e1c-90b159160ce9" ],
        "CommandName": [ "Get-AzsLocation" ],
        "FullCommandName": [ "Get-AzsLocation_List" ],
        "ParameterSetName": [ "__AllParameterSets" ],
        "User-Agent": [ "AzurePowerShell/Az4.0.0-preview" ],
        "Authorization": [ "[Filtered]" ]
      },
      "ContentHeaders": {
      }
    },
    "Response": {
      "StatusCode": 200,
      "Headers": {
        "Pragma": [ "no-cache" ],
        "x-ms-ratelimit-remaining-subscription-reads": [ "14796" ],
        "x-ms-request-id": [ "26905acd-9988-4484-b1e1-819ff850e7bf" ],
        "x-ms-correlation-request-id": [ "26905acd-9988-4484-b1e1-819ff850e7bf" ],
        "x-ms-routing-request-id": [ "REDMOND:20200627T005011Z:26905acd-9988-4484-b1e1-819ff850e7bf" ],
        "Strict-Transport-Security": [ "max-age=31536000; includeSubDomains" ],
        "X-Content-Type-Options": [ "nosniff" ],
        "Cache-Control": [ "no-cache" ],
        "Date": [ "Sat, 27 Jun 2020 00:50:10 GMT" ]
      },
      "ContentHeaders": {
        "Content-Length": [ "200" ],
        "Content-Type": [ "application/json; charset=utf-8" ],
        "Expires": [ "-1" ]
      },
      "Content": "{\"value\":[{\"id\":\"/subscriptions/5816b1a6-ee2e-4590-8dff-a6a1e0de9ef6/providers/Microsoft.Subscriptions.Admin/locations/redmond\",\"name\":\"redmond\",\"displayName\":\"redmond\",\"latitude\":\"\",\"longitude\":\"\"}]}"
    }
  },
  "Location+[NoContext]+TestGetAllLocations+$GET+https://management.azure.com/subscriptions/5816b1a6-ee2e-4590-8dff-a6a1e0de9ef6/providers/Microsoft.Subscriptions.Admin/locations?api-version=2015-11-01+1": {
    "Request": {
      "Method": "GET",
      "RequestUri": "https://adminmanagement.redmond.ext-v.masd.stbtest.microsoft.com/subscriptions/5816b1a6-ee2e-4590-8dff-a6a1e0de9ef6/providers/Microsoft.Subscriptions.Admin/locations?api-version=2015-11-01",
      "Content": null,
      "Headers": {
        "x-ms-unique-id": [ "75" ],
        "x-ms-client-request-id": [ "60c91b18-34c4-4b12-ac54-b64ff0d33f46" ],
        "CommandName": [ "Get-AzsLocation" ],
        "FullCommandName": [ "Get-AzsLocation_List" ],
        "ParameterSetName": [ "__AllParameterSets" ],
        "User-Agent": [ "AzurePowerShell/Az4.0.0-preview" ],
        "Authorization": [ "[Filtered]" ]
      },
      "ContentHeaders": {
      }
    },
    "Response": {
      "StatusCode": 200,
      "Headers": {
        "Pragma": [ "no-cache" ],
        "x-ms-ratelimit-remaining-subscription-reads": [ "14795" ],
        "x-ms-request-id": [ "e03899b9-3386-4dde-b233-541cf8c9d7b2" ],
        "x-ms-correlation-request-id": [ "e03899b9-3386-4dde-b233-541cf8c9d7b2" ],
        "x-ms-routing-request-id": [ "REDMOND:20200627T005011Z:e03899b9-3386-4dde-b233-541cf8c9d7b2" ],
        "Strict-Transport-Security": [ "max-age=31536000; includeSubDomains" ],
        "X-Content-Type-Options": [ "nosniff" ],
        "Cache-Control": [ "no-cache" ],
        "Date": [ "Sat, 27 Jun 2020 00:50:11 GMT" ]
      },
      "ContentHeaders": {
        "Content-Length": [ "200" ],
        "Content-Type": [ "application/json; charset=utf-8" ],
        "Expires": [ "-1" ]
      },
      "Content": "{\"value\":[{\"id\":\"/subscriptions/5816b1a6-ee2e-4590-8dff-a6a1e0de9ef6/providers/Microsoft.Subscriptions.Admin/locations/redmond\",\"name\":\"redmond\",\"displayName\":\"redmond\",\"latitude\":\"\",\"longitude\":\"\"}]}"
    }
  },
  "Location+[NoContext]+TestGetAllLocations+$GET+https://management.azure.com/subscriptions/5816b1a6-ee2e-4590-8dff-a6a1e0de9ef6/providers/Microsoft.Subscriptions.Admin/locations/redmond?api-version=2015-11-01+2": {
    "Request": {
      "Method": "GET",
      "RequestUri": "https://adminmanagement.redmond.ext-v.masd.stbtest.microsoft.com/subscriptions/5816b1a6-ee2e-4590-8dff-a6a1e0de9ef6/providers/Microsoft.Subscriptions.Admin/locations/redmond?api-version=2015-11-01",
      "Content": null,
      "Headers": {
        "x-ms-unique-id": [ "76" ],
        "x-ms-client-request-id": [ "aa87b262-df04-497f-a4c7-01c35dbbbdf7" ],
        "CommandName": [ "Get-AzsLocation" ],
        "FullCommandName": [ "Get-AzsLocation_Get" ],
        "ParameterSetName": [ "__AllParameterSets" ],
        "User-Agent": [ "AzurePowerShell/Az4.0.0-preview" ],
        "Authorization": [ "[Filtered]" ]
      },
      "ContentHeaders": {
      }
    },
    "Response": {
      "StatusCode": 200,
      "Headers": {
        "Pragma": [ "no-cache" ],
        "x-ms-ratelimit-remaining-subscription-reads": [ "14794" ],
        "x-ms-request-id": [ "e78b226f-6a7d-495d-a417-765cd1aba507" ],
        "x-ms-correlation-request-id": [ "e78b226f-6a7d-495d-a417-765cd1aba507" ],
        "x-ms-routing-request-id": [ "REDMOND:20200627T005011Z:e78b226f-6a7d-495d-a417-765cd1aba507" ],
        "Strict-Transport-Security": [ "max-age=31536000; includeSubDomains" ],
        "X-Content-Type-Options": [ "nosniff" ],
        "Cache-Control": [ "no-cache" ],
        "Date": [ "Sat, 27 Jun 2020 00:50:11 GMT" ]
      },
      "ContentHeaders": {
        "Content-Length": [ "188" ],
        "Content-Type": [ "application/json; charset=utf-8" ],
        "Expires": [ "-1" ]
      },
      "Content": "{\"id\":\"/subscriptions/5816b1a6-ee2e-4590-8dff-a6a1e0de9ef6/providers/Microsoft.Subscriptions.Admin/locations/redmond\",\"name\":\"redmond\",\"displayName\":\"redmond\",\"latitude\":\"\",\"longitude\":\"\"}"
    }
  },
  "Location+[NoContext]+TestGetLocation+$GET+https://management.azure.com/subscriptions/5816b1a6-ee2e-4590-8dff-a6a1e0de9ef6/providers/Microsoft.Subscriptions.Admin/locations?api-version=2015-11-01+1": {
    "Request": {
      "Method": "GET",
      "RequestUri": "https://adminmanagement.redmond.ext-v.masd.stbtest.microsoft.com/subscriptions/5816b1a6-ee2e-4590-8dff-a6a1e0de9ef6/providers/Microsoft.Subscriptions.Admin/locations?api-version=2015-11-01",
      "Content": null,
      "Headers": {
        "x-ms-unique-id": [ "77" ],
        "x-ms-client-request-id": [ "a6c5a483-39b1-4c30-b06b-0fb9f069b08d" ],
        "CommandName": [ "Get-AzsLocation" ],
        "FullCommandName": [ "Get-AzsLocation_List" ],
        "ParameterSetName": [ "__AllParameterSets" ],
        "User-Agent": [ "AzurePowerShell/Az4.0.0-preview" ],
        "Authorization": [ "[Filtered]" ]
      },
      "ContentHeaders": {
      }
    },
    "Response": {
      "StatusCode": 200,
      "Headers": {
        "Pragma": [ "no-cache" ],
        "x-ms-ratelimit-remaining-subscription-reads": [ "14793" ],
        "x-ms-request-id": [ "5b064511-092c-4774-b6c8-3066ad307c7b" ],
        "x-ms-correlation-request-id": [ "5b064511-092c-4774-b6c8-3066ad307c7b" ],
        "x-ms-routing-request-id": [ "REDMOND:20200627T005011Z:5b064511-092c-4774-b6c8-3066ad307c7b" ],
        "Strict-Transport-Security": [ "max-age=31536000; includeSubDomains" ],
        "X-Content-Type-Options": [ "nosniff" ],
        "Cache-Control": [ "no-cache" ],
        "Date": [ "Sat, 27 Jun 2020 00:50:11 GMT" ]
      },
      "ContentHeaders": {
        "Content-Length": [ "200" ],
        "Content-Type": [ "application/json; charset=utf-8" ],
        "Expires": [ "-1" ]
      },
      "Content": "{\"value\":[{\"id\":\"/subscriptions/5816b1a6-ee2e-4590-8dff-a6a1e0de9ef6/providers/Microsoft.Subscriptions.Admin/locations/redmond\",\"name\":\"redmond\",\"displayName\":\"redmond\",\"latitude\":\"\",\"longitude\":\"\"}]}"
    }
  },
  "Location+[NoContext]+TestGetLocation+$GET+https://management.azure.com/subscriptions/5816b1a6-ee2e-4590-8dff-a6a1e0de9ef6/providers/Microsoft.Subscriptions.Admin/locations/redmond?api-version=2015-11-01+2": {
    "Request": {
      "Method": "GET",
      "RequestUri": "https://adminmanagement.redmond.ext-v.masd.stbtest.microsoft.com/subscriptions/5816b1a6-ee2e-4590-8dff-a6a1e0de9ef6/providers/Microsoft.Subscriptions.Admin/locations/redmond?api-version=2015-11-01",
      "Content": null,
      "Headers": {
        "x-ms-unique-id": [ "78" ],
        "x-ms-client-request-id": [ "9508e7db-0b85-44d0-87fe-b4253631e816" ],
        "CommandName": [ "Get-AzsLocation" ],
        "FullCommandName": [ "Get-AzsLocation_Get" ],
        "ParameterSetName": [ "__AllParameterSets" ],
        "User-Agent": [ "AzurePowerShell/Az4.0.0-preview" ],
        "Authorization": [ "[Filtered]" ]
      },
      "ContentHeaders": {
      }
    },
    "Response": {
      "StatusCode": 200,
      "Headers": {
        "Pragma": [ "no-cache" ],
        "x-ms-ratelimit-remaining-subscription-reads": [ "14792" ],
        "x-ms-request-id": [ "93087749-056e-40dc-be77-6c7d88874609" ],
        "x-ms-correlation-request-id": [ "93087749-056e-40dc-be77-6c7d88874609" ],
        "x-ms-routing-request-id": [ "REDMOND:20200627T005012Z:93087749-056e-40dc-be77-6c7d88874609" ],
        "Strict-Transport-Security": [ "max-age=31536000; includeSubDomains" ],
        "X-Content-Type-Options": [ "nosniff" ],
        "Cache-Control": [ "no-cache" ],
        "Date": [ "Sat, 27 Jun 2020 00:50:11 GMT" ]
      },
      "ContentHeaders": {
        "Content-Length": [ "188" ],
        "Content-Type": [ "application/json; charset=utf-8" ],
        "Expires": [ "-1" ]
      },
      "Content": "{\"id\":\"/subscriptions/5816b1a6-ee2e-4590-8dff-a6a1e0de9ef6/providers/Microsoft.Subscriptions.Admin/locations/redmond\",\"name\":\"redmond\",\"displayName\":\"redmond\",\"latitude\":\"\",\"longitude\":\"\"}"
    }
  }
}