{
  "AzsServiceHealths+[NoContext]+TestListServiceHealths+$GET+https://management.azure.com/subscriptions/8436efc5-b1be-4ae4-996c-861ae6c21e80/resourceGroups/System.redmond/providers/Microsoft.InfrastructureInsights.Admin/regionHealths/redmond?api-version=2016-05-01+1": {
    "Request": {
      "Method": "GET",
      "RequestUri": "https://management.azure.com/subscriptions/8436efc5-b1be-4ae4-996c-861ae6c21e80/resourceGroups/System.redmond/providers/Microsoft.InfrastructureInsights.Admin/regionHealths/redmond?api-version=2016-05-01",
      "Content": null,
      "Headers": {
        "x-ms-unique-id": [ "775" ],
        "x-ms-client-request-id": [ "f8382c7a-8169-4b02-809d-edaf466b7995" ],
        "CommandName": [ "Get-AzsRegionHealth" ],
        "FullCommandName": [ "Get-AzsRegionHealth_Get" ],
        "ParameterSetName": [ "__AllParameterSets" ],
        "User-Agent": [ "AzurePowerShell/Az4.0.0-preview" ],
        "Authorization": [ "[Filtered]" ]
      },
      "ContentHeaders": {
      }
    },
    "Response": {
      "StatusCode": 200,
      "Headers": {
        "Cache-Control": [ "no-cache" ],
        "Pragma": [ "no-cache" ],
        "x-ms-correlation-request-id": [ "6a0cdc7f-22bf-497e-88a3-96460d8350d8" ],
        "Server": [ "Microsoft-HTTPAPI/2.0" ],
        "WWW-Authenticate": [ "oYG3MIG0oAMKAQChCwYJKoZIgvcSAQICooGfBIGcYIGZBgkqhkiG9xIBAgICAG+BiTCBhqADAgEFoQMCAQ+iejB4oAMCARKicQRvUw6tDGl5EfGLQRTg+6uIPuvisVZulp10FFOLnoMo2taHxk56YlDNbOAlzHKkITaLiLBqR4K/XIbyTYRIDyhvuKD1pwJF8nymr4csogxnjH2J6EVPRegkWsK+/Oi9rcCUw/Yp/qf20C/KVxODMST+" ],
        "x-ms-ratelimit-remaining-subscription-reads": [ "13485" ],
        "x-ms-request-id": [ "6a0cdc7f-22bf-497e-88a3-96460d8350d8" ],
        "x-ms-routing-request-id": [ "redmond:20200618T010418Z:6a0cdc7f-22bf-497e-88a3-96460d8350d8" ],
        "Strict-Transport-Security": [ "max-age=31536000; includeSubDomains" ],
        "X-Content-Type-Options": [ "nosniff" ],
        "Date": [ "Thu, 18 Jun 2020 01:04:18 GMT" ]
      },
      "ContentHeaders": {
        "Content-Length": [ "825" ],
        "Content-Type": [ "application/json; charset=utf-8" ],
        "Expires": [ "-1" ]
      },
      "Content": "{\"id\":\"/subscriptions/8436efc5-b1be-4ae4-996c-861ae6c21e80/resourceGroups/System.redmond/providers/Microsoft.InfrastructureInsights.Admin/regionHealths/redmond\",\"name\":\"redmond\",\"type\":\"Microsoft.InfrastructureInsights.Admin/regionHealths\",\"location\":\"redmond\",\"tags\":{},\"properties\":{\"usageMetrics\":[{\"name\":\"Physical memory\",\"metricsValue\":[{\"name\":\"Used\",\"unit\":\"GB\",\"value\":1235.6357421875},{\"name\":\"Available\",\"unit\":\"GB\",\"value\":809.1064453125}]},{\"name\":\"Physical storage\",\"metricsValue\":[{\"name\":\"Used\",\"unit\":\"TB\",\"value\":11.876260235905647},{\"name\":\"Available\",\"unit\":\"TB\",\"value\":53.6607881039381}]},{\"name\":\"Public IP address pools\",\"metricsValue\":[{\"name\":\"Used\",\"unit\":\"One\",\"value\":53.0},{\"name\":\"Available\",\"unit\":\"One\",\"value\":970.0}]}],\"alertSummary\":{\"criticalAlertCount\":0,\"warningAlertCount\":0}}}"
    }
  },
  "AzsServiceHealths+[NoContext]+TestListServiceHealths+$GET+https://management.azure.com/subscriptions/8436efc5-b1be-4ae4-996c-861ae6c21e80/resourceGroups/System.redmond/providers/Microsoft.InfrastructureInsights.Admin/regionHealths/redmond/serviceHealths?api-version=2016-05-01+2": {
    "Request": {
      "Method": "GET",
      "RequestUri": "https://management.azure.com/subscriptions/8436efc5-b1be-4ae4-996c-861ae6c21e80/resourceGroups/System.redmond/providers/Microsoft.InfrastructureInsights.Admin/regionHealths/redmond/serviceHealths?api-version=2016-05-01",
      "Content": null,
      "Headers": {
        "x-ms-unique-id": [ "776" ],
        "x-ms-client-request-id": [ "16beb9e9-151f-4dbe-9d6b-788031a567c6" ],
        "CommandName": [ "Get-AzsRPHealth" ],
        "FullCommandName": [ "Get-AzsRPHealth_List" ],
        "ParameterSetName": [ "__AllParameterSets" ],
        "User-Agent": [ "AzurePowerShell/Az4.0.0-preview" ],
        "Authorization": [ "[Filtered]" ]
      },
      "ContentHeaders": {
      }
    },
    "Response": {
      "StatusCode": 200,
      "Headers": {
        "Cache-Control": [ "no-cache" ],
        "Pragma": [ "no-cache" ],
        "x-ms-correlation-request-id": [ "3be47704-b5c0-47d3-8642-84f56b01e181" ],
        "Server": [ "Microsoft-HTTPAPI/2.0" ],
        "WWW-Authenticate": [ "oYG3MIG0oAMKAQChCwYJKoZIgvcSAQICooGfBIGcYIGZBgkqhkiG9xIBAgICAG+BiTCBhqADAgEFoQMCAQ+iejB4oAMCARKicQRvGsfQpDbTigPoaH9ePI9CzSUH7KiJJZo9KpbfXkgWnLWdh8PMq/Z+5dIeEWqdVM5wEFLgfa96gBk20zNo68frtwb5jl7LE9mTP369lfFQmQgBmdeaDV8Dxt4VCBEVTcPdxmH9DqooxUQ8UBkULUez" ],
        "x-ms-ratelimit-remaining-subscription-reads": [ "13483" ],
        "x-ms-request-id": [ "3be47704-b5c0-47d3-8642-84f56b01e181" ],
        "x-ms-routing-request-id": [ "redmond:20200618T010420Z:3be47704-b5c0-47d3-8642-84f56b01e181" ],
        "Strict-Transport-Security": [ "max-age=31536000; includeSubDomains" ],
        "X-Content-Type-Options": [ "nosniff" ],
        "Date": [ "Thu, 18 Jun 2020 01:04:19 GMT" ]
      },
      "ContentHeaders": {
        "Content-Length": [ "9459" ],
        "Content-Type": [ "application/json; charset=utf-8" ],
        "Expires": [ "-1" ]
      },
      "Content": "{\"value\":[{\"id\":\"/subscriptions/8436efc5-b1be-4ae4-996c-861ae6c21e80/resourceGroups/System.redmond/providers/Microsoft.InfrastructureInsights.Admin/regionHealths/redmond/serviceHealths/3741b695-e9e3-4e44-bcc1-ea6d7af0411c\",\"name\":\"redmond/3741b695-e9e3-4e44-bcc1-ea6d7af0411c\",\"type\":\"Microsoft.InfrastructureInsights.Admin/regionHealths/serviceHealths\",\"location\":\"redmond\",\"tags\":{},\"properties\":{\"registrationId\":\"3741b695-e9e3-4e44-bcc1-ea6d7af0411c\",\"displayName\":\"Infrastructure backup\",\"namespace\":\"Microsoft.Backup.Admin\",\"routePrefix\":\"/subscriptions/8436efc5-b1be-4ae4-996c-861ae6c21e80/resourceGroups/System.redmond/providers/Microsoft.Backup.Admin/\",\"serviceLocation\":\"redmond\",\"infraURI\":\"/subscriptions/8436efc5-b1be-4ae4-996c-861ae6c21e80/resourceGroups/System.redmond/providers/Microsoft.Backup.Admin/infraRoles/Infrastructure backup\",\"alertSummary\":{\"criticalAlertCount\":0,\"warningAlertCount\":0},\"healthState\":\"Healthy\"}},{\"id\":\"/subscriptions/8436efc5-b1be-4ae4-996c-861ae6c21e80/resourceGroups/System.redmond/providers/Microsoft.InfrastructureInsights.Admin/regionHealths/redmond/serviceHealths/495eae0b-97e3-47c2-a905-1c2c42103c9b\",\"name\":\"redmond/495eae0b-97e3-47c2-a905-1c2c42103c9b\",\"type\":\"Microsoft.InfrastructureInsights.Admin/regionHealths/serviceHealths\",\"location\":\"redmond\",\"tags\":{},\"properties\":{\"registrationId\":\"495eae0b-97e3-47c2-a905-1c2c42103c9b\",\"displayName\":\"Updates\",\"namespace\":\"Microsoft.Update.Admin\",\"routePrefix\":\"/subscriptions/8436efc5-b1be-4ae4-996c-861ae6c21e80/resourceGroups/System.redmond/providers/Microsoft.Update.Admin/updateLocations/redmond\",\"serviceLocation\":\"redmond\",\"infraURI\":\"/subscriptions/8436efc5-b1be-4ae4-996c-861ae6c21e80/resourceGroups/System.redmond/providers/Microsoft.Update.Admin/updateLocations/redmond/infraRoles/Updates\",\"alertSummary\":{\"criticalAlertCount\":0,\"warningAlertCount\":0},\"healthState\":\"Unknown\"}},{\"id\":\"/subscriptions/8436efc5-b1be-4ae4-996c-861ae6c21e80/resourceGroups/System.redmond/providers/Microsoft.InfrastructureInsights.Admin/regionHealths/redmond/serviceHealths/60d9eb15-b938-44ca-9dcd-9fa35258e68f\",\"name\":\"redmond/60d9eb15-b938-44ca-9dcd-9fa35258e68f\",\"type\":\"Microsoft.InfrastructureInsights.Admin/regionHealths/serviceHealths\",\"location\":\"redmond\",\"tags\":{},\"properties\":{\"registrationId\":\"60d9eb15-b938-44ca-9dcd-9fa35258e68f\",\"displayName\":\"Compute\",\"namespace\":\"Microsoft.Compute.Admin\",\"routePrefix\":\"/subscriptions/8436efc5-b1be-4ae4-996c-861ae6c21e80/resourceGroups/System.redmond/providers/Microsoft.Compute.Admin/\",\"serviceLocation\":\"redmond\",\"infraURI\":\"/subscriptions/8436efc5-b1be-4ae4-996c-861ae6c21e80/resourceGroups/System.redmond/providers/Microsoft.Compute.Admin/infraRoles/Compute\",\"alertSummary\":{\"criticalAlertCount\":0,\"warningAlertCount\":0},\"healthState\":\"Healthy\"}},{\"id\":\"/subscriptions/8436efc5-b1be-4ae4-996c-861ae6c21e80/resourceGroups/System.redmond/providers/Microsoft.InfrastructureInsights.Admin/regionHealths/redmond/serviceHealths/a0439443-b6d0-450f-8df0-c445cd308545\",\"name\":\"redmond/a0439443-b6d0-450f-8df0-c445cd308545\",\"type\":\"Microsoft.InfrastructureInsights.Admin/regionHealths/serviceHealths\",\"location\":\"redmond\",\"tags\":{},\"properties\":{\"registrationId\":\"a0439443-b6d0-450f-8df0-c445cd308545\",\"displayName\":\"Key Vault\",\"namespace\":\"Microsoft.KeyVault.Admin\",\"routePrefix\":\"/subscriptions/8436efc5-b1be-4ae4-996c-861ae6c21e80/resourceGroups/System.redmond/providers/Microsoft.KeyVault.Admin/locations/redmond\",\"serviceLocation\":\"redmond\",\"infraURI\":\"/subscriptions/8436efc5-b1be-4ae4-996c-861ae6c21e80/resourceGroups/System.redmond/providers/Microsoft.KeyVault.Admin/locations/redmond/infraRoles/Key Vault\",\"alertSummary\":{\"criticalAlertCount\":0,\"warningAlertCount\":0},\"healthState\":\"Healthy\"}},{\"id\":\"/subscriptions/8436efc5-b1be-4ae4-996c-861ae6c21e80/resourceGroups/System.redmond/providers/Microsoft.InfrastructureInsights.Admin/regionHealths/redmond/serviceHealths/bb58377f-3d7d-4d7f-b3b3-d433d422bf9e\",\"name\":\"redmond/bb58377f-3d7d-4d7f-b3b3-d433d422bf9e\",\"type\":\"Microsoft.InfrastructureInsights.Admin/regionHealths/serviceHealths\",\"location\":\"redmond\",\"tags\":{},\"properties\":{\"registrationId\":\"bb58377f-3d7d-4d7f-b3b3-d433d422bf9e\",\"displayName\":\"Region Management\",\"namespace\":\"Microsoft.InfrastructureInsights.Admin\",\"routePrefix\":\"/subscriptions/8436efc5-b1be-4ae4-996c-861ae6c21e80/resourceGroups/System.redmond/providers/Microsoft.InfrastructureInsights.Admin/regionHealths/redmond\",\"serviceLocation\":\"redmond\",\"infraURI\":\"/subscriptions/8436efc5-b1be-4ae4-996c-861ae6c21e80/resourceGroups/System.redmond/providers/Microsoft.InfrastructureInsights.Admin/regionHealths/redmond/infraRoles/Region Management\",\"alertSummary\":{\"criticalAlertCount\":0,\"warningAlertCount\":0},\"healthState\":\"Unknown\"}},{\"id\":\"/subscriptions/8436efc5-b1be-4ae4-996c-861ae6c21e80/resourceGroups/System.redmond/providers/Microsoft.InfrastructureInsights.Admin/regionHealths/redmond/serviceHealths/e05d3b9f-f7ce-4939-bc85-d836deb210f1\",\"name\":\"redmond/e05d3b9f-f7ce-4939-bc85-d836deb210f1\",\"type\":\"Microsoft.InfrastructureInsights.Admin/regionHealths/serviceHealths\",\"location\":\"redmond\",\"tags\":{},\"properties\":{\"registrationId\":\"e05d3b9f-f7ce-4939-bc85-d836deb210f1\",\"displayName\":\"Storage\",\"namespace\":\"Microsoft.Storage.Admin\",\"routePrefix\":\"/subscriptions/8436efc5-b1be-4ae4-996c-861ae6c21e80/resourceGroups/System.redmond/providers/Microsoft.Storage.Admin/\",\"serviceLocation\":\"redmond\",\"infraURI\":\"/subscriptions/8436efc5-b1be-4ae4-996c-861ae6c21e80/resourceGroups/System.redmond/providers/Microsoft.Storage.Admin/infraRoles/Storage\",\"alertSummary\":{\"criticalAlertCount\":0,\"warningAlertCount\":0},\"healthState\":\"Healthy\"}},{\"id\":\"/subscriptions/8436efc5-b1be-4ae4-996c-861ae6c21e80/resourceGroups/System.redmond/providers/Microsoft.InfrastructureInsights.Admin/regionHealths/redmond/serviceHealths/e56bc7b8-c8b5-4e25-b00c-4f951effb22c\",\"name\":\"redmond/e56bc7b8-c8b5-4e25-b00c-4f951effb22c\",\"type\":\"Microsoft.InfrastructureInsights.Admin/regionHealths/serviceHealths\",\"location\":\"redmond\",\"tags\":{},\"properties\":{\"registrationId\":\"e56bc7b8-c8b5-4e25-b00c-4f951effb22c\",\"displayName\":\"Capacity\",\"namespace\":\"Microsoft.Fabric.Admin\",\"routePrefix\":\"/subscriptions/8436efc5-b1be-4ae4-996c-861ae6c21e80/resourceGroups/System.redmond/providers/Microsoft.Fabric.Admin/fabricLocations/redmond\",\"serviceLocation\":\"redmond\",\"infraURI\":\"/subscriptions/8436efc5-b1be-4ae4-996c-861ae6c21e80/resourceGroups/System.redmond/providers/Microsoft.Fabric.Admin/fabricLocations/redmond/infraRoles/Capacity\",\"alertSummary\":{\"criticalAlertCount\":0,\"warningAlertCount\":0},\"healthState\":\"Healthy\"}},{\"id\":\"/subscriptions/8436efc5-b1be-4ae4-996c-861ae6c21e80/resourceGroups/System.redmond/providers/Microsoft.InfrastructureInsights.Admin/regionHealths/redmond/serviceHealths/e6930dbc-ca86-4a0c-b353-b5cbdf4375a5\",\"name\":\"redmond/e6930dbc-ca86-4a0c-b353-b5cbdf4375a5\",\"type\":\"Microsoft.InfrastructureInsights.Admin/regionHealths/serviceHealths\",\"location\":\"redmond\",\"tags\":{},\"properties\":{\"registrationId\":\"e6930dbc-ca86-4a0c-b353-b5cbdf4375a5\",\"displayName\":\"SupportBridgeResourceProvider\",\"namespace\":\"Microsoft.SupportBridge.Admin\",\"routePrefix\":\"/subscriptions/8436efc5-b1be-4ae4-996c-861ae6c21e80/resourceGroups/System.redmond/providers/Microsoft.SupportBridge.Admin/\",\"serviceLocation\":\"redmond\",\"infraURI\":\"/subscriptions/8436efc5-b1be-4ae4-996c-861ae6c21e80/resourceGroups/System.redmond/providers/Microsoft.SupportBridge.Admin/infraRoles/SupportBridgeResourceProvider\",\"alertSummary\":{\"criticalAlertCount\":0,\"warningAlertCount\":0},\"healthState\":\"Healthy\"}},{\"id\":\"/subscriptions/8436efc5-b1be-4ae4-996c-861ae6c21e80/resourceGroups/System.redmond/providers/Microsoft.InfrastructureInsights.Admin/regionHealths/redmond/serviceHealths/e9951457-d1a8-4374-9355-44c089543bf3\",\"name\":\"redmond/e9951457-d1a8-4374-9355-44c089543bf3\",\"type\":\"Microsoft.InfrastructureInsights.Admin/regionHealths/serviceHealths\",\"location\":\"redmond\",\"tags\":{},\"properties\":{\"registrationId\":\"e9951457-d1a8-4374-9355-44c089543bf3\",\"displayName\":\"Network\",\"namespace\":\"Microsoft.Network.Admin\",\"routePrefix\":\"/subscriptions/8436efc5-b1be-4ae4-996c-861ae6c21e80/resourceGroups/System.redmond/providers/Microsoft.Network.Admin/\",\"serviceLocation\":\"redmond\",\"infraURI\":\"/subscriptions/8436efc5-b1be-4ae4-996c-861ae6c21e80/resourceGroups/System.redmond/providers/Microsoft.Network.Admin/infraRoles/Network\",\"alertSummary\":{\"criticalAlertCount\":0,\"warningAlertCount\":0},\"healthState\":\"Healthy\"}},{\"id\":\"/subscriptions/8436efc5-b1be-4ae4-996c-861ae6c21e80/resourceGroups/System.redmond/providers/Microsoft.InfrastructureInsights.Admin/regionHealths/redmond/serviceHealths/eventhub\",\"name\":\"redmond/eventhub\",\"type\":\"Microsoft.InfrastructureInsights.Admin/regionHealths/serviceHealths\",\"location\":\"redmond\",\"tags\":{},\"properties\":{\"registrationId\":\"eventhub\",\"displayName\":\"Event Hubs\",\"namespace\":\"Microsoft.EventHub.Admin\",\"routePrefix\":\"/subscriptions/9d334843-0c6e-4bfc-b82c-cf229da3a87b/resourceGroups/System.redmond/providers/Microsoft.EventHub.Admin/\",\"serviceLocation\":\"redmond\",\"infraURI\":\"/subscriptions/9d334843-0c6e-4bfc-b82c-cf229da3a87b/resourceGroups/System.redmond/providers/Microsoft.EventHub.Admin/infraRoles/Event Hubs\",\"alertSummary\":{\"criticalAlertCount\":0,\"warningAlertCount\":0},\"healthState\":\"Healthy\"}}]}"
    }
  },
  "AzsServiceHealths+[NoContext]+TestGetServiceHealth+$GET+https://management.azure.com/subscriptions/8436efc5-b1be-4ae4-996c-861ae6c21e80/resourceGroups/System.redmond/providers/Microsoft.InfrastructureInsights.Admin/regionHealths/redmond?api-version=2016-05-01+1": {
    "Request": {
      "Method": "GET",
      "RequestUri": "https://management.azure.com/subscriptions/8436efc5-b1be-4ae4-996c-861ae6c21e80/resourceGroups/System.redmond/providers/Microsoft.InfrastructureInsights.Admin/regionHealths/redmond?api-version=2016-05-01",
      "Content": null,
      "Headers": {
        "x-ms-unique-id": [ "777" ],
        "x-ms-client-request-id": [ "6e8f894e-6eeb-42df-b9b4-0e2ddf4f13a1" ],
        "CommandName": [ "Get-AzsRegionHealth" ],
        "FullCommandName": [ "Get-AzsRegionHealth_Get" ],
        "ParameterSetName": [ "__AllParameterSets" ],
        "User-Agent": [ "AzurePowerShell/Az4.0.0-preview" ],
        "Authorization": [ "[Filtered]" ]
      },
      "ContentHeaders": {
      }
    },
    "Response": {
      "StatusCode": 200,
      "Headers": {
        "Cache-Control": [ "no-cache" ],
        "Pragma": [ "no-cache" ],
        "x-ms-correlation-request-id": [ "72ff8781-137c-4278-a156-816a89cc6277" ],
        "Server": [ "Microsoft-HTTPAPI/2.0" ],
        "WWW-Authenticate": [ "oYG3MIG0oAMKAQChCwYJKoZIgvcSAQICooGfBIGcYIGZBgkqhkiG9xIBAgICAG+BiTCBhqADAgEFoQMCAQ+iejB4oAMCARKicQRvQU39ZXe3BCzUNOH/zIvrtg27k39z8V7uV5/pR3I4oGHGYnVWxzI0P1R3GKMY7bVlmZtIrj5J/YOwC/dhYa7HUdkr5Oi4zorrhHkzU1awokQiRd87CmF2CHHkukqkTNhtOPj9SytXxcZ/05apr6bj" ],
        "x-ms-ratelimit-remaining-subscription-reads": [ "13480" ],
        "x-ms-request-id": [ "72ff8781-137c-4278-a156-816a89cc6277" ],
        "x-ms-routing-request-id": [ "redmond:20200618T010423Z:72ff8781-137c-4278-a156-816a89cc6277" ],
        "Strict-Transport-Security": [ "max-age=31536000; includeSubDomains" ],
        "X-Content-Type-Options": [ "nosniff" ],
        "Date": [ "Thu, 18 Jun 2020 01:04:23 GMT" ]
      },
      "ContentHeaders": {
        "Content-Length": [ "825" ],
        "Content-Type": [ "application/json; charset=utf-8" ],
        "Expires": [ "-1" ]
      },
      "Content": "{\"id\":\"/subscriptions/8436efc5-b1be-4ae4-996c-861ae6c21e80/resourceGroups/System.redmond/providers/Microsoft.InfrastructureInsights.Admin/regionHealths/redmond\",\"name\":\"redmond\",\"type\":\"Microsoft.InfrastructureInsights.Admin/regionHealths\",\"location\":\"redmond\",\"tags\":{},\"properties\":{\"usageMetrics\":[{\"name\":\"Physical memory\",\"metricsValue\":[{\"name\":\"Used\",\"unit\":\"GB\",\"value\":1235.6357421875},{\"name\":\"Available\",\"unit\":\"GB\",\"value\":809.1064453125}]},{\"name\":\"Physical storage\",\"metricsValue\":[{\"name\":\"Used\",\"unit\":\"TB\",\"value\":11.876260235905647},{\"name\":\"Available\",\"unit\":\"TB\",\"value\":53.6607881039381}]},{\"name\":\"Public IP address pools\",\"metricsValue\":[{\"name\":\"Used\",\"unit\":\"One\",\"value\":53.0},{\"name\":\"Available\",\"unit\":\"One\",\"value\":970.0}]}],\"alertSummary\":{\"criticalAlertCount\":0,\"warningAlertCount\":0}}}"
    }
  },
  "AzsServiceHealths+[NoContext]+TestGetServiceHealth+$GET+https://management.azure.com/subscriptions/8436efc5-b1be-4ae4-996c-861ae6c21e80/resourceGroups/System.redmond/providers/Microsoft.InfrastructureInsights.Admin/regionHealths/redmond/serviceHealths?api-version=2016-05-01+2": {
    "Request": {
      "Method": "GET",
      "RequestUri": "https://management.azure.com/subscriptions/8436efc5-b1be-4ae4-996c-861ae6c21e80/resourceGroups/System.redmond/providers/Microsoft.InfrastructureInsights.Admin/regionHealths/redmond/serviceHealths?api-version=2016-05-01",
      "Content": null,
      "Headers": {
        "x-ms-unique-id": [ "778" ],
        "x-ms-client-request-id": [ "153987fa-3d6e-4233-b3cb-5c6fed2fbfe2" ],
        "CommandName": [ "Get-AzsRPHealth" ],
        "FullCommandName": [ "Get-AzsRPHealth_List" ],
        "ParameterSetName": [ "__AllParameterSets" ],
        "User-Agent": [ "AzurePowerShell/Az4.0.0-preview" ],
        "Authorization": [ "[Filtered]" ]
      },
      "ContentHeaders": {
      }
    },
    "Response": {
      "StatusCode": 200,
      "Headers": {
        "Cache-Control": [ "no-cache" ],
        "Pragma": [ "no-cache" ],
        "x-ms-correlation-request-id": [ "cf6010df-5837-4f44-a07d-836efe2ec6a7" ],
        "Server": [ "Microsoft-HTTPAPI/2.0" ],
        "WWW-Authenticate": [ "oYG3MIG0oAMKAQChCwYJKoZIgvcSAQICooGfBIGcYIGZBgkqhkiG9xIBAgICAG+BiTCBhqADAgEFoQMCAQ+iejB4oAMCARKicQRveQeu5b0H0ejdx0jomx2uvBUCStiSFjz6V+2ep5lVvXAEJ96yyHF8w9KGLjnzEW6IQM+Mdgm4X1s1CwCZUM9GTHwqz71vNxWZaOp1NmOz0kx0QAxJZRw2AcdvvAAcw9705YmzVl6E9lpHX4NXKxab" ],
        "x-ms-ratelimit-remaining-subscription-reads": [ "13478" ],
        "x-ms-request-id": [ "cf6010df-5837-4f44-a07d-836efe2ec6a7" ],
        "x-ms-routing-request-id": [ "redmond:20200618T010424Z:cf6010df-5837-4f44-a07d-836efe2ec6a7" ],
        "Strict-Transport-Security": [ "max-age=31536000; includeSubDomains" ],
        "X-Content-Type-Options": [ "nosniff" ],
        "Date": [ "Thu, 18 Jun 2020 01:04:24 GMT" ]
      },
      "ContentHeaders": {
        "Content-Length": [ "9459" ],
        "Content-Type": [ "application/json; charset=utf-8" ],
        "Expires": [ "-1" ]
      },
      "Content": "{\"value\":[{\"id\":\"/subscriptions/8436efc5-b1be-4ae4-996c-861ae6c21e80/resourceGroups/System.redmond/providers/Microsoft.InfrastructureInsights.Admin/regionHealths/redmond/serviceHealths/3741b695-e9e3-4e44-bcc1-ea6d7af0411c\",\"name\":\"redmond/3741b695-e9e3-4e44-bcc1-ea6d7af0411c\",\"type\":\"Microsoft.InfrastructureInsights.Admin/regionHealths/serviceHealths\",\"location\":\"redmond\",\"tags\":{},\"properties\":{\"registrationId\":\"3741b695-e9e3-4e44-bcc1-ea6d7af0411c\",\"displayName\":\"Infrastructure backup\",\"namespace\":\"Microsoft.Backup.Admin\",\"routePrefix\":\"/subscriptions/8436efc5-b1be-4ae4-996c-861ae6c21e80/resourceGroups/System.redmond/providers/Microsoft.Backup.Admin/\",\"serviceLocation\":\"redmond\",\"infraURI\":\"/subscriptions/8436efc5-b1be-4ae4-996c-861ae6c21e80/resourceGroups/System.redmond/providers/Microsoft.Backup.Admin/infraRoles/Infrastructure backup\",\"alertSummary\":{\"criticalAlertCount\":0,\"warningAlertCount\":0},\"healthState\":\"Healthy\"}},{\"id\":\"/subscriptions/8436efc5-b1be-4ae4-996c-861ae6c21e80/resourceGroups/System.redmond/providers/Microsoft.InfrastructureInsights.Admin/regionHealths/redmond/serviceHealths/495eae0b-97e3-47c2-a905-1c2c42103c9b\",\"name\":\"redmond/495eae0b-97e3-47c2-a905-1c2c42103c9b\",\"type\":\"Microsoft.InfrastructureInsights.Admin/regionHealths/serviceHealths\",\"location\":\"redmond\",\"tags\":{},\"properties\":{\"registrationId\":\"495eae0b-97e3-47c2-a905-1c2c42103c9b\",\"displayName\":\"Updates\",\"namespace\":\"Microsoft.Update.Admin\",\"routePrefix\":\"/subscriptions/8436efc5-b1be-4ae4-996c-861ae6c21e80/resourceGroups/System.redmond/providers/Microsoft.Update.Admin/updateLocations/redmond\",\"serviceLocation\":\"redmond\",\"infraURI\":\"/subscriptions/8436efc5-b1be-4ae4-996c-861ae6c21e80/resourceGroups/System.redmond/providers/Microsoft.Update.Admin/updateLocations/redmond/infraRoles/Updates\",\"alertSummary\":{\"criticalAlertCount\":0,\"warningAlertCount\":0},\"healthState\":\"Unknown\"}},{\"id\":\"/subscriptions/8436efc5-b1be-4ae4-996c-861ae6c21e80/resourceGroups/System.redmond/providers/Microsoft.InfrastructureInsights.Admin/regionHealths/redmond/serviceHealths/60d9eb15-b938-44ca-9dcd-9fa35258e68f\",\"name\":\"redmond/60d9eb15-b938-44ca-9dcd-9fa35258e68f\",\"type\":\"Microsoft.InfrastructureInsights.Admin/regionHealths/serviceHealths\",\"location\":\"redmond\",\"tags\":{},\"properties\":{\"registrationId\":\"60d9eb15-b938-44ca-9dcd-9fa35258e68f\",\"displayName\":\"Compute\",\"namespace\":\"Microsoft.Compute.Admin\",\"routePrefix\":\"/subscriptions/8436efc5-b1be-4ae4-996c-861ae6c21e80/resourceGroups/System.redmond/providers/Microsoft.Compute.Admin/\",\"serviceLocation\":\"redmond\",\"infraURI\":\"/subscriptions/8436efc5-b1be-4ae4-996c-861ae6c21e80/resourceGroups/System.redmond/providers/Microsoft.Compute.Admin/infraRoles/Compute\",\"alertSummary\":{\"criticalAlertCount\":0,\"warningAlertCount\":0},\"healthState\":\"Healthy\"}},{\"id\":\"/subscriptions/8436efc5-b1be-4ae4-996c-861ae6c21e80/resourceGroups/System.redmond/providers/Microsoft.InfrastructureInsights.Admin/regionHealths/redmond/serviceHealths/a0439443-b6d0-450f-8df0-c445cd308545\",\"name\":\"redmond/a0439443-b6d0-450f-8df0-c445cd308545\",\"type\":\"Microsoft.InfrastructureInsights.Admin/regionHealths/serviceHealths\",\"location\":\"redmond\",\"tags\":{},\"properties\":{\"registrationId\":\"a0439443-b6d0-450f-8df0-c445cd308545\",\"displayName\":\"Key Vault\",\"namespace\":\"Microsoft.KeyVault.Admin\",\"routePrefix\":\"/subscriptions/8436efc5-b1be-4ae4-996c-861ae6c21e80/resourceGroups/System.redmond/providers/Microsoft.KeyVault.Admin/locations/redmond\",\"serviceLocation\":\"redmond\",\"infraURI\":\"/subscriptions/8436efc5-b1be-4ae4-996c-861ae6c21e80/resourceGroups/System.redmond/providers/Microsoft.KeyVault.Admin/locations/redmond/infraRoles/Key Vault\",\"alertSummary\":{\"criticalAlertCount\":0,\"warningAlertCount\":0},\"healthState\":\"Healthy\"}},{\"id\":\"/subscriptions/8436efc5-b1be-4ae4-996c-861ae6c21e80/resourceGroups/System.redmond/providers/Microsoft.InfrastructureInsights.Admin/regionHealths/redmond/serviceHealths/bb58377f-3d7d-4d7f-b3b3-d433d422bf9e\",\"name\":\"redmond/bb58377f-3d7d-4d7f-b3b3-d433d422bf9e\",\"type\":\"Microsoft.InfrastructureInsights.Admin/regionHealths/serviceHealths\",\"location\":\"redmond\",\"tags\":{},\"properties\":{\"registrationId\":\"bb58377f-3d7d-4d7f-b3b3-d433d422bf9e\",\"displayName\":\"Region Management\",\"namespace\":\"Microsoft.InfrastructureInsights.Admin\",\"routePrefix\":\"/subscriptions/8436efc5-b1be-4ae4-996c-861ae6c21e80/resourceGroups/System.redmond/providers/Microsoft.InfrastructureInsights.Admin/regionHealths/redmond\",\"serviceLocation\":\"redmond\",\"infraURI\":\"/subscriptions/8436efc5-b1be-4ae4-996c-861ae6c21e80/resourceGroups/System.redmond/providers/Microsoft.InfrastructureInsights.Admin/regionHealths/redmond/infraRoles/Region Management\",\"alertSummary\":{\"criticalAlertCount\":0,\"warningAlertCount\":0},\"healthState\":\"Unknown\"}},{\"id\":\"/subscriptions/8436efc5-b1be-4ae4-996c-861ae6c21e80/resourceGroups/System.redmond/providers/Microsoft.InfrastructureInsights.Admin/regionHealths/redmond/serviceHealths/e05d3b9f-f7ce-4939-bc85-d836deb210f1\",\"name\":\"redmond/e05d3b9f-f7ce-4939-bc85-d836deb210f1\",\"type\":\"Microsoft.InfrastructureInsights.Admin/regionHealths/serviceHealths\",\"location\":\"redmond\",\"tags\":{},\"properties\":{\"registrationId\":\"e05d3b9f-f7ce-4939-bc85-d836deb210f1\",\"displayName\":\"Storage\",\"namespace\":\"Microsoft.Storage.Admin\",\"routePrefix\":\"/subscriptions/8436efc5-b1be-4ae4-996c-861ae6c21e80/resourceGroups/System.redmond/providers/Microsoft.Storage.Admin/\",\"serviceLocation\":\"redmond\",\"infraURI\":\"/subscriptions/8436efc5-b1be-4ae4-996c-861ae6c21e80/resourceGroups/System.redmond/providers/Microsoft.Storage.Admin/infraRoles/Storage\",\"alertSummary\":{\"criticalAlertCount\":0,\"warningAlertCount\":0},\"healthState\":\"Healthy\"}},{\"id\":\"/subscriptions/8436efc5-b1be-4ae4-996c-861ae6c21e80/resourceGroups/System.redmond/providers/Microsoft.InfrastructureInsights.Admin/regionHealths/redmond/serviceHealths/e56bc7b8-c8b5-4e25-b00c-4f951effb22c\",\"name\":\"redmond/e56bc7b8-c8b5-4e25-b00c-4f951effb22c\",\"type\":\"Microsoft.InfrastructureInsights.Admin/regionHealths/serviceHealths\",\"location\":\"redmond\",\"tags\":{},\"properties\":{\"registrationId\":\"e56bc7b8-c8b5-4e25-b00c-4f951effb22c\",\"displayName\":\"Capacity\",\"namespace\":\"Microsoft.Fabric.Admin\",\"routePrefix\":\"/subscriptions/8436efc5-b1be-4ae4-996c-861ae6c21e80/resourceGroups/System.redmond/providers/Microsoft.Fabric.Admin/fabricLocations/redmond\",\"serviceLocation\":\"redmond\",\"infraURI\":\"/subscriptions/8436efc5-b1be-4ae4-996c-861ae6c21e80/resourceGroups/System.redmond/providers/Microsoft.Fabric.Admin/fabricLocations/redmond/infraRoles/Capacity\",\"alertSummary\":{\"criticalAlertCount\":0,\"warningAlertCount\":0},\"healthState\":\"Healthy\"}},{\"id\":\"/subscriptions/8436efc5-b1be-4ae4-996c-861ae6c21e80/resourceGroups/System.redmond/providers/Microsoft.InfrastructureInsights.Admin/regionHealths/redmond/serviceHealths/e6930dbc-ca86-4a0c-b353-b5cbdf4375a5\",\"name\":\"redmond/e6930dbc-ca86-4a0c-b353-b5cbdf4375a5\",\"type\":\"Microsoft.InfrastructureInsights.Admin/regionHealths/serviceHealths\",\"location\":\"redmond\",\"tags\":{},\"properties\":{\"registrationId\":\"e6930dbc-ca86-4a0c-b353-b5cbdf4375a5\",\"displayName\":\"SupportBridgeResourceProvider\",\"namespace\":\"Microsoft.SupportBridge.Admin\",\"routePrefix\":\"/subscriptions/8436efc5-b1be-4ae4-996c-861ae6c21e80/resourceGroups/System.redmond/providers/Microsoft.SupportBridge.Admin/\",\"serviceLocation\":\"redmond\",\"infraURI\":\"/subscriptions/8436efc5-b1be-4ae4-996c-861ae6c21e80/resourceGroups/System.redmond/providers/Microsoft.SupportBridge.Admin/infraRoles/SupportBridgeResourceProvider\",\"alertSummary\":{\"criticalAlertCount\":0,\"warningAlertCount\":0},\"healthState\":\"Healthy\"}},{\"id\":\"/subscriptions/8436efc5-b1be-4ae4-996c-861ae6c21e80/resourceGroups/System.redmond/providers/Microsoft.InfrastructureInsights.Admin/regionHealths/redmond/serviceHealths/e9951457-d1a8-4374-9355-44c089543bf3\",\"name\":\"redmond/e9951457-d1a8-4374-9355-44c089543bf3\",\"type\":\"Microsoft.InfrastructureInsights.Admin/regionHealths/serviceHealths\",\"location\":\"redmond\",\"tags\":{},\"properties\":{\"registrationId\":\"e9951457-d1a8-4374-9355-44c089543bf3\",\"displayName\":\"Network\",\"namespace\":\"Microsoft.Network.Admin\",\"routePrefix\":\"/subscriptions/8436efc5-b1be-4ae4-996c-861ae6c21e80/resourceGroups/System.redmond/providers/Microsoft.Network.Admin/\",\"serviceLocation\":\"redmond\",\"infraURI\":\"/subscriptions/8436efc5-b1be-4ae4-996c-861ae6c21e80/resourceGroups/System.redmond/providers/Microsoft.Network.Admin/infraRoles/Network\",\"alertSummary\":{\"criticalAlertCount\":0,\"warningAlertCount\":0},\"healthState\":\"Healthy\"}},{\"id\":\"/subscriptions/8436efc5-b1be-4ae4-996c-861ae6c21e80/resourceGroups/System.redmond/providers/Microsoft.InfrastructureInsights.Admin/regionHealths/redmond/serviceHealths/eventhub\",\"name\":\"redmond/eventhub\",\"type\":\"Microsoft.InfrastructureInsights.Admin/regionHealths/serviceHealths\",\"location\":\"redmond\",\"tags\":{},\"properties\":{\"registrationId\":\"eventhub\",\"displayName\":\"Event Hubs\",\"namespace\":\"Microsoft.EventHub.Admin\",\"routePrefix\":\"/subscriptions/9d334843-0c6e-4bfc-b82c-cf229da3a87b/resourceGroups/System.redmond/providers/Microsoft.EventHub.Admin/\",\"serviceLocation\":\"redmond\",\"infraURI\":\"/subscriptions/9d334843-0c6e-4bfc-b82c-cf229da3a87b/resourceGroups/System.redmond/providers/Microsoft.EventHub.Admin/infraRoles/Event Hubs\",\"alertSummary\":{\"criticalAlertCount\":0,\"warningAlertCount\":0},\"healthState\":\"Healthy\"}}]}"
    }
  },
  "AzsServiceHealths+[NoContext]+TestGetServiceHealth+$GET+https://management.azure.com/subscriptions/8436efc5-b1be-4ae4-996c-861ae6c21e80/resourceGroups/System.redmond/providers/Microsoft.InfrastructureInsights.Admin/regionHealths/redmond/serviceHealths/3741b695-e9e3-4e44-bcc1-ea6d7af0411c?api-version=2016-05-01+3": {
    "Request": {
      "Method": "GET",
      "RequestUri": "https://management.azure.com/subscriptions/8436efc5-b1be-4ae4-996c-861ae6c21e80/resourceGroups/System.redmond/providers/Microsoft.InfrastructureInsights.Admin/regionHealths/redmond/serviceHealths/3741b695-e9e3-4e44-bcc1-ea6d7af0411c?api-version=2016-05-01",
      "Content": null,
      "Headers": {
        "x-ms-unique-id": [ "779" ],
        "x-ms-client-request-id": [ "be30fc5a-2d22-43dc-9107-50eecc8621c5" ],
        "CommandName": [ "Get-AzsRPHealth" ],
        "FullCommandName": [ "Get-AzsRPHealth_Get" ],
        "ParameterSetName": [ "__AllParameterSets" ],
        "User-Agent": [ "AzurePowerShell/Az4.0.0-preview" ],
        "Authorization": [ "[Filtered]" ]
      },
      "ContentHeaders": {
      }
    },
    "Response": {
      "StatusCode": 200,
      "Headers": {
        "Cache-Control": [ "no-cache" ],
        "Pragma": [ "no-cache" ],
        "x-ms-correlation-request-id": [ "e181afe2-5363-433c-8105-3f40b9a8ec1a" ],
        "Server": [ "Microsoft-HTTPAPI/2.0" ],
        "WWW-Authenticate": [ "oYG3MIG0oAMKAQChCwYJKoZIgvcSAQICooGfBIGcYIGZBgkqhkiG9xIBAgICAG+BiTCBhqADAgEFoQMCAQ+iejB4oAMCARKicQRvarjMixc5k3I94Kaccf5aCJ8lkcLEZPwMfKhquNj8upd85wFUZfqBkFRre4Mt8XpEr/3RbGgMBCcm/rpB62MW8D4ItUC6ELIiNme7uZquncEUjZ9fdk2+j0d89aBQeflziR6ljya5pprLYK2a7k3B" ],
        "x-ms-ratelimit-remaining-subscription-reads": [ "13476" ],
        "x-ms-request-id": [ "e181afe2-5363-433c-8105-3f40b9a8ec1a" ],
        "x-ms-routing-request-id": [ "redmond:20200618T010426Z:e181afe2-5363-433c-8105-3f40b9a8ec1a" ],
        "Strict-Transport-Security": [ "max-age=31536000; includeSubDomains" ],
        "X-Content-Type-Options": [ "nosniff" ],
        "Date": [ "Thu, 18 Jun 2020 01:04:26 GMT" ]
      },
      "ContentHeaders": {
        "Content-Length": [ "942" ],
        "Content-Type": [ "application/json; charset=utf-8" ],
        "Expires": [ "-1" ]
      },
      "Content": "{\"id\":\"/subscriptions/8436efc5-b1be-4ae4-996c-861ae6c21e80/resourceGroups/System.redmond/providers/Microsoft.InfrastructureInsights.Admin/regionHealths/redmond/serviceHealths/3741b695-e9e3-4e44-bcc1-ea6d7af0411c\",\"name\":\"redmond/3741b695-e9e3-4e44-bcc1-ea6d7af0411c\",\"type\":\"Microsoft.InfrastructureInsights.Admin/regionHealths/serviceHealths\",\"location\":\"redmond\",\"tags\":{},\"properties\":{\"registrationId\":\"3741b695-e9e3-4e44-bcc1-ea6d7af0411c\",\"displayName\":\"Infrastructure backup\",\"namespace\":\"Microsoft.Backup.Admin\",\"routePrefix\":\"/subscriptions/8436efc5-b1be-4ae4-996c-861ae6c21e80/resourceGroups/System.redmond/providers/Microsoft.Backup.Admin/\",\"serviceLocation\":\"redmond\",\"infraURI\":\"/subscriptions/8436efc5-b1be-4ae4-996c-861ae6c21e80/resourceGroups/System.redmond/providers/Microsoft.Backup.Admin/infraRoles/Infrastructure backup\",\"alertSummary\":{\"criticalAlertCount\":0,\"warningAlertCount\":0},\"healthState\":\"Healthy\"}}"
    }
  },
  "AzsServiceHealths+[NoContext]+TestGetAllServiceHealths+$GET+https://management.azure.com/subscriptions/8436efc5-b1be-4ae4-996c-861ae6c21e80/resourceGroups/System.redmond/providers/Microsoft.InfrastructureInsights.Admin/regionHealths/redmond?api-version=2016-05-01+1": {
    "Request": {
      "Method": "GET",
      "RequestUri": "https://management.azure.com/subscriptions/8436efc5-b1be-4ae4-996c-861ae6c21e80/resourceGroups/System.redmond/providers/Microsoft.InfrastructureInsights.Admin/regionHealths/redmond?api-version=2016-05-01",
      "Content": null,
      "Headers": {
        "x-ms-unique-id": [ "792" ],
        "x-ms-client-request-id": [ "acd28656-69dc-4757-a8b9-4ea6f8b27e1f" ],
        "CommandName": [ "Get-AzsRegionHealth" ],
        "FullCommandName": [ "Get-AzsRegionHealth_Get" ],
        "ParameterSetName": [ "__AllParameterSets" ],
        "User-Agent": [ "AzurePowerShell/Az4.0.0-preview" ],
        "Authorization": [ "[Filtered]" ]
      },
      "ContentHeaders": {
      }
    },
    "Response": {
      "StatusCode": 200,
      "Headers": {
        "Cache-Control": [ "no-cache" ],
        "Pragma": [ "no-cache" ],
        "x-ms-correlation-request-id": [ "3a18c7b7-2f94-4c56-af53-4de35284f24b" ],
        "Server": [ "Microsoft-HTTPAPI/2.0" ],
        "WWW-Authenticate": [ "oYG3MIG0oAMKAQChCwYJKoZIgvcSAQICooGfBIGcYIGZBgkqhkiG9xIBAgICAG+BiTCBhqADAgEFoQMCAQ+iejB4oAMCARKicQRviYd14AsrB+KzVG5UlWxlsxH36uOIGggsuMI/0UXFKq9NXOUlTvHpL0tIEdIjYzTOGYvJoO2XeEWTdDbqRkqx75Zv74O7DkxWJCTcLPno6jEysBHucRqBfSJlhZjYRq6e8J8s0Ooun42+QI/ujU6x" ],
        "x-ms-ratelimit-remaining-subscription-reads": [ "13446" ],
        "x-ms-request-id": [ "3a18c7b7-2f94-4c56-af53-4de35284f24b" ],
        "x-ms-routing-request-id": [ "redmond:20200618T010449Z:3a18c7b7-2f94-4c56-af53-4de35284f24b" ],
        "Strict-Transport-Security": [ "max-age=31536000; includeSubDomains" ],
        "X-Content-Type-Options": [ "nosniff" ],
        "Date": [ "Thu, 18 Jun 2020 01:04:48 GMT" ]
      },
      "ContentHeaders": {
        "Content-Length": [ "825" ],
        "Content-Type": [ "application/json; charset=utf-8" ],
        "Expires": [ "-1" ]
      },
      "Content": "{\"id\":\"/subscriptions/8436efc5-b1be-4ae4-996c-861ae6c21e80/resourceGroups/System.redmond/providers/Microsoft.InfrastructureInsights.Admin/regionHealths/redmond\",\"name\":\"redmond\",\"type\":\"Microsoft.InfrastructureInsights.Admin/regionHealths\",\"location\":\"redmond\",\"tags\":{},\"properties\":{\"usageMetrics\":[{\"name\":\"Physical memory\",\"metricsValue\":[{\"name\":\"Used\",\"unit\":\"GB\",\"value\":1235.6357421875},{\"name\":\"Available\",\"unit\":\"GB\",\"value\":809.1064453125}]},{\"name\":\"Physical storage\",\"metricsValue\":[{\"name\":\"Used\",\"unit\":\"TB\",\"value\":11.876260235905647},{\"name\":\"Available\",\"unit\":\"TB\",\"value\":53.6607881039381}]},{\"name\":\"Public IP address pools\",\"metricsValue\":[{\"name\":\"Used\",\"unit\":\"One\",\"value\":53.0},{\"name\":\"Available\",\"unit\":\"One\",\"value\":970.0}]}],\"alertSummary\":{\"criticalAlertCount\":0,\"warningAlertCount\":0}}}"
    }
  },
  "AzsServiceHealths+[NoContext]+TestGetAllServiceHealths+$GET+https://management.azure.com/subscriptions/8436efc5-b1be-4ae4-996c-861ae6c21e80/resourceGroups/System.redmond/providers/Microsoft.InfrastructureInsights.Admin/regionHealths/redmond/serviceHealths?api-version=2016-05-01+2": {
    "Request": {
      "Method": "GET",
      "RequestUri": "https://management.azure.com/subscriptions/8436efc5-b1be-4ae4-996c-861ae6c21e80/resourceGroups/System.redmond/providers/Microsoft.InfrastructureInsights.Admin/regionHealths/redmond/serviceHealths?api-version=2016-05-01",
      "Content": null,
      "Headers": {
        "x-ms-unique-id": [ "793" ],
        "x-ms-client-request-id": [ "9cc641a2-1d3a-4e4e-b986-0622c247a09f" ],
        "CommandName": [ "Get-AzsRPHealth" ],
        "FullCommandName": [ "Get-AzsRPHealth_List" ],
        "ParameterSetName": [ "__AllParameterSets" ],
        "User-Agent": [ "AzurePowerShell/Az4.0.0-preview" ],
        "Authorization": [ "[Filtered]" ]
      },
      "ContentHeaders": {
      }
    },
    "Response": {
      "StatusCode": 200,
      "Headers": {
        "Cache-Control": [ "no-cache" ],
        "Pragma": [ "no-cache" ],
        "x-ms-correlation-request-id": [ "49545648-e051-4731-83fd-2392c1800fb1" ],
        "Server": [ "Microsoft-HTTPAPI/2.0" ],
        "WWW-Authenticate": [ "oYG3MIG0oAMKAQChCwYJKoZIgvcSAQICooGfBIGcYIGZBgkqhkiG9xIBAgICAG+BiTCBhqADAgEFoQMCAQ+iejB4oAMCARKicQRv7LcDe+UbKG1yVtNQ5ZO7xaKCOS6vYT7MfjNn3UftCkd25RGczIpg0FFNgioDhanrSCT1R3p0GlrMUfc2x/tEx4pPVyRgiQjYj9Srp0J6x0orfolo9RBoyIaxe2vI1C6cJAqm6cIN42euInxAzwZN" ],
        "x-ms-ratelimit-remaining-subscription-reads": [ "13444" ],
        "x-ms-request-id": [ "49545648-e051-4731-83fd-2392c1800fb1" ],
        "x-ms-routing-request-id": [ "redmond:20200618T010452Z:49545648-e051-4731-83fd-2392c1800fb1" ],
        "Strict-Transport-Security": [ "max-age=31536000; includeSubDomains" ],
        "X-Content-Type-Options": [ "nosniff" ],
        "Date": [ "Thu, 18 Jun 2020 01:04:52 GMT" ]
      },
      "ContentHeaders": {
        "Content-Length": [ "9459" ],
        "Content-Type": [ "application/json; charset=utf-8" ],
        "Expires": [ "-1" ]
      },
      "Content": "{\"value\":[{\"id\":\"/subscriptions/8436efc5-b1be-4ae4-996c-861ae6c21e80/resourceGroups/System.redmond/providers/Microsoft.InfrastructureInsights.Admin/regionHealths/redmond/serviceHealths/3741b695-e9e3-4e44-bcc1-ea6d7af0411c\",\"name\":\"redmond/3741b695-e9e3-4e44-bcc1-ea6d7af0411c\",\"type\":\"Microsoft.InfrastructureInsights.Admin/regionHealths/serviceHealths\",\"location\":\"redmond\",\"tags\":{},\"properties\":{\"registrationId\":\"3741b695-e9e3-4e44-bcc1-ea6d7af0411c\",\"displayName\":\"Infrastructure backup\",\"namespace\":\"Microsoft.Backup.Admin\",\"routePrefix\":\"/subscriptions/8436efc5-b1be-4ae4-996c-861ae6c21e80/resourceGroups/System.redmond/providers/Microsoft.Backup.Admin/\",\"serviceLocation\":\"redmond\",\"infraURI\":\"/subscriptions/8436efc5-b1be-4ae4-996c-861ae6c21e80/resourceGroups/System.redmond/providers/Microsoft.Backup.Admin/infraRoles/Infrastructure backup\",\"alertSummary\":{\"criticalAlertCount\":0,\"warningAlertCount\":0},\"healthState\":\"Healthy\"}},{\"id\":\"/subscriptions/8436efc5-b1be-4ae4-996c-861ae6c21e80/resourceGroups/System.redmond/providers/Microsoft.InfrastructureInsights.Admin/regionHealths/redmond/serviceHealths/495eae0b-97e3-47c2-a905-1c2c42103c9b\",\"name\":\"redmond/495eae0b-97e3-47c2-a905-1c2c42103c9b\",\"type\":\"Microsoft.InfrastructureInsights.Admin/regionHealths/serviceHealths\",\"location\":\"redmond\",\"tags\":{},\"properties\":{\"registrationId\":\"495eae0b-97e3-47c2-a905-1c2c42103c9b\",\"displayName\":\"Updates\",\"namespace\":\"Microsoft.Update.Admin\",\"routePrefix\":\"/subscriptions/8436efc5-b1be-4ae4-996c-861ae6c21e80/resourceGroups/System.redmond/providers/Microsoft.Update.Admin/updateLocations/redmond\",\"serviceLocation\":\"redmond\",\"infraURI\":\"/subscriptions/8436efc5-b1be-4ae4-996c-861ae6c21e80/resourceGroups/System.redmond/providers/Microsoft.Update.Admin/updateLocations/redmond/infraRoles/Updates\",\"alertSummary\":{\"criticalAlertCount\":0,\"warningAlertCount\":0},\"healthState\":\"Unknown\"}},{\"id\":\"/subscriptions/8436efc5-b1be-4ae4-996c-861ae6c21e80/resourceGroups/System.redmond/providers/Microsoft.InfrastructureInsights.Admin/regionHealths/redmond/serviceHealths/60d9eb15-b938-44ca-9dcd-9fa35258e68f\",\"name\":\"redmond/60d9eb15-b938-44ca-9dcd-9fa35258e68f\",\"type\":\"Microsoft.InfrastructureInsights.Admin/regionHealths/serviceHealths\",\"location\":\"redmond\",\"tags\":{},\"properties\":{\"registrationId\":\"60d9eb15-b938-44ca-9dcd-9fa35258e68f\",\"displayName\":\"Compute\",\"namespace\":\"Microsoft.Compute.Admin\",\"routePrefix\":\"/subscriptions/8436efc5-b1be-4ae4-996c-861ae6c21e80/resourceGroups/System.redmond/providers/Microsoft.Compute.Admin/\",\"serviceLocation\":\"redmond\",\"infraURI\":\"/subscriptions/8436efc5-b1be-4ae4-996c-861ae6c21e80/resourceGroups/System.redmond/providers/Microsoft.Compute.Admin/infraRoles/Compute\",\"alertSummary\":{\"criticalAlertCount\":0,\"warningAlertCount\":0},\"healthState\":\"Healthy\"}},{\"id\":\"/subscriptions/8436efc5-b1be-4ae4-996c-861ae6c21e80/resourceGroups/System.redmond/providers/Microsoft.InfrastructureInsights.Admin/regionHealths/redmond/serviceHealths/a0439443-b6d0-450f-8df0-c445cd308545\",\"name\":\"redmond/a0439443-b6d0-450f-8df0-c445cd308545\",\"type\":\"Microsoft.InfrastructureInsights.Admin/regionHealths/serviceHealths\",\"location\":\"redmond\",\"tags\":{},\"properties\":{\"registrationId\":\"a0439443-b6d0-450f-8df0-c445cd308545\",\"displayName\":\"Key Vault\",\"namespace\":\"Microsoft.KeyVault.Admin\",\"routePrefix\":\"/subscriptions/8436efc5-b1be-4ae4-996c-861ae6c21e80/resourceGroups/System.redmond/providers/Microsoft.KeyVault.Admin/locations/redmond\",\"serviceLocation\":\"redmond\",\"infraURI\":\"/subscriptions/8436efc5-b1be-4ae4-996c-861ae6c21e80/resourceGroups/System.redmond/providers/Microsoft.KeyVault.Admin/locations/redmond/infraRoles/Key Vault\",\"alertSummary\":{\"criticalAlertCount\":0,\"warningAlertCount\":0},\"healthState\":\"Healthy\"}},{\"id\":\"/subscriptions/8436efc5-b1be-4ae4-996c-861ae6c21e80/resourceGroups/System.redmond/providers/Microsoft.InfrastructureInsights.Admin/regionHealths/redmond/serviceHealths/bb58377f-3d7d-4d7f-b3b3-d433d422bf9e\",\"name\":\"redmond/bb58377f-3d7d-4d7f-b3b3-d433d422bf9e\",\"type\":\"Microsoft.InfrastructureInsights.Admin/regionHealths/serviceHealths\",\"location\":\"redmond\",\"tags\":{},\"properties\":{\"registrationId\":\"bb58377f-3d7d-4d7f-b3b3-d433d422bf9e\",\"displayName\":\"Region Management\",\"namespace\":\"Microsoft.InfrastructureInsights.Admin\",\"routePrefix\":\"/subscriptions/8436efc5-b1be-4ae4-996c-861ae6c21e80/resourceGroups/System.redmond/providers/Microsoft.InfrastructureInsights.Admin/regionHealths/redmond\",\"serviceLocation\":\"redmond\",\"infraURI\":\"/subscriptions/8436efc5-b1be-4ae4-996c-861ae6c21e80/resourceGroups/System.redmond/providers/Microsoft.InfrastructureInsights.Admin/regionHealths/redmond/infraRoles/Region Management\",\"alertSummary\":{\"criticalAlertCount\":0,\"warningAlertCount\":0},\"healthState\":\"Unknown\"}},{\"id\":\"/subscriptions/8436efc5-b1be-4ae4-996c-861ae6c21e80/resourceGroups/System.redmond/providers/Microsoft.InfrastructureInsights.Admin/regionHealths/redmond/serviceHealths/e05d3b9f-f7ce-4939-bc85-d836deb210f1\",\"name\":\"redmond/e05d3b9f-f7ce-4939-bc85-d836deb210f1\",\"type\":\"Microsoft.InfrastructureInsights.Admin/regionHealths/serviceHealths\",\"location\":\"redmond\",\"tags\":{},\"properties\":{\"registrationId\":\"e05d3b9f-f7ce-4939-bc85-d836deb210f1\",\"displayName\":\"Storage\",\"namespace\":\"Microsoft.Storage.Admin\",\"routePrefix\":\"/subscriptions/8436efc5-b1be-4ae4-996c-861ae6c21e80/resourceGroups/System.redmond/providers/Microsoft.Storage.Admin/\",\"serviceLocation\":\"redmond\",\"infraURI\":\"/subscriptions/8436efc5-b1be-4ae4-996c-861ae6c21e80/resourceGroups/System.redmond/providers/Microsoft.Storage.Admin/infraRoles/Storage\",\"alertSummary\":{\"criticalAlertCount\":0,\"warningAlertCount\":0},\"healthState\":\"Healthy\"}},{\"id\":\"/subscriptions/8436efc5-b1be-4ae4-996c-861ae6c21e80/resourceGroups/System.redmond/providers/Microsoft.InfrastructureInsights.Admin/regionHealths/redmond/serviceHealths/e56bc7b8-c8b5-4e25-b00c-4f951effb22c\",\"name\":\"redmond/e56bc7b8-c8b5-4e25-b00c-4f951effb22c\",\"type\":\"Microsoft.InfrastructureInsights.Admin/regionHealths/serviceHealths\",\"location\":\"redmond\",\"tags\":{},\"properties\":{\"registrationId\":\"e56bc7b8-c8b5-4e25-b00c-4f951effb22c\",\"displayName\":\"Capacity\",\"namespace\":\"Microsoft.Fabric.Admin\",\"routePrefix\":\"/subscriptions/8436efc5-b1be-4ae4-996c-861ae6c21e80/resourceGroups/System.redmond/providers/Microsoft.Fabric.Admin/fabricLocations/redmond\",\"serviceLocation\":\"redmond\",\"infraURI\":\"/subscriptions/8436efc5-b1be-4ae4-996c-861ae6c21e80/resourceGroups/System.redmond/providers/Microsoft.Fabric.Admin/fabricLocations/redmond/infraRoles/Capacity\",\"alertSummary\":{\"criticalAlertCount\":0,\"warningAlertCount\":0},\"healthState\":\"Healthy\"}},{\"id\":\"/subscriptions/8436efc5-b1be-4ae4-996c-861ae6c21e80/resourceGroups/System.redmond/providers/Microsoft.InfrastructureInsights.Admin/regionHealths/redmond/serviceHealths/e6930dbc-ca86-4a0c-b353-b5cbdf4375a5\",\"name\":\"redmond/e6930dbc-ca86-4a0c-b353-b5cbdf4375a5\",\"type\":\"Microsoft.InfrastructureInsights.Admin/regionHealths/serviceHealths\",\"location\":\"redmond\",\"tags\":{},\"properties\":{\"registrationId\":\"e6930dbc-ca86-4a0c-b353-b5cbdf4375a5\",\"displayName\":\"SupportBridgeResourceProvider\",\"namespace\":\"Microsoft.SupportBridge.Admin\",\"routePrefix\":\"/subscriptions/8436efc5-b1be-4ae4-996c-861ae6c21e80/resourceGroups/System.redmond/providers/Microsoft.SupportBridge.Admin/\",\"serviceLocation\":\"redmond\",\"infraURI\":\"/subscriptions/8436efc5-b1be-4ae4-996c-861ae6c21e80/resourceGroups/System.redmond/providers/Microsoft.SupportBridge.Admin/infraRoles/SupportBridgeResourceProvider\",\"alertSummary\":{\"criticalAlertCount\":0,\"warningAlertCount\":0},\"healthState\":\"Healthy\"}},{\"id\":\"/subscriptions/8436efc5-b1be-4ae4-996c-861ae6c21e80/resourceGroups/System.redmond/providers/Microsoft.InfrastructureInsights.Admin/regionHealths/redmond/serviceHealths/e9951457-d1a8-4374-9355-44c089543bf3\",\"name\":\"redmond/e9951457-d1a8-4374-9355-44c089543bf3\",\"type\":\"Microsoft.InfrastructureInsights.Admin/regionHealths/serviceHealths\",\"location\":\"redmond\",\"tags\":{},\"properties\":{\"registrationId\":\"e9951457-d1a8-4374-9355-44c089543bf3\",\"displayName\":\"Network\",\"namespace\":\"Microsoft.Network.Admin\",\"routePrefix\":\"/subscriptions/8436efc5-b1be-4ae4-996c-861ae6c21e80/resourceGroups/System.redmond/providers/Microsoft.Network.Admin/\",\"serviceLocation\":\"redmond\",\"infraURI\":\"/subscriptions/8436efc5-b1be-4ae4-996c-861ae6c21e80/resourceGroups/System.redmond/providers/Microsoft.Network.Admin/infraRoles/Network\",\"alertSummary\":{\"criticalAlertCount\":0,\"warningAlertCount\":0},\"healthState\":\"Healthy\"}},{\"id\":\"/subscriptions/8436efc5-b1be-4ae4-996c-861ae6c21e80/resourceGroups/System.redmond/providers/Microsoft.InfrastructureInsights.Admin/regionHealths/redmond/serviceHealths/eventhub\",\"name\":\"redmond/eventhub\",\"type\":\"Microsoft.InfrastructureInsights.Admin/regionHealths/serviceHealths\",\"location\":\"redmond\",\"tags\":{},\"properties\":{\"registrationId\":\"eventhub\",\"displayName\":\"Event Hubs\",\"namespace\":\"Microsoft.EventHub.Admin\",\"routePrefix\":\"/subscriptions/9d334843-0c6e-4bfc-b82c-cf229da3a87b/resourceGroups/System.redmond/providers/Microsoft.EventHub.Admin/\",\"serviceLocation\":\"redmond\",\"infraURI\":\"/subscriptions/9d334843-0c6e-4bfc-b82c-cf229da3a87b/resourceGroups/System.redmond/providers/Microsoft.EventHub.Admin/infraRoles/Event Hubs\",\"alertSummary\":{\"criticalAlertCount\":0,\"warningAlertCount\":0},\"healthState\":\"Healthy\"}}]}"
    }
  },
  "AzsServiceHealths+[NoContext]+TestGetAllServiceHealths+$GET+https://management.azure.com/subscriptions/8436efc5-b1be-4ae4-996c-861ae6c21e80/resourceGroups/System.redmond/providers/Microsoft.InfrastructureInsights.Admin/regionHealths/redmond/serviceHealths/3741b695-e9e3-4e44-bcc1-ea6d7af0411c?api-version=2016-05-01+3": {
    "Request": {
      "Method": "GET",
      "RequestUri": "https://management.azure.com/subscriptions/8436efc5-b1be-4ae4-996c-861ae6c21e80/resourceGroups/System.redmond/providers/Microsoft.InfrastructureInsights.Admin/regionHealths/redmond/serviceHealths/3741b695-e9e3-4e44-bcc1-ea6d7af0411c?api-version=2016-05-01",
      "Content": null,
      "Headers": {
        "x-ms-unique-id": [ "794" ],
        "x-ms-client-request-id": [ "4b857279-4a47-4f03-84b2-4d2d76bfff71" ],
        "CommandName": [ "Get-AzsRPHealth" ],
        "FullCommandName": [ "Get-AzsRPHealth_GetViaIdentity" ],
        "ParameterSetName": [ "__AllParameterSets" ],
        "User-Agent": [ "AzurePowerShell/Az4.0.0-preview" ],
        "Authorization": [ "[Filtered]" ]
      },
      "ContentHeaders": {
      }
    },
    "Response": {
      "StatusCode": 200,
      "Headers": {
        "Cache-Control": [ "no-cache" ],
        "Pragma": [ "no-cache" ],
        "x-ms-correlation-request-id": [ "e12a6637-eea7-4054-8346-e80ae3449e0b" ],
        "Server": [ "Microsoft-HTTPAPI/2.0" ],
        "WWW-Authenticate": [ "oYG3MIG0oAMKAQChCwYJKoZIgvcSAQICooGfBIGcYIGZBgkqhkiG9xIBAgICAG+BiTCBhqADAgEFoQMCAQ+iejB4oAMCARKicQRv7g3nXZqb0Q5109RgIOdNH2joBEhouCBnMF3lZlWkwlHPIBc999VKC9/TMYTUlH7/u77aqiBLkph8jPUTON9TDvF3Rr0UPzw/MGQPI+9cVMBEb438eBbfF3Kuk0j37zszipY8agJbl4AYIISjJrhF" ],
        "x-ms-ratelimit-remaining-subscription-reads": [ "13443" ],
        "x-ms-request-id": [ "e12a6637-eea7-4054-8346-e80ae3449e0b" ],
        "x-ms-routing-request-id": [ "redmond:20200618T010452Z:e12a6637-eea7-4054-8346-e80ae3449e0b" ],
        "Strict-Transport-Security": [ "max-age=31536000; includeSubDomains" ],
        "X-Content-Type-Options": [ "nosniff" ],
        "Date": [ "Thu, 18 Jun 2020 01:04:52 GMT" ]
      },
      "ContentHeaders": {
        "Content-Length": [ "942" ],
        "Content-Type": [ "application/json; charset=utf-8" ],
        "Expires": [ "-1" ]
      },
      "Content": "{\"id\":\"/subscriptions/8436efc5-b1be-4ae4-996c-861ae6c21e80/resourceGroups/System.redmond/providers/Microsoft.InfrastructureInsights.Admin/regionHealths/redmond/serviceHealths/3741b695-e9e3-4e44-bcc1-ea6d7af0411c\",\"name\":\"redmond/3741b695-e9e3-4e44-bcc1-ea6d7af0411c\",\"type\":\"Microsoft.InfrastructureInsights.Admin/regionHealths/serviceHealths\",\"location\":\"redmond\",\"tags\":{},\"properties\":{\"registrationId\":\"3741b695-e9e3-4e44-bcc1-ea6d7af0411c\",\"displayName\":\"Infrastructure backup\",\"namespace\":\"Microsoft.Backup.Admin\",\"routePrefix\":\"/subscriptions/8436efc5-b1be-4ae4-996c-861ae6c21e80/resourceGroups/System.redmond/providers/Microsoft.Backup.Admin/\",\"serviceLocation\":\"redmond\",\"infraURI\":\"/subscriptions/8436efc5-b1be-4ae4-996c-861ae6c21e80/resourceGroups/System.redmond/providers/Microsoft.Backup.Admin/infraRoles/Infrastructure backup\",\"alertSummary\":{\"criticalAlertCount\":0,\"warningAlertCount\":0},\"healthState\":\"Healthy\"}}"
    }
  },
  "AzsServiceHealths+[NoContext]+TestGetAllServiceHealths+$GET+https://management.azure.com/subscriptions/8436efc5-b1be-4ae4-996c-861ae6c21e80/resourceGroups/System.redmond/providers/Microsoft.InfrastructureInsights.Admin/regionHealths/redmond/serviceHealths/495eae0b-97e3-47c2-a905-1c2c42103c9b?api-version=2016-05-01+4": {
    "Request": {
      "Method": "GET",
      "RequestUri": "https://management.azure.com/subscriptions/8436efc5-b1be-4ae4-996c-861ae6c21e80/resourceGroups/System.redmond/providers/Microsoft.InfrastructureInsights.Admin/regionHealths/redmond/serviceHealths/495eae0b-97e3-47c2-a905-1c2c42103c9b?api-version=2016-05-01",
      "Content": null,
      "Headers": {
        "x-ms-unique-id": [ "795" ],
        "x-ms-client-request-id": [ "28389e3c-ff1b-44ea-990c-19be33958224" ],
        "CommandName": [ "Get-AzsRPHealth" ],
        "FullCommandName": [ "Get-AzsRPHealth_GetViaIdentity" ],
        "ParameterSetName": [ "__AllParameterSets" ],
        "User-Agent": [ "AzurePowerShell/Az4.0.0-preview" ],
        "Authorization": [ "[Filtered]" ]
      },
      "ContentHeaders": {
      }
    },
    "Response": {
      "StatusCode": 200,
      "Headers": {
        "Cache-Control": [ "no-cache" ],
        "Pragma": [ "no-cache" ],
        "x-ms-correlation-request-id": [ "8573b2ca-1263-4db7-adcc-e11f3b777e27" ],
        "Server": [ "Microsoft-HTTPAPI/2.0" ],
        "WWW-Authenticate": [ "oYG3MIG0oAMKAQChCwYJKoZIgvcSAQICooGfBIGcYIGZBgkqhkiG9xIBAgICAG+BiTCBhqADAgEFoQMCAQ+iejB4oAMCARKicQRvGsAIqdpZtKVC98AdofqCd21tC2m/YLjUuE2y6eXknGubvq0ZdZLumAkxDdSpj9FDf2cdbsNq/tsvnDJsWJmwrGMeULKlBCqTZdxw3eCcSJWUyKOlREPf9y1GIk1znlSGUBXp87/qqkT5w3/6VeCR" ],
        "x-ms-ratelimit-remaining-subscription-reads": [ "13442" ],
        "x-ms-request-id": [ "8573b2ca-1263-4db7-adcc-e11f3b777e27" ],
        "x-ms-routing-request-id": [ "redmond:20200618T010453Z:8573b2ca-1263-4db7-adcc-e11f3b777e27" ],
        "Strict-Transport-Security": [ "max-age=31536000; includeSubDomains" ],
        "X-Content-Type-Options": [ "nosniff" ],
        "Date": [ "Thu, 18 Jun 2020 01:04:52 GMT" ]
      },
      "ContentHeaders": {
        "Content-Length": [ "965" ],
        "Content-Type": [ "application/json; charset=utf-8" ],
        "Expires": [ "-1" ]
      },
      "Content": "{\"id\":\"/subscriptions/8436efc5-b1be-4ae4-996c-861ae6c21e80/resourceGroups/System.redmond/providers/Microsoft.InfrastructureInsights.Admin/regionHealths/redmond/serviceHealths/495eae0b-97e3-47c2-a905-1c2c42103c9b\",\"name\":\"redmond/495eae0b-97e3-47c2-a905-1c2c42103c9b\",\"type\":\"Microsoft.InfrastructureInsights.Admin/regionHealths/serviceHealths\",\"location\":\"redmond\",\"tags\":{},\"properties\":{\"registrationId\":\"495eae0b-97e3-47c2-a905-1c2c42103c9b\",\"displayName\":\"Updates\",\"namespace\":\"Microsoft.Update.Admin\",\"routePrefix\":\"/subscriptions/8436efc5-b1be-4ae4-996c-861ae6c21e80/resourceGroups/System.redmond/providers/Microsoft.Update.Admin/updateLocations/redmond\",\"serviceLocation\":\"redmond\",\"infraURI\":\"/subscriptions/8436efc5-b1be-4ae4-996c-861ae6c21e80/resourceGroups/System.redmond/providers/Microsoft.Update.Admin/updateLocations/redmond/infraRoles/Updates\",\"alertSummary\":{\"criticalAlertCount\":0,\"warningAlertCount\":0},\"healthState\":\"Unknown\"}}"
    }
  },
  "AzsServiceHealths+[NoContext]+TestGetAllServiceHealths+$GET+https://management.azure.com/subscriptions/8436efc5-b1be-4ae4-996c-861ae6c21e80/resourceGroups/System.redmond/providers/Microsoft.InfrastructureInsights.Admin/regionHealths/redmond/serviceHealths/60d9eb15-b938-44ca-9dcd-9fa35258e68f?api-version=2016-05-01+5": {
    "Request": {
      "Method": "GET",
      "RequestUri": "https://management.azure.com/subscriptions/8436efc5-b1be-4ae4-996c-861ae6c21e80/resourceGroups/System.redmond/providers/Microsoft.InfrastructureInsights.Admin/regionHealths/redmond/serviceHealths/60d9eb15-b938-44ca-9dcd-9fa35258e68f?api-version=2016-05-01",
      "Content": null,
      "Headers": {
        "x-ms-unique-id": [ "796" ],
        "x-ms-client-request-id": [ "c710a0a1-a72a-4c44-9e22-6e011e8c07e3" ],
        "CommandName": [ "Get-AzsRPHealth" ],
        "FullCommandName": [ "Get-AzsRPHealth_GetViaIdentity" ],
        "ParameterSetName": [ "__AllParameterSets" ],
        "User-Agent": [ "AzurePowerShell/Az4.0.0-preview" ],
        "Authorization": [ "[Filtered]" ]
      },
      "ContentHeaders": {
      }
    },
    "Response": {
      "StatusCode": 200,
      "Headers": {
        "Cache-Control": [ "no-cache" ],
        "Pragma": [ "no-cache" ],
        "x-ms-correlation-request-id": [ "d721ff12-b8ba-46fb-8612-f2ab31661701" ],
        "Server": [ "Microsoft-HTTPAPI/2.0" ],
        "WWW-Authenticate": [ "oYG3MIG0oAMKAQChCwYJKoZIgvcSAQICooGfBIGcYIGZBgkqhkiG9xIBAgICAG+BiTCBhqADAgEFoQMCAQ+iejB4oAMCARKicQRvtLRQN3sn3p2pf0/XQTvflhQsv7MYfo+0RTmlkeYk+cSTyAToYDLHwF8OnE6iBbo+nWHmfFV8YAUirj53jJEYSHfYISUEcs4HhVgrV4oWXj05vnE9PLVn8Ee0UEq0ACR7b/dKNbJcoIqhkjmVLczy" ],
        "x-ms-ratelimit-remaining-subscription-reads": [ "13441" ],
        "x-ms-request-id": [ "d721ff12-b8ba-46fb-8612-f2ab31661701" ],
        "x-ms-routing-request-id": [ "redmond:20200618T010453Z:d721ff12-b8ba-46fb-8612-f2ab31661701" ],
        "Strict-Transport-Security": [ "max-age=31536000; includeSubDomains" ],
        "X-Content-Type-Options": [ "nosniff" ],
        "Date": [ "Thu, 18 Jun 2020 01:04:52 GMT" ]
      },
      "ContentHeaders": {
        "Content-Length": [ "917" ],
        "Content-Type": [ "application/json; charset=utf-8" ],
        "Expires": [ "-1" ]
      },
      "Content": "{\"id\":\"/subscriptions/8436efc5-b1be-4ae4-996c-861ae6c21e80/resourceGroups/System.redmond/providers/Microsoft.InfrastructureInsights.Admin/regionHealths/redmond/serviceHealths/60d9eb15-b938-44ca-9dcd-9fa35258e68f\",\"name\":\"redmond/60d9eb15-b938-44ca-9dcd-9fa35258e68f\",\"type\":\"Microsoft.InfrastructureInsights.Admin/regionHealths/serviceHealths\",\"location\":\"redmond\",\"tags\":{},\"properties\":{\"registrationId\":\"60d9eb15-b938-44ca-9dcd-9fa35258e68f\",\"displayName\":\"Compute\",\"namespace\":\"Microsoft.Compute.Admin\",\"routePrefix\":\"/subscriptions/8436efc5-b1be-4ae4-996c-861ae6c21e80/resourceGroups/System.redmond/providers/Microsoft.Compute.Admin/\",\"serviceLocation\":\"redmond\",\"infraURI\":\"/subscriptions/8436efc5-b1be-4ae4-996c-861ae6c21e80/resourceGroups/System.redmond/providers/Microsoft.Compute.Admin/infraRoles/Compute\",\"alertSummary\":{\"criticalAlertCount\":0,\"warningAlertCount\":0},\"healthState\":\"Healthy\"}}"
    }
  },
  "AzsServiceHealths+[NoContext]+TestGetAllServiceHealths+$GET+https://management.azure.com/subscriptions/8436efc5-b1be-4ae4-996c-861ae6c21e80/resourceGroups/System.redmond/providers/Microsoft.InfrastructureInsights.Admin/regionHealths/redmond/serviceHealths/a0439443-b6d0-450f-8df0-c445cd308545?api-version=2016-05-01+6": {
    "Request": {
      "Method": "GET",
      "RequestUri": "https://management.azure.com/subscriptions/8436efc5-b1be-4ae4-996c-861ae6c21e80/resourceGroups/System.redmond/providers/Microsoft.InfrastructureInsights.Admin/regionHealths/redmond/serviceHealths/a0439443-b6d0-450f-8df0-c445cd308545?api-version=2016-05-01",
      "Content": null,
      "Headers": {
        "x-ms-unique-id": [ "797" ],
        "x-ms-client-request-id": [ "ecf47ba1-f5d6-4be6-b05c-f73caf11fd33" ],
        "CommandName": [ "Get-AzsRPHealth" ],
        "FullCommandName": [ "Get-AzsRPHealth_GetViaIdentity" ],
        "ParameterSetName": [ "__AllParameterSets" ],
        "User-Agent": [ "AzurePowerShell/Az4.0.0-preview" ],
        "Authorization": [ "[Filtered]" ]
      },
      "ContentHeaders": {
      }
    },
    "Response": {
      "StatusCode": 200,
      "Headers": {
        "Cache-Control": [ "no-cache" ],
        "Pragma": [ "no-cache" ],
        "x-ms-correlation-request-id": [ "458703f6-7da5-4144-85ea-7fb793f9535b" ],
        "Server": [ "Microsoft-HTTPAPI/2.0" ],
        "WWW-Authenticate": [ "oYG3MIG0oAMKAQChCwYJKoZIgvcSAQICooGfBIGcYIGZBgkqhkiG9xIBAgICAG+BiTCBhqADAgEFoQMCAQ+iejB4oAMCARKicQRv9aPNkqix7psi9CA/H76wy/wIasJDxt6oLukSGlCxXsL71kCp2m3aKS9xw0/JguD1tp+P1uc5V0ta9Jq6QN/9Dpfrel3V6Iej98c29xoIwlZxxOZnwse9QqYdua3wSUTft2ccsIUrFlbJ6u0U6gWn" ],
        "x-ms-ratelimit-remaining-subscription-reads": [ "13440" ],
        "x-ms-request-id": [ "458703f6-7da5-4144-85ea-7fb793f9535b" ],
        "x-ms-routing-request-id": [ "redmond:20200618T010453Z:458703f6-7da5-4144-85ea-7fb793f9535b" ],
        "Strict-Transport-Security": [ "max-age=31536000; includeSubDomains" ],
        "X-Content-Type-Options": [ "nosniff" ],
        "Date": [ "Thu, 18 Jun 2020 01:04:53 GMT" ]
      },
      "ContentHeaders": {
        "Content-Length": [ "963" ],
        "Content-Type": [ "application/json; charset=utf-8" ],
        "Expires": [ "-1" ]
      },
      "Content": "{\"id\":\"/subscriptions/8436efc5-b1be-4ae4-996c-861ae6c21e80/resourceGroups/System.redmond/providers/Microsoft.InfrastructureInsights.Admin/regionHealths/redmond/serviceHealths/a0439443-b6d0-450f-8df0-c445cd308545\",\"name\":\"redmond/a0439443-b6d0-450f-8df0-c445cd308545\",\"type\":\"Microsoft.InfrastructureInsights.Admin/regionHealths/serviceHealths\",\"location\":\"redmond\",\"tags\":{},\"properties\":{\"registrationId\":\"a0439443-b6d0-450f-8df0-c445cd308545\",\"displayName\":\"Key Vault\",\"namespace\":\"Microsoft.KeyVault.Admin\",\"routePrefix\":\"/subscriptions/8436efc5-b1be-4ae4-996c-861ae6c21e80/resourceGroups/System.redmond/providers/Microsoft.KeyVault.Admin/locations/redmond\",\"serviceLocation\":\"redmond\",\"infraURI\":\"/subscriptions/8436efc5-b1be-4ae4-996c-861ae6c21e80/resourceGroups/System.redmond/providers/Microsoft.KeyVault.Admin/locations/redmond/infraRoles/Key Vault\",\"alertSummary\":{\"criticalAlertCount\":0,\"warningAlertCount\":0},\"healthState\":\"Healthy\"}}"
    }
  },
  "AzsServiceHealths+[NoContext]+TestGetAllServiceHealths+$GET+https://management.azure.com/subscriptions/8436efc5-b1be-4ae4-996c-861ae6c21e80/resourceGroups/System.redmond/providers/Microsoft.InfrastructureInsights.Admin/regionHealths/redmond/serviceHealths/bb58377f-3d7d-4d7f-b3b3-d433d422bf9e?api-version=2016-05-01+7": {
    "Request": {
      "Method": "GET",
      "RequestUri": "https://management.azure.com/subscriptions/8436efc5-b1be-4ae4-996c-861ae6c21e80/resourceGroups/System.redmond/providers/Microsoft.InfrastructureInsights.Admin/regionHealths/redmond/serviceHealths/bb58377f-3d7d-4d7f-b3b3-d433d422bf9e?api-version=2016-05-01",
      "Content": null,
      "Headers": {
        "x-ms-unique-id": [ "798" ],
        "x-ms-client-request-id": [ "cdd0e992-5bdb-4e30-b73c-7c6171dab354" ],
        "CommandName": [ "Get-AzsRPHealth" ],
        "FullCommandName": [ "Get-AzsRPHealth_GetViaIdentity" ],
        "ParameterSetName": [ "__AllParameterSets" ],
        "User-Agent": [ "AzurePowerShell/Az4.0.0-preview" ],
        "Authorization": [ "[Filtered]" ]
      },
      "ContentHeaders": {
      }
    },
    "Response": {
      "StatusCode": 200,
      "Headers": {
        "Cache-Control": [ "no-cache" ],
        "Pragma": [ "no-cache" ],
        "x-ms-correlation-request-id": [ "c8f0de07-a144-4833-997a-2341ccbda8a8" ],
        "Server": [ "Microsoft-HTTPAPI/2.0" ],
        "WWW-Authenticate": [ "oYG3MIG0oAMKAQChCwYJKoZIgvcSAQICooGfBIGcYIGZBgkqhkiG9xIBAgICAG+BiTCBhqADAgEFoQMCAQ+iejB4oAMCARKicQRvNkxCxHInrUxxjNUalN8gbtE5Cx700aa8cuGva96ZoFZW2sxvInvKGkJD9Gk0NmCGAmrq4b4v3ZoYRQR8TGPufVRqdO6cowZfxo0pp0KeEtT/b8ytnSMdauea0iwaHPBcH0tTREBM22bKIfydekJF" ],
        "x-ms-ratelimit-remaining-subscription-reads": [ "13439" ],
        "x-ms-request-id": [ "c8f0de07-a144-4833-997a-2341ccbda8a8" ],
        "x-ms-routing-request-id": [ "redmond:20200618T010453Z:c8f0de07-a144-4833-997a-2341ccbda8a8" ],
        "Strict-Transport-Security": [ "max-age=31536000; includeSubDomains" ],
        "X-Content-Type-Options": [ "nosniff" ],
        "Date": [ "Thu, 18 Jun 2020 01:04:53 GMT" ]
      },
      "ContentHeaders": {
        "Content-Length": [ "1029" ],
        "Content-Type": [ "application/json; charset=utf-8" ],
        "Expires": [ "-1" ]
      },
      "Content": "{\"id\":\"/subscriptions/8436efc5-b1be-4ae4-996c-861ae6c21e80/resourceGroups/System.redmond/providers/Microsoft.InfrastructureInsights.Admin/regionHealths/redmond/serviceHealths/bb58377f-3d7d-4d7f-b3b3-d433d422bf9e\",\"name\":\"redmond/bb58377f-3d7d-4d7f-b3b3-d433d422bf9e\",\"type\":\"Microsoft.InfrastructureInsights.Admin/regionHealths/serviceHealths\",\"location\":\"redmond\",\"tags\":{},\"properties\":{\"registrationId\":\"bb58377f-3d7d-4d7f-b3b3-d433d422bf9e\",\"displayName\":\"Region Management\",\"namespace\":\"Microsoft.InfrastructureInsights.Admin\",\"routePrefix\":\"/subscriptions/8436efc5-b1be-4ae4-996c-861ae6c21e80/resourceGroups/System.redmond/providers/Microsoft.InfrastructureInsights.Admin/regionHealths/redmond\",\"serviceLocation\":\"redmond\",\"infraURI\":\"/subscriptions/8436efc5-b1be-4ae4-996c-861ae6c21e80/resourceGroups/System.redmond/providers/Microsoft.InfrastructureInsights.Admin/regionHealths/redmond/infraRoles/Region Management\",\"alertSummary\":{\"criticalAlertCount\":0,\"warningAlertCount\":0},\"healthState\":\"Unknown\"}}"
    }
  },
  "AzsServiceHealths+[NoContext]+TestGetAllServiceHealths+$GET+https://management.azure.com/subscriptions/8436efc5-b1be-4ae4-996c-861ae6c21e80/resourceGroups/System.redmond/providers/Microsoft.InfrastructureInsights.Admin/regionHealths/redmond/serviceHealths/e05d3b9f-f7ce-4939-bc85-d836deb210f1?api-version=2016-05-01+8": {
    "Request": {
      "Method": "GET",
      "RequestUri": "https://management.azure.com/subscriptions/8436efc5-b1be-4ae4-996c-861ae6c21e80/resourceGroups/System.redmond/providers/Microsoft.InfrastructureInsights.Admin/regionHealths/redmond/serviceHealths/e05d3b9f-f7ce-4939-bc85-d836deb210f1?api-version=2016-05-01",
      "Content": null,
      "Headers": {
        "x-ms-unique-id": [ "799" ],
        "x-ms-client-request-id": [ "b8730353-8c77-4685-a23d-ea3937788b87" ],
        "CommandName": [ "Get-AzsRPHealth" ],
        "FullCommandName": [ "Get-AzsRPHealth_GetViaIdentity" ],
        "ParameterSetName": [ "__AllParameterSets" ],
        "User-Agent": [ "AzurePowerShell/Az4.0.0-preview" ],
        "Authorization": [ "[Filtered]" ]
      },
      "ContentHeaders": {
      }
    },
    "Response": {
      "StatusCode": 200,
      "Headers": {
        "Cache-Control": [ "no-cache" ],
        "Pragma": [ "no-cache" ],
        "x-ms-correlation-request-id": [ "7b36d3b4-78ed-417b-8f6e-4961c692ab33" ],
        "Server": [ "Microsoft-HTTPAPI/2.0" ],
        "WWW-Authenticate": [ "oYG3MIG0oAMKAQChCwYJKoZIgvcSAQICooGfBIGcYIGZBgkqhkiG9xIBAgICAG+BiTCBhqADAgEFoQMCAQ+iejB4oAMCARKicQRvgD+I6o6Jk4+YLEqAAtRL983VTUZExkVbMZ37ZHegt+bOpJTS+UK+ps57CZHDIBh5YscKryl3YsTBDeI2LYX7fVq8Yx+p6XbFAX6fAveJZ8xicS14CK7hKOAOgqUl9/bzGbOMmsH7Y7UE4HEZgo7w" ],
        "x-ms-ratelimit-remaining-subscription-reads": [ "13438" ],
        "x-ms-request-id": [ "7b36d3b4-78ed-417b-8f6e-4961c692ab33" ],
        "x-ms-routing-request-id": [ "redmond:20200618T010454Z:7b36d3b4-78ed-417b-8f6e-4961c692ab33" ],
        "Strict-Transport-Security": [ "max-age=31536000; includeSubDomains" ],
        "X-Content-Type-Options": [ "nosniff" ],
        "Date": [ "Thu, 18 Jun 2020 01:04:53 GMT" ]
      },
      "ContentHeaders": {
        "Content-Length": [ "917" ],
        "Content-Type": [ "application/json; charset=utf-8" ],
        "Expires": [ "-1" ]
      },
      "Content": "{\"id\":\"/subscriptions/8436efc5-b1be-4ae4-996c-861ae6c21e80/resourceGroups/System.redmond/providers/Microsoft.InfrastructureInsights.Admin/regionHealths/redmond/serviceHealths/e05d3b9f-f7ce-4939-bc85-d836deb210f1\",\"name\":\"redmond/e05d3b9f-f7ce-4939-bc85-d836deb210f1\",\"type\":\"Microsoft.InfrastructureInsights.Admin/regionHealths/serviceHealths\",\"location\":\"redmond\",\"tags\":{},\"properties\":{\"registrationId\":\"e05d3b9f-f7ce-4939-bc85-d836deb210f1\",\"displayName\":\"Storage\",\"namespace\":\"Microsoft.Storage.Admin\",\"routePrefix\":\"/subscriptions/8436efc5-b1be-4ae4-996c-861ae6c21e80/resourceGroups/System.redmond/providers/Microsoft.Storage.Admin/\",\"serviceLocation\":\"redmond\",\"infraURI\":\"/subscriptions/8436efc5-b1be-4ae4-996c-861ae6c21e80/resourceGroups/System.redmond/providers/Microsoft.Storage.Admin/infraRoles/Storage\",\"alertSummary\":{\"criticalAlertCount\":0,\"warningAlertCount\":0},\"healthState\":\"Healthy\"}}"
    }
  },
  "AzsServiceHealths+[NoContext]+TestGetAllServiceHealths+$GET+https://management.azure.com/subscriptions/8436efc5-b1be-4ae4-996c-861ae6c21e80/resourceGroups/System.redmond/providers/Microsoft.InfrastructureInsights.Admin/regionHealths/redmond/serviceHealths/e56bc7b8-c8b5-4e25-b00c-4f951effb22c?api-version=2016-05-01+9": {
    "Request": {
      "Method": "GET",
      "RequestUri": "https://management.azure.com/subscriptions/8436efc5-b1be-4ae4-996c-861ae6c21e80/resourceGroups/System.redmond/providers/Microsoft.InfrastructureInsights.Admin/regionHealths/redmond/serviceHealths/e56bc7b8-c8b5-4e25-b00c-4f951effb22c?api-version=2016-05-01",
      "Content": null,
      "Headers": {
        "x-ms-unique-id": [ "800" ],
        "x-ms-client-request-id": [ "7922d66b-e3a8-4258-8285-e5334a3c943c" ],
        "CommandName": [ "Get-AzsRPHealth" ],
        "FullCommandName": [ "Get-AzsRPHealth_GetViaIdentity" ],
        "ParameterSetName": [ "__AllParameterSets" ],
        "User-Agent": [ "AzurePowerShell/Az4.0.0-preview" ],
        "Authorization": [ "[Filtered]" ]
      },
      "ContentHeaders": {
      }
    },
    "Response": {
      "StatusCode": 200,
      "Headers": {
        "Cache-Control": [ "no-cache" ],
        "Pragma": [ "no-cache" ],
        "x-ms-correlation-request-id": [ "06c2eebe-bcc7-4e4b-ac6e-d8c91d6b9013" ],
        "Server": [ "Microsoft-HTTPAPI/2.0" ],
        "WWW-Authenticate": [ "oYG3MIG0oAMKAQChCwYJKoZIgvcSAQICooGfBIGcYIGZBgkqhkiG9xIBAgICAG+BiTCBhqADAgEFoQMCAQ+iejB4oAMCARKicQRv/Cg4D9FvWlfPIYUKXjaJPIMcpKC2EmfxHmdQtGvUd62jwTqCNUeBdaRyCIa/4JcruzHYuROL0v6Mdk3Is+0uX8TN82OIryRWyQ1lJqKqYAHbD4qoeB6MvRrgOkJhnj/DPk6w6ZTCT01565AnS6Fu" ],
        "x-ms-ratelimit-remaining-subscription-reads": [ "13437" ],
        "x-ms-request-id": [ "06c2eebe-bcc7-4e4b-ac6e-d8c91d6b9013" ],
        "x-ms-routing-request-id": [ "redmond:20200618T010454Z:06c2eebe-bcc7-4e4b-ac6e-d8c91d6b9013" ],
        "Strict-Transport-Security": [ "max-age=31536000; includeSubDomains" ],
        "X-Content-Type-Options": [ "nosniff" ],
        "Date": [ "Thu, 18 Jun 2020 01:04:53 GMT" ]
      },
      "ContentHeaders": {
        "Content-Length": [ "967" ],
        "Content-Type": [ "application/json; charset=utf-8" ],
        "Expires": [ "-1" ]
      },
      "Content": "{\"id\":\"/subscriptions/8436efc5-b1be-4ae4-996c-861ae6c21e80/resourceGroups/System.redmond/providers/Microsoft.InfrastructureInsights.Admin/regionHealths/redmond/serviceHealths/e56bc7b8-c8b5-4e25-b00c-4f951effb22c\",\"name\":\"redmond/e56bc7b8-c8b5-4e25-b00c-4f951effb22c\",\"type\":\"Microsoft.InfrastructureInsights.Admin/regionHealths/serviceHealths\",\"location\":\"redmond\",\"tags\":{},\"properties\":{\"registrationId\":\"e56bc7b8-c8b5-4e25-b00c-4f951effb22c\",\"displayName\":\"Capacity\",\"namespace\":\"Microsoft.Fabric.Admin\",\"routePrefix\":\"/subscriptions/8436efc5-b1be-4ae4-996c-861ae6c21e80/resourceGroups/System.redmond/providers/Microsoft.Fabric.Admin/fabricLocations/redmond\",\"serviceLocation\":\"redmond\",\"infraURI\":\"/subscriptions/8436efc5-b1be-4ae4-996c-861ae6c21e80/resourceGroups/System.redmond/providers/Microsoft.Fabric.Admin/fabricLocations/redmond/infraRoles/Capacity\",\"alertSummary\":{\"criticalAlertCount\":0,\"warningAlertCount\":0},\"healthState\":\"Healthy\"}}"
    }
  },
  "AzsServiceHealths+[NoContext]+TestGetAllServiceHealths+$GET+https://management.azure.com/subscriptions/8436efc5-b1be-4ae4-996c-861ae6c21e80/resourceGroups/System.redmond/providers/Microsoft.InfrastructureInsights.Admin/regionHealths/redmond/serviceHealths/e6930dbc-ca86-4a0c-b353-b5cbdf4375a5?api-version=2016-05-01+10": {
    "Request": {
      "Method": "GET",
      "RequestUri": "https://management.azure.com/subscriptions/8436efc5-b1be-4ae4-996c-861ae6c21e80/resourceGroups/System.redmond/providers/Microsoft.InfrastructureInsights.Admin/regionHealths/redmond/serviceHealths/e6930dbc-ca86-4a0c-b353-b5cbdf4375a5?api-version=2016-05-01",
      "Content": null,
      "Headers": {
        "x-ms-unique-id": [ "801" ],
        "x-ms-client-request-id": [ "ee92e1e2-cb62-4525-bf28-6a111d7446f3" ],
        "CommandName": [ "Get-AzsRPHealth" ],
        "FullCommandName": [ "Get-AzsRPHealth_GetViaIdentity" ],
        "ParameterSetName": [ "__AllParameterSets" ],
        "User-Agent": [ "AzurePowerShell/Az4.0.0-preview" ],
        "Authorization": [ "[Filtered]" ]
      },
      "ContentHeaders": {
      }
    },
    "Response": {
      "StatusCode": 200,
      "Headers": {
        "Cache-Control": [ "no-cache" ],
        "Pragma": [ "no-cache" ],
        "x-ms-correlation-request-id": [ "9fa9012d-7359-43ff-a32f-0dba50ef1a47" ],
        "Server": [ "Microsoft-HTTPAPI/2.0" ],
        "WWW-Authenticate": [ "oYG3MIG0oAMKAQChCwYJKoZIgvcSAQICooGfBIGcYIGZBgkqhkiG9xIBAgICAG+BiTCBhqADAgEFoQMCAQ+iejB4oAMCARKicQRvHia2/Fm3q+udaERqpNXUWJD4MAfTIV4L8LcFJ9lz+M+BpZUu0gLENcOQ+3BFedcrosjcprdZZ9A+P0IHH5IIStcm6/EC1p9A2gD+orjRNtU8kJZFhstQDFvxVYwMOhfcp3X1TWpV2VInZIRPkx35" ],
        "x-ms-ratelimit-remaining-subscription-reads": [ "13436" ],
        "x-ms-request-id": [ "9fa9012d-7359-43ff-a32f-0dba50ef1a47" ],
        "x-ms-routing-request-id": [ "redmond:20200618T010454Z:9fa9012d-7359-43ff-a32f-0dba50ef1a47" ],
        "Strict-Transport-Security": [ "max-age=31536000; includeSubDomains" ],
        "X-Content-Type-Options": [ "nosniff" ],
        "Date": [ "Thu, 18 Jun 2020 01:04:54 GMT" ]
      },
      "ContentHeaders": {
        "Content-Length": [ "979" ],
        "Content-Type": [ "application/json; charset=utf-8" ],
        "Expires": [ "-1" ]
      },
      "Content": "{\"id\":\"/subscriptions/8436efc5-b1be-4ae4-996c-861ae6c21e80/resourceGroups/System.redmond/providers/Microsoft.InfrastructureInsights.Admin/regionHealths/redmond/serviceHealths/e6930dbc-ca86-4a0c-b353-b5cbdf4375a5\",\"name\":\"redmond/e6930dbc-ca86-4a0c-b353-b5cbdf4375a5\",\"type\":\"Microsoft.InfrastructureInsights.Admin/regionHealths/serviceHealths\",\"location\":\"redmond\",\"tags\":{},\"properties\":{\"registrationId\":\"e6930dbc-ca86-4a0c-b353-b5cbdf4375a5\",\"displayName\":\"SupportBridgeResourceProvider\",\"namespace\":\"Microsoft.SupportBridge.Admin\",\"routePrefix\":\"/subscriptions/8436efc5-b1be-4ae4-996c-861ae6c21e80/resourceGroups/System.redmond/providers/Microsoft.SupportBridge.Admin/\",\"serviceLocation\":\"redmond\",\"infraURI\":\"/subscriptions/8436efc5-b1be-4ae4-996c-861ae6c21e80/resourceGroups/System.redmond/providers/Microsoft.SupportBridge.Admin/infraRoles/SupportBridgeResourceProvider\",\"alertSummary\":{\"criticalAlertCount\":0,\"warningAlertCount\":0},\"healthState\":\"Healthy\"}}"
    }
  },
  "AzsServiceHealths+[NoContext]+TestGetAllServiceHealths+$GET+https://management.azure.com/subscriptions/8436efc5-b1be-4ae4-996c-861ae6c21e80/resourceGroups/System.redmond/providers/Microsoft.InfrastructureInsights.Admin/regionHealths/redmond/serviceHealths/e9951457-d1a8-4374-9355-44c089543bf3?api-version=2016-05-01+11": {
    "Request": {
      "Method": "GET",
      "RequestUri": "https://management.azure.com/subscriptions/8436efc5-b1be-4ae4-996c-861ae6c21e80/resourceGroups/System.redmond/providers/Microsoft.InfrastructureInsights.Admin/regionHealths/redmond/serviceHealths/e9951457-d1a8-4374-9355-44c089543bf3?api-version=2016-05-01",
      "Content": null,
      "Headers": {
        "x-ms-unique-id": [ "802" ],
        "x-ms-client-request-id": [ "df7849ec-480b-40d4-a6bf-05b8065f8bd8" ],
        "CommandName": [ "Get-AzsRPHealth" ],
        "FullCommandName": [ "Get-AzsRPHealth_GetViaIdentity" ],
        "ParameterSetName": [ "__AllParameterSets" ],
        "User-Agent": [ "AzurePowerShell/Az4.0.0-preview" ],
        "Authorization": [ "[Filtered]" ]
      },
      "ContentHeaders": {
      }
    },
    "Response": {
      "StatusCode": 200,
      "Headers": {
        "Cache-Control": [ "no-cache" ],
        "Pragma": [ "no-cache" ],
        "x-ms-correlation-request-id": [ "49139343-19e2-4d8e-8d42-e83691b23530" ],
        "Server": [ "Microsoft-HTTPAPI/2.0" ],
        "WWW-Authenticate": [ "oYG3MIG0oAMKAQChCwYJKoZIgvcSAQICooGfBIGcYIGZBgkqhkiG9xIBAgICAG+BiTCBhqADAgEFoQMCAQ+iejB4oAMCARKicQRvOrsU+uGCIYTHeIh9Be1hUXsAsUsqgU7xFwd1JnVrxTNMfLm1TjDcNn417FraguMs6656APdC3Gg//K0tPl0JR1WYIglXbdOKcDCtSl4aKdNvaFvgBiZZ9AM5lia7aONEAQ8XXxzX/71spIE+ftVr" ],
        "x-ms-ratelimit-remaining-subscription-reads": [ "13435" ],
        "x-ms-request-id": [ "49139343-19e2-4d8e-8d42-e83691b23530" ],
        "x-ms-routing-request-id": [ "redmond:20200618T010455Z:49139343-19e2-4d8e-8d42-e83691b23530" ],
        "Strict-Transport-Security": [ "max-age=31536000; includeSubDomains" ],
        "X-Content-Type-Options": [ "nosniff" ],
        "Date": [ "Thu, 18 Jun 2020 01:04:54 GMT" ]
      },
      "ContentHeaders": {
        "Content-Length": [ "917" ],
        "Content-Type": [ "application/json; charset=utf-8" ],
        "Expires": [ "-1" ]
      },
      "Content": "{\"id\":\"/subscriptions/8436efc5-b1be-4ae4-996c-861ae6c21e80/resourceGroups/System.redmond/providers/Microsoft.InfrastructureInsights.Admin/regionHealths/redmond/serviceHealths/e9951457-d1a8-4374-9355-44c089543bf3\",\"name\":\"redmond/e9951457-d1a8-4374-9355-44c089543bf3\",\"type\":\"Microsoft.InfrastructureInsights.Admin/regionHealths/serviceHealths\",\"location\":\"redmond\",\"tags\":{},\"properties\":{\"registrationId\":\"e9951457-d1a8-4374-9355-44c089543bf3\",\"displayName\":\"Network\",\"namespace\":\"Microsoft.Network.Admin\",\"routePrefix\":\"/subscriptions/8436efc5-b1be-4ae4-996c-861ae6c21e80/resourceGroups/System.redmond/providers/Microsoft.Network.Admin/\",\"serviceLocation\":\"redmond\",\"infraURI\":\"/subscriptions/8436efc5-b1be-4ae4-996c-861ae6c21e80/resourceGroups/System.redmond/providers/Microsoft.Network.Admin/infraRoles/Network\",\"alertSummary\":{\"criticalAlertCount\":0,\"warningAlertCount\":0},\"healthState\":\"Healthy\"}}"
    }
  },
  "AzsServiceHealths+[NoContext]+TestGetAllServiceHealths+$GET+https://management.azure.com/subscriptions/8436efc5-b1be-4ae4-996c-861ae6c21e80/resourceGroups/System.redmond/providers/Microsoft.InfrastructureInsights.Admin/regionHealths/redmond/serviceHealths/eventhub?api-version=2016-05-01+12": {
    "Request": {
      "Method": "GET",
      "RequestUri": "https://management.azure.com/subscriptions/8436efc5-b1be-4ae4-996c-861ae6c21e80/resourceGroups/System.redmond/providers/Microsoft.InfrastructureInsights.Admin/regionHealths/redmond/serviceHealths/eventhub?api-version=2016-05-01",
      "Content": null,
      "Headers": {
        "x-ms-unique-id": [ "803" ],
        "x-ms-client-request-id": [ "9e23be4f-7b59-4f35-9af7-f275554d2d38" ],
        "CommandName": [ "Get-AzsRPHealth" ],
        "FullCommandName": [ "Get-AzsRPHealth_GetViaIdentity" ],
        "ParameterSetName": [ "__AllParameterSets" ],
        "User-Agent": [ "AzurePowerShell/Az4.0.0-preview" ],
        "Authorization": [ "[Filtered]" ]
      },
      "ContentHeaders": {
      }
    },
    "Response": {
      "StatusCode": 200,
      "Headers": {
        "Cache-Control": [ "no-cache" ],
        "Pragma": [ "no-cache" ],
        "x-ms-correlation-request-id": [ "c3a5f143-d1d2-429a-8ae3-1f5873f139d2" ],
        "Server": [ "Microsoft-HTTPAPI/2.0" ],
        "WWW-Authenticate": [ "oYG3MIG0oAMKAQChCwYJKoZIgvcSAQICooGfBIGcYIGZBgkqhkiG9xIBAgICAG+BiTCBhqADAgEFoQMCAQ+iejB4oAMCARKicQRvmHw06OPRJZrw1lkP12afdVBEdIqFPLQ/vcajBCgv3q3p4P50QsZAfyhTDM/sX24DzbyJRYbAHsA7MEkVzmI3DA6eVfu6vqdqk/QOy5ODW4hzpOBcIczCkTISKVpKFf8y3Rg+a75wnJJXfXTDBN+N" ],
        "x-ms-ratelimit-remaining-subscription-reads": [ "13434" ],
        "x-ms-request-id": [ "c3a5f143-d1d2-429a-8ae3-1f5873f139d2" ],
        "x-ms-routing-request-id": [ "redmond:20200618T010455Z:c3a5f143-d1d2-429a-8ae3-1f5873f139d2" ],
        "Strict-Transport-Security": [ "max-age=31536000; includeSubDomains" ],
        "X-Content-Type-Options": [ "nosniff" ],
        "Date": [ "Thu, 18 Jun 2020 01:04:54 GMT" ]
      },
      "ContentHeaders": {
        "Content-Length": [ "842" ],
        "Content-Type": [ "application/json; charset=utf-8" ],
        "Expires": [ "-1" ]
      },
      "Content": "{\"id\":\"/subscriptions/8436efc5-b1be-4ae4-996c-861ae6c21e80/resourceGroups/System.redmond/providers/Microsoft.InfrastructureInsights.Admin/regionHealths/redmond/serviceHealths/eventhub\",\"name\":\"redmond/eventhub\",\"type\":\"Microsoft.InfrastructureInsights.Admin/regionHealths/serviceHealths\",\"location\":\"redmond\",\"tags\":{},\"properties\":{\"registrationId\":\"eventhub\",\"displayName\":\"Event Hubs\",\"namespace\":\"Microsoft.EventHub.Admin\",\"routePrefix\":\"/subscriptions/9d334843-0c6e-4bfc-b82c-cf229da3a87b/resourceGroups/System.redmond/providers/Microsoft.EventHub.Admin/\",\"serviceLocation\":\"redmond\",\"infraURI\":\"/subscriptions/9d334843-0c6e-4bfc-b82c-cf229da3a87b/resourceGroups/System.redmond/providers/Microsoft.EventHub.Admin/infraRoles/Event Hubs\",\"alertSummary\":{\"criticalAlertCount\":0,\"warningAlertCount\":0},\"healthState\":\"Healthy\"}}"
    }
  }
}