{
  "Get-AzsPlatformImage+[NoContext]+TestListPlatformImages+$GET+https://management.azure.com/subscriptions/47b53730-e95d-4594-b843-d378bdff793a/providers/Microsoft.Compute.Admin/locations/redmond/artifactTypes/platformImage?api-version=2015-12-01-preview+1": {
    "Request": {
      "Method": "GET",
      "RequestUri": "https://adminmanagement.redmond.ext-n25r0507.masd.stbtest.microsoft.com/subscriptions/47b53730-e95d-4594-b843-d378bdff793a/providers/Microsoft.Compute.Admin/locations/redmond/artifactTypes/platformImage?api-version=2015-12-01-preview",
      "Content": null,
      "isContentBase64": false,
      "Headers": {
        "x-ms-unique-id": [ "225" ],
        "x-ms-client-request-id": [ "7f34687c-8941-448d-a7c8-964efb82a9b2" ],
        "CommandName": [ "Get-AzsPlatformImage" ],
        "FullCommandName": [ "Get-AzsPlatformImage_List" ],
        "ParameterSetName": [ "__AllParameterSets" ],
        "User-Agent": [ "AzurePowershell/Az4.0.0-preview" ],
        "Authorization": [ "[Filtered]" ]
      },
      "ContentHeaders": {
      }
    },
    "Response": {
      "StatusCode": 200,
      "Headers": {
        "Pragma": [ "no-cache" ],
        "x-ms-correlation-request-id": [ "127d8d4d-352f-4917-82f2-ad00f52d68e0" ],
        "x-ms-ratelimit-remaining-subscription-reads": [ "14931" ],
        "x-ms-request-id": [ "127d8d4d-352f-4917-82f2-ad00f52d68e0" ],
        "x-ms-routing-request-id": [ "REDMOND:20210809T213719Z:127d8d4d-352f-4917-82f2-ad00f52d68e0" ],
        "Strict-Transport-Security": [ "max-age=31536000; includeSubDomains" ],
        "X-Content-Type-Options": [ "nosniff" ],
        "Cache-Control": [ "no-cache" ],
        "Date": [ "Mon, 09 Aug 2021 21:37:19 GMT" ],
        "Server": [ "Microsoft-HTTPAPI/2.0" ],
        "WWW-Authenticate": [ "oYG3MIG0oAMKAQChCwYJKoZIgvcSAQICooGfBIGcYIGZBgkqhkiG9xIBAgICAG+BiTCBhqADAgEFoQMCAQ+iejB4oAMCARKicQRv0lF7k2Rnq0tN4lDUQ5AeBHoJDxTRh3OptkoJSMkEW0OZ03FbQeag+Fm0s8tQSwyzIgr2iOXV0Vc6reLxp0nEit86kvx9IVlo5C0GbypooteVW7HTh62q55UmVMu4F5AHwKqzKi3DnhQ/Z6GZYcy1" ]
      },
      "ContentHeaders": {
        "Content-Length": [ "8344" ],
        "Content-Type": [ "application/json; charset=utf-8" ],
        "Expires": [ "-1" ]
      },
      "Content": "[{\"id\":\"/subscriptions/47b53730-e95d-4594-b843-d378bdff793a/providers/Microsoft.Compute.Admin/locations/redmond/artifactTypes/platformImage/publishers/Canonical/offers/UbuntuServer/skus/14.04.3-LTS/versions/14.04.201508050\",\"name\":null,\"type\":\"Microsoft.Compute.Admin/locations/artifactTypes/publishers/offers/skus/versions\",\"location\":\"redmond\",\"properties\":{\"osDisk\":{\"osType\":\"Linux\",\"uri\":\"https://azsaddvmimagesacrp.blob.redmond.ext-n25r0507.masd.stbtest.microsoft.com/azsaddvmimagecontainercrp/UbuntuServer.vhd\"},\"dataDisks\":null,\"details\":null,\"replicate\":false,\"provisioningState\":\"Succeeded\"}},{\"id\":\"/subscriptions/47b53730-e95d-4594-b843-d378bdff793a/providers/Microsoft.Compute.Admin/locations/redmond/artifactTypes/platformImage/publishers/canonical/offers/UbuntuServer/skus/16.04-LTS/versions/16.04.202007080\",\"name\":null,\"type\":\"Microsoft.Compute.Admin/locations/artifactTypes/publishers/offers/skus/versions\",\"location\":\"redmond\",\"properties\":{\"osDisk\":{\"osType\":\"Linux\",\"uri\":\"https://azstmktprodwcu001.blob.core.windows.net/packages/aa4d60fd88fe46f9a97a75d2bf08c291%2FImage%2FUbuntu-16_04-LTS-amd64-server-20200708-en-us-30GB.vhd?skoid=2d4f7bf2-3564-4014-ab3b-1df4cf7ca3d2\u0026sktid=33e01921-4d64-4f8c-a055-5bdaffd5e33d\u0026skt=2021-07-29T06%3a38%3a39Z\u0026ske=2021-07-31T06%3a58%3a39Z\u0026sks=b\u0026skv=2020-04-08\u0026sv=2020-04-08\u0026st=2021-07-29T06%3a58%3a39Z\u0026se=2021-07-31T06%3a58%3a39Z\u0026sr=b\u0026sp=r\"},\"dataDisks\":[],\"details\":{\"billingPartNumber\":\"\"},\"replicate\":false,\"provisioningState\":\"Succeeded\"}},{\"id\":\"/subscriptions/47b53730-e95d-4594-b843-d378bdff793a/providers/Microsoft.Compute.Admin/locations/redmond/artifactTypes/platformImage/publishers/canonical/offers/UbuntuServer/skus/18.04-LTS/versions/18.04.202007080\",\"name\":null,\"type\":\"Microsoft.Compute.Admin/locations/artifactTypes/publishers/offers/skus/versions\",\"location\":\"redmond\",\"properties\":{\"osDisk\":{\"osType\":\"Linux\",\"uri\":\"https://azstmktprodwcu001.blob.core.windows.net/packages/405c7160072b47e3b40def27399e3e9a%2FImage%2FUbuntu-18_04-LTS-amd64-server-20200708.1-en-us-30GB.vhd?skoid=2d4f7bf2-3564-4014-ab3b-1df4cf7ca3d2\u0026sktid=33e01921-4d64-4f8c-a055-5bdaffd5e33d\u0026skt=2021-07-29T06%3a38%3a37Z\u0026ske=2021-07-31T06%3a58%3a37Z\u0026sks=b\u0026skv=2020-04-08\u0026sv=2020-04-08\u0026st=2021-07-29T06%3a58%3a37Z\u0026se=2021-07-31T06%3a58%3a37Z\u0026sr=b\u0026sp=r\"},\"dataDisks\":[],\"details\":{\"billingPartNumber\":\"\"},\"replicate\":false,\"provisioningState\":\"Succeeded\"}},{\"id\":\"/subscriptions/47b53730-e95d-4594-b843-d378bdff793a/providers/Microsoft.Compute.Admin/locations/redmond/artifactTypes/platformImage/publishers/CRP/offers/TestImage/skus/Dynamic/versions/1.0.0\",\"name\":null,\"type\":\"Microsoft.Compute.Admin/locations/artifactTypes/publishers/offers/skus/versions\",\"location\":\"redmond\",\"properties\":{\"osDisk\":{\"osType\":\"Linux\",\"uri\":\"https://azsaddvmimagesacrp.blob.redmond.ext-n25r0507.masd.stbtest.microsoft.com/azsaddvmimagecontainercrp/UbuntuServer.vhd\"},\"dataDisks\":[{\"lun\":0,\"uri\":\"https://azsaddvmimagesacrp.blob.redmond.ext-n25r0507.masd.stbtest.microsoft.com/azsaddvmimagecontainercrp/datadisk1.vhd\"},{\"lun\":1,\"uri\":\"https://azsaddvmimagesacrp.blob.redmond.ext-n25r0507.masd.stbtest.microsoft.com/azsaddvmimagecontainercrp/datadisk2.vhd\"},{\"lun\":2,\"uri\":\"https://azsaddvmimagesacrp.blob.redmond.ext-n25r0507.masd.stbtest.microsoft.com/azsaddvmimagecontainercrp/datadisk3.vhd\"},{\"lun\":3,\"uri\":\"https://azsaddvmimagesacrp.blob.redmond.ext-n25r0507.masd.stbtest.microsoft.com/azsaddvmimagecontainercrp/datadisk4.vhd\"}],\"details\":null,\"replicate\":false,\"provisioningState\":\"Succeeded\"}},{\"id\":\"/subscriptions/47b53730-e95d-4594-b843-d378bdff793a/providers/Microsoft.Compute.Admin/locations/redmond/artifactTypes/platformImage/publishers/Microsoft/offers/WindowsServer/skus/2012-R2-Datacenter/versions/4.0.20150825\",\"name\":null,\"type\":\"Microsoft.Compute.Admin/locations/artifactTypes/publishers/offers/skus/versions\",\"location\":\"redmond\",\"properties\":{\"osDisk\":{\"osType\":\"Windows\",\"uri\":\"https://azsaddvmimagesacrp.blob.redmond.ext-n25r0507.masd.stbtest.microsoft.com/azsaddvmimagecontainercrp/WindowsServer2012R2DatacenterEval.vhd\"},\"dataDisks\":[{\"lun\":0,\"uri\":\"https://azsaddvmimagesacrp.blob.redmond.ext-n25r0507.masd.stbtest.microsoft.com/azsaddvmimagecontainercrp/datadisk1.vhd\"},{\"lun\":1,\"uri\":\"https://azsaddvmimagesacrp.blob.redmond.ext-n25r0507.masd.stbtest.microsoft.com/azsaddvmimagecontainercrp/datadisk2.vhd\"},{\"lun\":2,\"uri\":\"https://azsaddvmimagesacrp.blob.redmond.ext-n25r0507.masd.stbtest.microsoft.com/azsaddvmimagecontainercrp/datadisk3.vhd\"},{\"lun\":3,\"uri\":\"https://azsaddvmimagesacrp.blob.redmond.ext-n25r0507.masd.stbtest.microsoft.com/azsaddvmimagecontainercrp/datadisk4.vhd\"}],\"details\":null,\"replicate\":false,\"provisioningState\":\"Succeeded\"}},{\"id\":\"/subscriptions/47b53730-e95d-4594-b843-d378bdff793a/providers/Microsoft.Compute.Admin/locations/redmond/artifactTypes/platformImage/publishers/MicrosoftWindowsServer/offers/WindowsServer/skus/2012-R2-Datacenter/versions/10.0.0\",\"name\":null,\"type\":\"Microsoft.Compute.Admin/locations/artifactTypes/publishers/offers/skus/versions\",\"location\":\"redmond\",\"properties\":{\"osDisk\":{\"osType\":\"Windows\",\"uri\":\"https://azurestacktemplate.blob.core.windows.net/azurestacktemplate-public-container/WindowsServer2012R2DatacenterBYOL.vhd\"},\"dataDisks\":null,\"details\":null,\"replicate\":false,\"provisioningState\":\"Succeeded\"}},{\"id\":\"/subscriptions/47b53730-e95d-4594-b843-d378bdff793a/providers/Microsoft.Compute.Admin/locations/redmond/artifactTypes/platformImage/publishers/MicrosoftWindowsServer/offers/windowsserver/skus/2012-R2-Datacenter-smalldisk/versions/9600.19847.2010090140\",\"name\":null,\"type\":\"Microsoft.Compute.Admin/locations/artifactTypes/publishers/offers/skus/versions\",\"location\":\"redmond\",\"properties\":{\"osDisk\":{\"osType\":\"Windows\",\"uri\":\"https://azstmktprodwcu001.blob.core.windows.net/packages/007efb466dc6418b8027b640626b427f%2FImage%2Fvhd_2k12r2_server_serverdatacenter_vl_en-us_30gb_azuregallery_fixed.vhd?skoid=2d4f7bf2-3564-4014-ab3b-1df4cf7ca3d2\u0026sktid=33e01921-4d64-4f8c-a055-5bdaffd5e33d\u0026skt=2021-07-29T06%3a38%3a39Z\u0026ske=2021-07-31T06%3a58%3a39Z\u0026sks=b\u0026skv=2020-04-08\u0026sv=2020-04-08\u0026st=2021-07-29T06%3a58%3a39Z\u0026se=2021-07-31T06%3a58%3a39Z\u0026sr=b\u0026sp=r\"},\"dataDisks\":[],\"details\":{\"billingPartNumber\":\"\"},\"replicate\":false,\"provisioningState\":\"Succeeded\"}},{\"id\":\"/subscriptions/47b53730-e95d-4594-b843-d378bdff793a/providers/Microsoft.Compute.Admin/locations/redmond/artifactTypes/platformImage/publishers/MicrosoftWindowsServer/offers/windowsserver/skus/2016-Datacenter-smalldisk/versions/14393.3986.2010070045\",\"name\":null,\"type\":\"Microsoft.Compute.Admin/locations/artifactTypes/publishers/offers/skus/versions\",\"location\":\"redmond\",\"properties\":{\"osDisk\":{\"osType\":\"Windows\",\"uri\":\"https://azstmktprodwcu001.blob.core.windows.net/packages/c12f21f106244837acaafef12d14fc43%2FImage%2Fvhd_server_serverdatacenter_en-us_vl_30gb_azuregallery_fixed.vhd?skoid=2d4f7bf2-3564-4014-ab3b-1df4cf7ca3d2\u0026sktid=33e01921-4d64-4f8c-a055-5bdaffd5e33d\u0026skt=2021-07-29T06%3a38%3a39Z\u0026ske=2021-07-31T06%3a58%3a39Z\u0026sks=b\u0026skv=2020-04-08\u0026sv=2020-04-08\u0026st=2021-07-29T06%3a58%3a39Z\u0026se=2021-07-31T06%3a58%3a39Z\u0026sr=b\u0026sp=r\"},\"dataDisks\":[],\"details\":{\"billingPartNumber\":\"\"},\"replicate\":false,\"provisioningState\":\"Succeeded\"}},{\"id\":\"/subscriptions/47b53730-e95d-4594-b843-d378bdff793a/providers/Microsoft.Compute.Admin/locations/redmond/artifactTypes/platformImage/publishers/Ubuntu/offers/Desktop/skus/Enterprise/versions/1.1.0\",\"name\":null,\"type\":\"Microsoft.Compute.Admin/locations/artifactTypes/publishers/offers/skus/versions\",\"location\":\"redmond\",\"properties\":{\"osDisk\":{\"osType\":\"Linux\",\"uri\":\"https://azsaddvmimagesacrp.blob.redmond.ext-n25r0507.masd.stbtest.microsoft.com/azsaddvmimagecontainercrp/UbuntuServer.vhd\"},\"dataDisks\":[{\"lun\":0,\"uri\":\"https://azsaddvmimagesacrp.blob.redmond.ext-n25r0507.masd.stbtest.microsoft.com/azsaddvmimagecontainercrp/datadisk1.vhd\"},{\"lun\":1,\"uri\":\"https://azsaddvmimagesacrp.blob.redmond.ext-n25r0507.masd.stbtest.microsoft.com/azsaddvmimagecontainercrp/datadisk2.vhd\"},{\"lun\":2,\"uri\":\"https://azsaddvmimagesacrp.blob.redmond.ext-n25r0507.masd.stbtest.microsoft.com/azsaddvmimagecontainercrp/datadisk3.vhd\"},{\"lun\":3,\"uri\":\"https://azsaddvmimagesacrp.blob.redmond.ext-n25r0507.masd.stbtest.microsoft.com/azsaddvmimagecontainercrp/datadisk4.vhd\"}],\"details\":null,\"replicate\":false,\"provisioningState\":\"Succeeded\"}}]",
      "isContentBase64": false
    }
  },
  "Get-AzsPlatformImage+[NoContext]+TestGetPlatformImage+$GET+https://management.azure.com/subscriptions/47b53730-e95d-4594-b843-d378bdff793a/providers/Microsoft.Compute.Admin/locations/redmond/artifactTypes/platformImage?api-version=2015-12-01-preview+1": {
    "Request": {
      "Method": "GET",
      "RequestUri": "https://adminmanagement.redmond.ext-n25r0507.masd.stbtest.microsoft.com/subscriptions/47b53730-e95d-4594-b843-d378bdff793a/providers/Microsoft.Compute.Admin/locations/redmond/artifactTypes/platformImage?api-version=2015-12-01-preview",
      "Content": null,
      "isContentBase64": false,
      "Headers": {
        "x-ms-unique-id": [ "226" ],
        "x-ms-client-request-id": [ "b86ab6fd-3c54-4ffe-a670-7b9237110db7" ],
        "CommandName": [ "Get-AzsPlatformImage" ],
        "FullCommandName": [ "Get-AzsPlatformImage_List" ],
        "ParameterSetName": [ "__AllParameterSets" ],
        "User-Agent": [ "AzurePowershell/Az4.0.0-preview" ],
        "Authorization": [ "[Filtered]" ]
      },
      "ContentHeaders": {
      }
    },
    "Response": {
      "StatusCode": 200,
      "Headers": {
        "Pragma": [ "no-cache" ],
        "x-ms-correlation-request-id": [ "170c4cd4-a863-4d95-8e07-24772448cc20" ],
        "x-ms-ratelimit-remaining-subscription-reads": [ "14930" ],
        "x-ms-request-id": [ "170c4cd4-a863-4d95-8e07-24772448cc20" ],
        "x-ms-routing-request-id": [ "REDMOND:20210809T213719Z:170c4cd4-a863-4d95-8e07-24772448cc20" ],
        "Strict-Transport-Security": [ "max-age=31536000; includeSubDomains" ],
        "X-Content-Type-Options": [ "nosniff" ],
        "Cache-Control": [ "no-cache" ],
        "Date": [ "Mon, 09 Aug 2021 21:37:19 GMT" ],
        "Server": [ "Microsoft-HTTPAPI/2.0" ],
        "WWW-Authenticate": [ "oYG3MIG0oAMKAQChCwYJKoZIgvcSAQICooGfBIGcYIGZBgkqhkiG9xIBAgICAG+BiTCBhqADAgEFoQMCAQ+iejB4oAMCARKicQRvbrguWb7PxooW26pYQB0Vn+Hyue771X5H9ufGL/6CD/XbP3CZ9xhQ/Yuykx3CUZAcASZ46nunUs30TcnvW25xApV8zZqSiO+KKjvxM4flug2oXN7BpuM2I1SzkWywIpJ4EKZeNFLfLrb2B1hkR4H0" ]
      },
      "ContentHeaders": {
        "Content-Length": [ "8344" ],
        "Content-Type": [ "application/json; charset=utf-8" ],
        "Expires": [ "-1" ]
      },
      "Content": "[{\"id\":\"/subscriptions/47b53730-e95d-4594-b843-d378bdff793a/providers/Microsoft.Compute.Admin/locations/redmond/artifactTypes/platformImage/publishers/Canonical/offers/UbuntuServer/skus/14.04.3-LTS/versions/14.04.201508050\",\"name\":null,\"type\":\"Microsoft.Compute.Admin/locations/artifactTypes/publishers/offers/skus/versions\",\"location\":\"redmond\",\"properties\":{\"osDisk\":{\"osType\":\"Linux\",\"uri\":\"https://azsaddvmimagesacrp.blob.redmond.ext-n25r0507.masd.stbtest.microsoft.com/azsaddvmimagecontainercrp/UbuntuServer.vhd\"},\"dataDisks\":null,\"details\":null,\"replicate\":false,\"provisioningState\":\"Succeeded\"}},{\"id\":\"/subscriptions/47b53730-e95d-4594-b843-d378bdff793a/providers/Microsoft.Compute.Admin/locations/redmond/artifactTypes/platformImage/publishers/canonical/offers/UbuntuServer/skus/16.04-LTS/versions/16.04.202007080\",\"name\":null,\"type\":\"Microsoft.Compute.Admin/locations/artifactTypes/publishers/offers/skus/versions\",\"location\":\"redmond\",\"properties\":{\"osDisk\":{\"osType\":\"Linux\",\"uri\":\"https://azstmktprodwcu001.blob.core.windows.net/packages/aa4d60fd88fe46f9a97a75d2bf08c291%2FImage%2FUbuntu-16_04-LTS-amd64-server-20200708-en-us-30GB.vhd?skoid=2d4f7bf2-3564-4014-ab3b-1df4cf7ca3d2\u0026sktid=33e01921-4d64-4f8c-a055-5bdaffd5e33d\u0026skt=2021-07-29T06%3a38%3a39Z\u0026ske=2021-07-31T06%3a58%3a39Z\u0026sks=b\u0026skv=2020-04-08\u0026sv=2020-04-08\u0026st=2021-07-29T06%3a58%3a39Z\u0026se=2021-07-31T06%3a58%3a39Z\u0026sr=b\u0026sp=r\"},\"dataDisks\":[],\"details\":{\"billingPartNumber\":\"\"},\"replicate\":false,\"provisioningState\":\"Succeeded\"}},{\"id\":\"/subscriptions/47b53730-e95d-4594-b843-d378bdff793a/providers/Microsoft.Compute.Admin/locations/redmond/artifactTypes/platformImage/publishers/canonical/offers/UbuntuServer/skus/18.04-LTS/versions/18.04.202007080\",\"name\":null,\"type\":\"Microsoft.Compute.Admin/locations/artifactTypes/publishers/offers/skus/versions\",\"location\":\"redmond\",\"properties\":{\"osDisk\":{\"osType\":\"Linux\",\"uri\":\"https://azstmktprodwcu001.blob.core.windows.net/packages/405c7160072b47e3b40def27399e3e9a%2FImage%2FUbuntu-18_04-LTS-amd64-server-20200708.1-en-us-30GB.vhd?skoid=2d4f7bf2-3564-4014-ab3b-1df4cf7ca3d2\u0026sktid=33e01921-4d64-4f8c-a055-5bdaffd5e33d\u0026skt=2021-07-29T06%3a38%3a37Z\u0026ske=2021-07-31T06%3a58%3a37Z\u0026sks=b\u0026skv=2020-04-08\u0026sv=2020-04-08\u0026st=2021-07-29T06%3a58%3a37Z\u0026se=2021-07-31T06%3a58%3a37Z\u0026sr=b\u0026sp=r\"},\"dataDisks\":[],\"details\":{\"billingPartNumber\":\"\"},\"replicate\":false,\"provisioningState\":\"Succeeded\"}},{\"id\":\"/subscriptions/47b53730-e95d-4594-b843-d378bdff793a/providers/Microsoft.Compute.Admin/locations/redmond/artifactTypes/platformImage/publishers/CRP/offers/TestImage/skus/Dynamic/versions/1.0.0\",\"name\":null,\"type\":\"Microsoft.Compute.Admin/locations/artifactTypes/publishers/offers/skus/versions\",\"location\":\"redmond\",\"properties\":{\"osDisk\":{\"osType\":\"Linux\",\"uri\":\"https://azsaddvmimagesacrp.blob.redmond.ext-n25r0507.masd.stbtest.microsoft.com/azsaddvmimagecontainercrp/UbuntuServer.vhd\"},\"dataDisks\":[{\"lun\":0,\"uri\":\"https://azsaddvmimagesacrp.blob.redmond.ext-n25r0507.masd.stbtest.microsoft.com/azsaddvmimagecontainercrp/datadisk1.vhd\"},{\"lun\":1,\"uri\":\"https://azsaddvmimagesacrp.blob.redmond.ext-n25r0507.masd.stbtest.microsoft.com/azsaddvmimagecontainercrp/datadisk2.vhd\"},{\"lun\":2,\"uri\":\"https://azsaddvmimagesacrp.blob.redmond.ext-n25r0507.masd.stbtest.microsoft.com/azsaddvmimagecontainercrp/datadisk3.vhd\"},{\"lun\":3,\"uri\":\"https://azsaddvmimagesacrp.blob.redmond.ext-n25r0507.masd.stbtest.microsoft.com/azsaddvmimagecontainercrp/datadisk4.vhd\"}],\"details\":null,\"replicate\":false,\"provisioningState\":\"Succeeded\"}},{\"id\":\"/subscriptions/47b53730-e95d-4594-b843-d378bdff793a/providers/Microsoft.Compute.Admin/locations/redmond/artifactTypes/platformImage/publishers/Microsoft/offers/WindowsServer/skus/2012-R2-Datacenter/versions/4.0.20150825\",\"name\":null,\"type\":\"Microsoft.Compute.Admin/locations/artifactTypes/publishers/offers/skus/versions\",\"location\":\"redmond\",\"properties\":{\"osDisk\":{\"osType\":\"Windows\",\"uri\":\"https://azsaddvmimagesacrp.blob.redmond.ext-n25r0507.masd.stbtest.microsoft.com/azsaddvmimagecontainercrp/WindowsServer2012R2DatacenterEval.vhd\"},\"dataDisks\":[{\"lun\":0,\"uri\":\"https://azsaddvmimagesacrp.blob.redmond.ext-n25r0507.masd.stbtest.microsoft.com/azsaddvmimagecontainercrp/datadisk1.vhd\"},{\"lun\":1,\"uri\":\"https://azsaddvmimagesacrp.blob.redmond.ext-n25r0507.masd.stbtest.microsoft.com/azsaddvmimagecontainercrp/datadisk2.vhd\"},{\"lun\":2,\"uri\":\"https://azsaddvmimagesacrp.blob.redmond.ext-n25r0507.masd.stbtest.microsoft.com/azsaddvmimagecontainercrp/datadisk3.vhd\"},{\"lun\":3,\"uri\":\"https://azsaddvmimagesacrp.blob.redmond.ext-n25r0507.masd.stbtest.microsoft.com/azsaddvmimagecontainercrp/datadisk4.vhd\"}],\"details\":null,\"replicate\":false,\"provisioningState\":\"Succeeded\"}},{\"id\":\"/subscriptions/47b53730-e95d-4594-b843-d378bdff793a/providers/Microsoft.Compute.Admin/locations/redmond/artifactTypes/platformImage/publishers/MicrosoftWindowsServer/offers/WindowsServer/skus/2012-R2-Datacenter/versions/10.0.0\",\"name\":null,\"type\":\"Microsoft.Compute.Admin/locations/artifactTypes/publishers/offers/skus/versions\",\"location\":\"redmond\",\"properties\":{\"osDisk\":{\"osType\":\"Windows\",\"uri\":\"https://azurestacktemplate.blob.core.windows.net/azurestacktemplate-public-container/WindowsServer2012R2DatacenterBYOL.vhd\"},\"dataDisks\":null,\"details\":null,\"replicate\":false,\"provisioningState\":\"Succeeded\"}},{\"id\":\"/subscriptions/47b53730-e95d-4594-b843-d378bdff793a/providers/Microsoft.Compute.Admin/locations/redmond/artifactTypes/platformImage/publishers/MicrosoftWindowsServer/offers/windowsserver/skus/2012-R2-Datacenter-smalldisk/versions/9600.19847.2010090140\",\"name\":null,\"type\":\"Microsoft.Compute.Admin/locations/artifactTypes/publishers/offers/skus/versions\",\"location\":\"redmond\",\"properties\":{\"osDisk\":{\"osType\":\"Windows\",\"uri\":\"https://azstmktprodwcu001.blob.core.windows.net/packages/007efb466dc6418b8027b640626b427f%2FImage%2Fvhd_2k12r2_server_serverdatacenter_vl_en-us_30gb_azuregallery_fixed.vhd?skoid=2d4f7bf2-3564-4014-ab3b-1df4cf7ca3d2\u0026sktid=33e01921-4d64-4f8c-a055-5bdaffd5e33d\u0026skt=2021-07-29T06%3a38%3a39Z\u0026ske=2021-07-31T06%3a58%3a39Z\u0026sks=b\u0026skv=2020-04-08\u0026sv=2020-04-08\u0026st=2021-07-29T06%3a58%3a39Z\u0026se=2021-07-31T06%3a58%3a39Z\u0026sr=b\u0026sp=r\"},\"dataDisks\":[],\"details\":{\"billingPartNumber\":\"\"},\"replicate\":false,\"provisioningState\":\"Succeeded\"}},{\"id\":\"/subscriptions/47b53730-e95d-4594-b843-d378bdff793a/providers/Microsoft.Compute.Admin/locations/redmond/artifactTypes/platformImage/publishers/MicrosoftWindowsServer/offers/windowsserver/skus/2016-Datacenter-smalldisk/versions/14393.3986.2010070045\",\"name\":null,\"type\":\"Microsoft.Compute.Admin/locations/artifactTypes/publishers/offers/skus/versions\",\"location\":\"redmond\",\"properties\":{\"osDisk\":{\"osType\":\"Windows\",\"uri\":\"https://azstmktprodwcu001.blob.core.windows.net/packages/c12f21f106244837acaafef12d14fc43%2FImage%2Fvhd_server_serverdatacenter_en-us_vl_30gb_azuregallery_fixed.vhd?skoid=2d4f7bf2-3564-4014-ab3b-1df4cf7ca3d2\u0026sktid=33e01921-4d64-4f8c-a055-5bdaffd5e33d\u0026skt=2021-07-29T06%3a38%3a39Z\u0026ske=2021-07-31T06%3a58%3a39Z\u0026sks=b\u0026skv=2020-04-08\u0026sv=2020-04-08\u0026st=2021-07-29T06%3a58%3a39Z\u0026se=2021-07-31T06%3a58%3a39Z\u0026sr=b\u0026sp=r\"},\"dataDisks\":[],\"details\":{\"billingPartNumber\":\"\"},\"replicate\":false,\"provisioningState\":\"Succeeded\"}},{\"id\":\"/subscriptions/47b53730-e95d-4594-b843-d378bdff793a/providers/Microsoft.Compute.Admin/locations/redmond/artifactTypes/platformImage/publishers/Ubuntu/offers/Desktop/skus/Enterprise/versions/1.1.0\",\"name\":null,\"type\":\"Microsoft.Compute.Admin/locations/artifactTypes/publishers/offers/skus/versions\",\"location\":\"redmond\",\"properties\":{\"osDisk\":{\"osType\":\"Linux\",\"uri\":\"https://azsaddvmimagesacrp.blob.redmond.ext-n25r0507.masd.stbtest.microsoft.com/azsaddvmimagecontainercrp/UbuntuServer.vhd\"},\"dataDisks\":[{\"lun\":0,\"uri\":\"https://azsaddvmimagesacrp.blob.redmond.ext-n25r0507.masd.stbtest.microsoft.com/azsaddvmimagecontainercrp/datadisk1.vhd\"},{\"lun\":1,\"uri\":\"https://azsaddvmimagesacrp.blob.redmond.ext-n25r0507.masd.stbtest.microsoft.com/azsaddvmimagecontainercrp/datadisk2.vhd\"},{\"lun\":2,\"uri\":\"https://azsaddvmimagesacrp.blob.redmond.ext-n25r0507.masd.stbtest.microsoft.com/azsaddvmimagecontainercrp/datadisk3.vhd\"},{\"lun\":3,\"uri\":\"https://azsaddvmimagesacrp.blob.redmond.ext-n25r0507.masd.stbtest.microsoft.com/azsaddvmimagecontainercrp/datadisk4.vhd\"}],\"details\":null,\"replicate\":false,\"provisioningState\":\"Succeeded\"}}]",
      "isContentBase64": false
    }
  },
  "Get-AzsPlatformImage+[NoContext]+TestGetPlatformImage+$GET+https://management.azure.com/subscriptions/47b53730-e95d-4594-b843-d378bdff793a/providers/Microsoft.Compute.Admin/locations/redmond/artifactTypes/platformImage/publishers/Canonical/offers/UbuntuServer/skus/14.04.3-LTS/versions/14.04.201508050?api-version=2015-12-01-preview+2": {
    "Request": {
      "Method": "GET",
      "RequestUri": "https://adminmanagement.redmond.ext-n25r0507.masd.stbtest.microsoft.com/subscriptions/47b53730-e95d-4594-b843-d378bdff793a/providers/Microsoft.Compute.Admin/locations/redmond/artifactTypes/platformImage/publishers/Canonical/offers/UbuntuServer/skus/14.04.3-LTS/versions/14.04.201508050?api-version=2015-12-01-preview",
      "Content": null,
      "isContentBase64": false,
      "Headers": {
        "x-ms-unique-id": [ "227" ],
        "x-ms-client-request-id": [ "5406d3c7-9aad-49d8-8f90-988a03f4f5f3" ],
        "CommandName": [ "Get-AzsPlatformImage" ],
        "FullCommandName": [ "Get-AzsPlatformImage_Get" ],
        "ParameterSetName": [ "__AllParameterSets" ],
        "User-Agent": [ "AzurePowershell/Az4.0.0-preview" ],
        "Authorization": [ "[Filtered]" ]
      },
      "ContentHeaders": {
      }
    },
    "Response": {
      "StatusCode": 200,
      "Headers": {
        "Pragma": [ "no-cache" ],
        "x-ms-correlation-request-id": [ "a7308613-4bc6-44b6-8ddb-189948b6087a" ],
        "x-ms-ratelimit-remaining-subscription-reads": [ "14929" ],
        "x-ms-request-id": [ "a7308613-4bc6-44b6-8ddb-189948b6087a" ],
        "x-ms-routing-request-id": [ "REDMOND:20210809T213719Z:a7308613-4bc6-44b6-8ddb-189948b6087a" ],
        "Strict-Transport-Security": [ "max-age=31536000; includeSubDomains" ],
        "X-Content-Type-Options": [ "nosniff" ],
        "Cache-Control": [ "no-cache" ],
        "Date": [ "Mon, 09 Aug 2021 21:37:19 GMT" ],
        "Server": [ "Microsoft-HTTPAPI/2.0" ],
        "WWW-Authenticate": [ "oYG3MIG0oAMKAQChCwYJKoZIgvcSAQICooGfBIGcYIGZBgkqhkiG9xIBAgICAG+BiTCBhqADAgEFoQMCAQ+iejB4oAMCARKicQRvRfoIXXaqCBk5rQnfQENQc/HKfp7m7TNqOcI2/7rTrN2ss6tNb9U23FCJKH5RdFzFcIoo4rZy/2QV7mI4TwhFQ+WaUAiJ3WP5wyHG8U6ZekAahgkudiYjiCTmjquau31q2KnFx+srSXT6WRqhUCD9" ]
      },
      "ContentHeaders": {
        "Content-Length": [ "601" ],
        "Content-Type": [ "application/json; charset=utf-8" ],
        "Expires": [ "-1" ]
      },
      "Content": "{\"id\":\"/subscriptions/47b53730-e95d-4594-b843-d378bdff793a/providers/Microsoft.Compute.Admin/locations/redmond/artifactTypes/platformImage/publishers/Canonical/offers/UbuntuServer/skus/14.04.3-LTS/versions/14.04.201508050\",\"name\":null,\"type\":\"Microsoft.Compute.Admin/locations/artifactTypes/publishers/offers/skus/versions\",\"location\":\"redmond\",\"properties\":{\"osDisk\":{\"osType\":\"Linux\",\"uri\":\"https://azsaddvmimagesacrp.blob.redmond.ext-n25r0507.masd.stbtest.microsoft.com/azsaddvmimagecontainercrp/UbuntuServer.vhd\"},\"dataDisks\":null,\"details\":null,\"replicate\":false,\"provisioningState\":\"Succeeded\"}}",
      "isContentBase64": false
    }
  }
}