{
  "Get-AzsVMExtension+[NoContext]+TestListVMExtensions+$GET+https://management.azure.com/subscriptions/67ddffc1-1bfa-4dd9-80a6-62ba2e348b6c/providers/Microsoft.Compute.Admin/locations/redmond/artifactTypes/VMExtension?api-version=2015-12-01-preview+1": {
    "Request": {
      "Method": "GET",
      "RequestUri": "https://adminmanagement.redmond.ext-n22r1006.masd.stbtest.microsoft.com/subscriptions/67ddffc1-1bfa-4dd9-80a6-62ba2e348b6c/providers/Microsoft.Compute.Admin/locations/redmond/artifactTypes/VMExtension?api-version=2015-12-01-preview",
      "Content": null,
      "isContentBase64": false,
      "Headers": {
        "x-ms-unique-id": [ "2374" ],
        "x-ms-client-request-id": [ "67b8419b-a39d-4863-b1ee-35aea43acb81" ],
        "CommandName": [ "Get-AzsVMExtension" ],
        "FullCommandName": [ "Get-AzsVMExtension_List" ],
        "ParameterSetName": [ "__AllParameterSets" ],
        "User-Agent": [ "AzurePowershell/Az4.0.0-preview" ],
        "Authorization": [ "[Filtered]" ]
      },
      "ContentHeaders": {
      }
    },
    "Response": {
      "StatusCode": 200,
      "Headers": {
        "Pragma": [ "no-cache" ],
        "x-ms-correlation-request-id": [ "d6695e88-4739-4d50-b303-cfaa603d9c41" ],
        "x-ms-ratelimit-remaining-subscription-reads": [ "14170" ],
        "x-ms-request-id": [ "d6695e88-4739-4d50-b303-cfaa603d9c41" ],
        "x-ms-routing-request-id": [ "REDMOND:20220318T001250Z:d6695e88-4739-4d50-b303-cfaa603d9c41" ],
        "Strict-Transport-Security": [ "max-age=31536000; includeSubDomains" ],
        "X-Content-Type-Options": [ "nosniff" ],
        "Cache-Control": [ "no-cache" ],
        "Date": [ "Fri, 18 Mar 2022 00:12:50 GMT" ],
        "Server": [ "Microsoft-HTTPAPI/2.0" ],
        "WWW-Authenticate": [ "oYG3MIG0oAMKAQChCwYJKoZIgvcSAQICooGfBIGcYIGZBgkqhkiG9xIBAgICAG+BiTCBhqADAgEFoQMCAQ+iejB4oAMCARKicQRvjTDNmtQJJiFVj3PT1KHQoGG8KZC+qJx/qQi+fZVikxqTFFIG55sfJQecyI/m0kuOvyYRn03jNDNz57FnX75dKvhsTkADsp/k7IkAEL7YNFEtxWQKs84BfNnU5zleBYFB+nw2XonMG81uxRTp50KG" ]
      },
      "ContentHeaders": {
        "Content-Length": [ "9382" ],
        "Content-Type": [ "application/json; charset=utf-8" ],
        "Expires": [ "-1" ]
      },
      "Content": "[{\"id\":\"/subscriptions/67ddffc1-1bfa-4dd9-80a6-62ba2e348b6c/providers/Microsoft.Compute.Admin/locations/redmond/artifactTypes/VMExtension/publishers/Microsoft.Compute/types/BGInfo/versions/2.1\",\"name\":null,\"type\":\"Microsoft.Compute.Admin/locations/artifactTypes/publishers/types/versions\",\"location\":\"redmond\",\"properties\":{\"publisher\":\"Microsoft.Compute\",\"extensionType\":\"BGInfo\",\"typeHandlerVersion\":\"2.1\",\"vmOsType\":\"Windows\",\"computeRole\":\"N/A\",\"vmScaleSetEnabled\":false,\"supportMultipleExtensions\":false,\"isSystemExtension\":false,\"sourceBlob\":null,\"provisioningState\":\"Succeeded\"}},{\"id\":\"/subscriptions/67ddffc1-1bfa-4dd9-80a6-62ba2e348b6c/providers/Microsoft.Compute.Admin/locations/redmond/artifactTypes/VMExtension/publishers/Microsoft.Azure.Diagnostics/types/IaaSDiagnostics/versions/1.18.0.5\",\"name\":null,\"type\":\"Microsoft.Compute.Admin/locations/artifactTypes/publishers/types/versions\",\"location\":\"redmond\",\"properties\":{\"publisher\":\"Microsoft.Azure.Diagnostics\",\"extensionType\":\"IaaSDiagnostics\",\"typeHandlerVersion\":\"1.18.0.5\",\"vmOsType\":\"Windows\",\"computeRole\":\"N/A\",\"vmScaleSetEnabled\":false,\"supportMultipleExtensions\":false,\"isSystemExtension\":false,\"sourceBlob\":null,\"provisioningState\":\"Succeeded\"}},{\"id\":\"/subscriptions/67ddffc1-1bfa-4dd9-80a6-62ba2e348b6c/providers/Microsoft.Compute.Admin/locations/redmond/artifactTypes/VMExtension/publishers/Microsoft.Azure.Diagnostics/types/LinuxDiagnostic/versions/3.0.121\",\"name\":null,\"type\":\"Microsoft.Compute.Admin/locations/artifactTypes/publishers/types/versions\",\"location\":\"redmond\",\"properties\":{\"publisher\":\"Microsoft.Azure.Diagnostics\",\"extensionType\":\"LinuxDiagnostic\",\"typeHandlerVersion\":\"3.0.121\",\"vmOsType\":\"Linux\",\"computeRole\":\"N/A\",\"vmScaleSetEnabled\":false,\"supportMultipleExtensions\":false,\"isSystemExtension\":false,\"sourceBlob\":null,\"provisioningState\":\"Succeeded\"}},{\"id\":\"/subscriptions/67ddffc1-1bfa-4dd9-80a6-62ba2e348b6c/providers/Microsoft.Compute.Admin/locations/redmond/artifactTypes/VMExtension/publishers/Microsoft.Azure.Extensions/types/CustomScriptForLinux/versions/2.0.6.1\",\"name\":null,\"type\":\"Microsoft.Compute.Admin/locations/artifactTypes/publishers/types/versions\",\"location\":\"redmond\",\"properties\":{\"publisher\":\"Microsoft.Azure.Extensions\",\"extensionType\":\"CustomScriptForLinux\",\"typeHandlerVersion\":\"2.0.6.1\",\"vmOsType\":\"Linux\",\"computeRole\":\"N/A\",\"vmScaleSetEnabled\":false,\"supportMultipleExtensions\":false,\"isSystemExtension\":false,\"sourceBlob\":null,\"provisioningState\":\"Succeeded\"}},{\"id\":\"/subscriptions/67ddffc1-1bfa-4dd9-80a6-62ba2e348b6c/providers/Microsoft.Compute.Admin/locations/redmond/artifactTypes/VMExtension/publishers/Microsoft.Azure.Security/types/IaaSAntimalware/versions/1.5.5.9\",\"name\":null,\"type\":\"Microsoft.Compute.Admin/locations/artifactTypes/publishers/types/versions\",\"location\":\"redmond\",\"properties\":{\"publisher\":\"Microsoft.Azure.Security\",\"extensionType\":\"IaaSAntimalware\",\"typeHandlerVersion\":\"1.5.5.9\",\"vmOsType\":\"Windows\",\"computeRole\":\"N/A\",\"vmScaleSetEnabled\":false,\"supportMultipleExtensions\":false,\"isSystemExtension\":false,\"sourceBlob\":null,\"provisioningState\":\"Succeeded\"}},{\"id\":\"/subscriptions/67ddffc1-1bfa-4dd9-80a6-62ba2e348b6c/providers/Microsoft.Compute.Admin/locations/redmond/artifactTypes/VMExtension/publishers/Microsoft.Compute/types/CustomScriptExtension/versions/1.10.13.1\",\"name\":null,\"type\":\"Microsoft.Compute.Admin/locations/artifactTypes/publishers/types/versions\",\"location\":\"redmond\",\"properties\":{\"publisher\":\"Microsoft.Compute\",\"extensionType\":\"CustomScriptExtension\",\"typeHandlerVersion\":\"1.10.13.1\",\"vmOsType\":\"Windows\",\"computeRole\":\"N/A\",\"vmScaleSetEnabled\":false,\"supportMultipleExtensions\":false,\"isSystemExtension\":false,\"sourceBlob\":null,\"provisioningState\":\"Succeeded\"}},{\"id\":\"/subscriptions/67ddffc1-1bfa-4dd9-80a6-62ba2e348b6c/providers/Microsoft.Compute.Admin/locations/redmond/artifactTypes/VMExtension/publishers/Microsoft.Compute/types/JsonADDomainExtension/versions/1.3.7.1\",\"name\":null,\"type\":\"Microsoft.Compute.Admin/locations/artifactTypes/publishers/types/versions\",\"location\":\"redmond\",\"properties\":{\"publisher\":\"Microsoft.Compute\",\"extensionType\":\"JsonADDomainExtension\",\"typeHandlerVersion\":\"1.3.7.1\",\"vmOsType\":\"Windows\",\"computeRole\":\"IaaS\",\"vmScaleSetEnabled\":false,\"supportMultipleExtensions\":false,\"isSystemExtension\":false,\"sourceBlob\":null,\"provisioningState\":\"Succeeded\"}},{\"id\":\"/subscriptions/67ddffc1-1bfa-4dd9-80a6-62ba2e348b6c/providers/Microsoft.Compute.Admin/locations/redmond/artifactTypes/VMExtension/publishers/Microsoft.Compute/types/VMAccessAgent/versions/2.4.9.1\",\"name\":null,\"type\":\"Microsoft.Compute.Admin/locations/artifactTypes/publishers/types/versions\",\"location\":\"redmond\",\"properties\":{\"publisher\":\"Microsoft.Compute\",\"extensionType\":\"VMAccessAgent\",\"typeHandlerVersion\":\"2.4.9.1\",\"vmOsType\":\"Windows\",\"computeRole\":\"N/A\",\"vmScaleSetEnabled\":false,\"supportMultipleExtensions\":false,\"isSystemExtension\":false,\"sourceBlob\":null,\"provisioningState\":\"Succeeded\"}},{\"id\":\"/subscriptions/67ddffc1-1bfa-4dd9-80a6-62ba2e348b6c/providers/Microsoft.Compute.Admin/locations/redmond/artifactTypes/VMExtension/publishers/Microsoft.CPlat.Core/types/RunCommandForLinux/versions/1.0.1.1\",\"name\":null,\"type\":\"Microsoft.Compute.Admin/locations/artifactTypes/publishers/types/versions\",\"location\":\"redmond\",\"properties\":{\"publisher\":\"Microsoft.CPlat.Core\",\"extensionType\":\"RunCommandForLinux\",\"typeHandlerVersion\":\"1.0.1.1\",\"vmOsType\":\"Linux\",\"computeRole\":\"N/A\",\"vmScaleSetEnabled\":false,\"supportMultipleExtensions\":false,\"isSystemExtension\":false,\"sourceBlob\":null,\"provisioningState\":\"Succeeded\"}},{\"id\":\"/subscriptions/67ddffc1-1bfa-4dd9-80a6-62ba2e348b6c/providers/Microsoft.Compute.Admin/locations/redmond/artifactTypes/VMExtension/publishers/Microsoft.EnterpriseCloud.Monitoring/types/MicrosoftMonitoringAgent/versions/1.0.11081.5\",\"name\":null,\"type\":\"Microsoft.Compute.Admin/locations/artifactTypes/publishers/types/versions\",\"location\":\"redmond\",\"properties\":{\"publisher\":\"Microsoft.EnterpriseCloud.Monitoring\",\"extensionType\":\"MicrosoftMonitoringAgent\",\"typeHandlerVersion\":\"1.0.11081.5\",\"vmOsType\":\"Windows\",\"computeRole\":\"N/A\",\"vmScaleSetEnabled\":false,\"supportMultipleExtensions\":false,\"isSystemExtension\":false,\"sourceBlob\":null,\"provisioningState\":\"Succeeded\"}},{\"id\":\"/subscriptions/67ddffc1-1bfa-4dd9-80a6-62ba2e348b6c/providers/Microsoft.Compute.Admin/locations/redmond/artifactTypes/VMExtension/publishers/Microsoft.HpcCompute/types/AmdGpuDriverWindows/versions/1.0.4.0\",\"name\":null,\"type\":\"Microsoft.Compute.Admin/locations/artifactTypes/publishers/types/versions\",\"location\":\"redmond\",\"properties\":{\"publisher\":\"Microsoft.HpcCompute\",\"extensionType\":\"AmdGpuDriverWindows\",\"typeHandlerVersion\":\"1.0.4.0\",\"vmOsType\":\"Windows\",\"computeRole\":\"N/A\",\"vmScaleSetEnabled\":false,\"supportMultipleExtensions\":false,\"isSystemExtension\":false,\"sourceBlob\":null,\"provisioningState\":\"Succeeded\"}},{\"id\":\"/subscriptions/67ddffc1-1bfa-4dd9-80a6-62ba2e348b6c/providers/Microsoft.Compute.Admin/locations/redmond/artifactTypes/VMExtension/publishers/Microsoft.HpcCompute/types/NvidiaGpuDriverLinux/versions/1.3.1.0\",\"name\":null,\"type\":\"Microsoft.Compute.Admin/locations/artifactTypes/publishers/types/versions\",\"location\":\"redmond\",\"properties\":{\"publisher\":\"Microsoft.HpcCompute\",\"extensionType\":\"NvidiaGpuDriverLinux\",\"typeHandlerVersion\":\"1.3.1.0\",\"vmOsType\":\"Linux\",\"computeRole\":\"N/A\",\"vmScaleSetEnabled\":false,\"supportMultipleExtensions\":false,\"isSystemExtension\":false,\"sourceBlob\":null,\"provisioningState\":\"Succeeded\"}},{\"id\":\"/subscriptions/67ddffc1-1bfa-4dd9-80a6-62ba2e348b6c/providers/Microsoft.Compute.Admin/locations/redmond/artifactTypes/VMExtension/publishers/Microsoft.HpcCompute/types/NvidiaGpuDriverWindows/versions/1.3.2.0\",\"name\":null,\"type\":\"Microsoft.Compute.Admin/locations/artifactTypes/publishers/types/versions\",\"location\":\"redmond\",\"properties\":{\"publisher\":\"Microsoft.HpcCompute\",\"extensionType\":\"NvidiaGpuDriverWindows\",\"typeHandlerVersion\":\"1.3.2.0\",\"vmOsType\":\"Windows\",\"computeRole\":\"N/A\",\"vmScaleSetEnabled\":false,\"supportMultipleExtensions\":false,\"isSystemExtension\":false,\"sourceBlob\":null,\"provisioningState\":\"Succeeded\"}},{\"id\":\"/subscriptions/67ddffc1-1bfa-4dd9-80a6-62ba2e348b6c/providers/Microsoft.Compute.Admin/locations/redmond/artifactTypes/VMExtension/publishers/Microsoft.OSTCExtensions/types/VMAccessForLinux/versions/1.5.11.1\",\"name\":null,\"type\":\"Microsoft.Compute.Admin/locations/artifactTypes/publishers/types/versions\",\"location\":\"redmond\",\"properties\":{\"publisher\":\"Microsoft.OSTCExtensions\",\"extensionType\":\"VMAccessForLinux\",\"typeHandlerVersion\":\"1.5.11.1\",\"vmOsType\":\"Linux\",\"computeRole\":\"N/A\",\"vmScaleSetEnabled\":false,\"supportMultipleExtensions\":false,\"isSystemExtension\":false,\"sourceBlob\":null,\"provisioningState\":\"Succeeded\"}},{\"id\":\"/subscriptions/67ddffc1-1bfa-4dd9-80a6-62ba2e348b6c/providers/Microsoft.Compute.Admin/locations/redmond/artifactTypes/VMExtension/publishers/Microsoft.Powershell/types/DSC/versions/2.77.0.0\",\"name\":null,\"type\":\"Microsoft.Compute.Admin/locations/artifactTypes/publishers/types/versions\",\"location\":\"redmond\",\"properties\":{\"publisher\":\"Microsoft.Powershell\",\"extensionType\":\"DSC\",\"typeHandlerVersion\":\"2.77.0.0\",\"vmOsType\":\"Windows\",\"computeRole\":\"N/A\",\"vmScaleSetEnabled\":false,\"supportMultipleExtensions\":false,\"isSystemExtension\":false,\"sourceBlob\":null,\"provisioningState\":\"Succeeded\"}}]",
      "isContentBase64": false
    }
  },
  "Get-AzsVMExtension+[NoContext]+TestGetVMExtension+$GET+https://management.azure.com/subscriptions/67ddffc1-1bfa-4dd9-80a6-62ba2e348b6c/providers/Microsoft.Compute.Admin/locations/redmond/artifactTypes/VMExtension?api-version=2015-12-01-preview+1": {
    "Request": {
      "Method": "GET",
      "RequestUri": "https://adminmanagement.redmond.ext-n22r1006.masd.stbtest.microsoft.com/subscriptions/67ddffc1-1bfa-4dd9-80a6-62ba2e348b6c/providers/Microsoft.Compute.Admin/locations/redmond/artifactTypes/VMExtension?api-version=2015-12-01-preview",
      "Content": null,
      "isContentBase64": false,
      "Headers": {
        "x-ms-unique-id": [ "2375" ],
        "x-ms-client-request-id": [ "9fada458-dd6f-4fed-b637-f7a2857f2101" ],
        "CommandName": [ "Get-AzsVMExtension" ],
        "FullCommandName": [ "Get-AzsVMExtension_List" ],
        "ParameterSetName": [ "__AllParameterSets" ],
        "User-Agent": [ "AzurePowershell/Az4.0.0-preview" ],
        "Authorization": [ "[Filtered]" ]
      },
      "ContentHeaders": {
      }
    },
    "Response": {
      "StatusCode": 200,
      "Headers": {
        "Pragma": [ "no-cache" ],
        "x-ms-correlation-request-id": [ "895c9449-9598-4988-8739-a5cff1d424fc" ],
        "x-ms-ratelimit-remaining-subscription-reads": [ "14169" ],
        "x-ms-request-id": [ "895c9449-9598-4988-8739-a5cff1d424fc" ],
        "x-ms-routing-request-id": [ "REDMOND:20220318T001250Z:895c9449-9598-4988-8739-a5cff1d424fc" ],
        "Strict-Transport-Security": [ "max-age=31536000; includeSubDomains" ],
        "X-Content-Type-Options": [ "nosniff" ],
        "Cache-Control": [ "no-cache" ],
        "Date": [ "Fri, 18 Mar 2022 00:12:50 GMT" ],
        "Server": [ "Microsoft-HTTPAPI/2.0" ],
        "WWW-Authenticate": [ "oYG3MIG0oAMKAQChCwYJKoZIgvcSAQICooGfBIGcYIGZBgkqhkiG9xIBAgICAG+BiTCBhqADAgEFoQMCAQ+iejB4oAMCARKicQRvN0aUnzLyqG2DeyRBWkfu2pCvczHwwFWcvH+dIp/TpJg7IExYlYymupO1MAsJjnF8/Cudh1CF+EgLz+MsYiNKEcjlO1s01RmqLkz7aWINAUpxjj+3ue8yqzXukKxjWH4Wt4B3BTDsawegJqGbVGvh" ]
      },
      "ContentHeaders": {
        "Content-Length": [ "9382" ],
        "Content-Type": [ "application/json; charset=utf-8" ],
        "Expires": [ "-1" ]
      },
      "Content": "[{\"id\":\"/subscriptions/67ddffc1-1bfa-4dd9-80a6-62ba2e348b6c/providers/Microsoft.Compute.Admin/locations/redmond/artifactTypes/VMExtension/publishers/Microsoft.Compute/types/BGInfo/versions/2.1\",\"name\":null,\"type\":\"Microsoft.Compute.Admin/locations/artifactTypes/publishers/types/versions\",\"location\":\"redmond\",\"properties\":{\"publisher\":\"Microsoft.Compute\",\"extensionType\":\"BGInfo\",\"typeHandlerVersion\":\"2.1\",\"vmOsType\":\"Windows\",\"computeRole\":\"N/A\",\"vmScaleSetEnabled\":false,\"supportMultipleExtensions\":false,\"isSystemExtension\":false,\"sourceBlob\":null,\"provisioningState\":\"Succeeded\"}},{\"id\":\"/subscriptions/67ddffc1-1bfa-4dd9-80a6-62ba2e348b6c/providers/Microsoft.Compute.Admin/locations/redmond/artifactTypes/VMExtension/publishers/Microsoft.Azure.Diagnostics/types/IaaSDiagnostics/versions/1.18.0.5\",\"name\":null,\"type\":\"Microsoft.Compute.Admin/locations/artifactTypes/publishers/types/versions\",\"location\":\"redmond\",\"properties\":{\"publisher\":\"Microsoft.Azure.Diagnostics\",\"extensionType\":\"IaaSDiagnostics\",\"typeHandlerVersion\":\"1.18.0.5\",\"vmOsType\":\"Windows\",\"computeRole\":\"N/A\",\"vmScaleSetEnabled\":false,\"supportMultipleExtensions\":false,\"isSystemExtension\":false,\"sourceBlob\":null,\"provisioningState\":\"Succeeded\"}},{\"id\":\"/subscriptions/67ddffc1-1bfa-4dd9-80a6-62ba2e348b6c/providers/Microsoft.Compute.Admin/locations/redmond/artifactTypes/VMExtension/publishers/Microsoft.Azure.Diagnostics/types/LinuxDiagnostic/versions/3.0.121\",\"name\":null,\"type\":\"Microsoft.Compute.Admin/locations/artifactTypes/publishers/types/versions\",\"location\":\"redmond\",\"properties\":{\"publisher\":\"Microsoft.Azure.Diagnostics\",\"extensionType\":\"LinuxDiagnostic\",\"typeHandlerVersion\":\"3.0.121\",\"vmOsType\":\"Linux\",\"computeRole\":\"N/A\",\"vmScaleSetEnabled\":false,\"supportMultipleExtensions\":false,\"isSystemExtension\":false,\"sourceBlob\":null,\"provisioningState\":\"Succeeded\"}},{\"id\":\"/subscriptions/67ddffc1-1bfa-4dd9-80a6-62ba2e348b6c/providers/Microsoft.Compute.Admin/locations/redmond/artifactTypes/VMExtension/publishers/Microsoft.Azure.Extensions/types/CustomScriptForLinux/versions/2.0.6.1\",\"name\":null,\"type\":\"Microsoft.Compute.Admin/locations/artifactTypes/publishers/types/versions\",\"location\":\"redmond\",\"properties\":{\"publisher\":\"Microsoft.Azure.Extensions\",\"extensionType\":\"CustomScriptForLinux\",\"typeHandlerVersion\":\"2.0.6.1\",\"vmOsType\":\"Linux\",\"computeRole\":\"N/A\",\"vmScaleSetEnabled\":false,\"supportMultipleExtensions\":false,\"isSystemExtension\":false,\"sourceBlob\":null,\"provisioningState\":\"Succeeded\"}},{\"id\":\"/subscriptions/67ddffc1-1bfa-4dd9-80a6-62ba2e348b6c/providers/Microsoft.Compute.Admin/locations/redmond/artifactTypes/VMExtension/publishers/Microsoft.Azure.Security/types/IaaSAntimalware/versions/1.5.5.9\",\"name\":null,\"type\":\"Microsoft.Compute.Admin/locations/artifactTypes/publishers/types/versions\",\"location\":\"redmond\",\"properties\":{\"publisher\":\"Microsoft.Azure.Security\",\"extensionType\":\"IaaSAntimalware\",\"typeHandlerVersion\":\"1.5.5.9\",\"vmOsType\":\"Windows\",\"computeRole\":\"N/A\",\"vmScaleSetEnabled\":false,\"supportMultipleExtensions\":false,\"isSystemExtension\":false,\"sourceBlob\":null,\"provisioningState\":\"Succeeded\"}},{\"id\":\"/subscriptions/67ddffc1-1bfa-4dd9-80a6-62ba2e348b6c/providers/Microsoft.Compute.Admin/locations/redmond/artifactTypes/VMExtension/publishers/Microsoft.Compute/types/CustomScriptExtension/versions/1.10.13.1\",\"name\":null,\"type\":\"Microsoft.Compute.Admin/locations/artifactTypes/publishers/types/versions\",\"location\":\"redmond\",\"properties\":{\"publisher\":\"Microsoft.Compute\",\"extensionType\":\"CustomScriptExtension\",\"typeHandlerVersion\":\"1.10.13.1\",\"vmOsType\":\"Windows\",\"computeRole\":\"N/A\",\"vmScaleSetEnabled\":false,\"supportMultipleExtensions\":false,\"isSystemExtension\":false,\"sourceBlob\":null,\"provisioningState\":\"Succeeded\"}},{\"id\":\"/subscriptions/67ddffc1-1bfa-4dd9-80a6-62ba2e348b6c/providers/Microsoft.Compute.Admin/locations/redmond/artifactTypes/VMExtension/publishers/Microsoft.Compute/types/JsonADDomainExtension/versions/1.3.7.1\",\"name\":null,\"type\":\"Microsoft.Compute.Admin/locations/artifactTypes/publishers/types/versions\",\"location\":\"redmond\",\"properties\":{\"publisher\":\"Microsoft.Compute\",\"extensionType\":\"JsonADDomainExtension\",\"typeHandlerVersion\":\"1.3.7.1\",\"vmOsType\":\"Windows\",\"computeRole\":\"IaaS\",\"vmScaleSetEnabled\":false,\"supportMultipleExtensions\":false,\"isSystemExtension\":false,\"sourceBlob\":null,\"provisioningState\":\"Succeeded\"}},{\"id\":\"/subscriptions/67ddffc1-1bfa-4dd9-80a6-62ba2e348b6c/providers/Microsoft.Compute.Admin/locations/redmond/artifactTypes/VMExtension/publishers/Microsoft.Compute/types/VMAccessAgent/versions/2.4.9.1\",\"name\":null,\"type\":\"Microsoft.Compute.Admin/locations/artifactTypes/publishers/types/versions\",\"location\":\"redmond\",\"properties\":{\"publisher\":\"Microsoft.Compute\",\"extensionType\":\"VMAccessAgent\",\"typeHandlerVersion\":\"2.4.9.1\",\"vmOsType\":\"Windows\",\"computeRole\":\"N/A\",\"vmScaleSetEnabled\":false,\"supportMultipleExtensions\":false,\"isSystemExtension\":false,\"sourceBlob\":null,\"provisioningState\":\"Succeeded\"}},{\"id\":\"/subscriptions/67ddffc1-1bfa-4dd9-80a6-62ba2e348b6c/providers/Microsoft.Compute.Admin/locations/redmond/artifactTypes/VMExtension/publishers/Microsoft.CPlat.Core/types/RunCommandForLinux/versions/1.0.1.1\",\"name\":null,\"type\":\"Microsoft.Compute.Admin/locations/artifactTypes/publishers/types/versions\",\"location\":\"redmond\",\"properties\":{\"publisher\":\"Microsoft.CPlat.Core\",\"extensionType\":\"RunCommandForLinux\",\"typeHandlerVersion\":\"1.0.1.1\",\"vmOsType\":\"Linux\",\"computeRole\":\"N/A\",\"vmScaleSetEnabled\":false,\"supportMultipleExtensions\":false,\"isSystemExtension\":false,\"sourceBlob\":null,\"provisioningState\":\"Succeeded\"}},{\"id\":\"/subscriptions/67ddffc1-1bfa-4dd9-80a6-62ba2e348b6c/providers/Microsoft.Compute.Admin/locations/redmond/artifactTypes/VMExtension/publishers/Microsoft.EnterpriseCloud.Monitoring/types/MicrosoftMonitoringAgent/versions/1.0.11081.5\",\"name\":null,\"type\":\"Microsoft.Compute.Admin/locations/artifactTypes/publishers/types/versions\",\"location\":\"redmond\",\"properties\":{\"publisher\":\"Microsoft.EnterpriseCloud.Monitoring\",\"extensionType\":\"MicrosoftMonitoringAgent\",\"typeHandlerVersion\":\"1.0.11081.5\",\"vmOsType\":\"Windows\",\"computeRole\":\"N/A\",\"vmScaleSetEnabled\":false,\"supportMultipleExtensions\":false,\"isSystemExtension\":false,\"sourceBlob\":null,\"provisioningState\":\"Succeeded\"}},{\"id\":\"/subscriptions/67ddffc1-1bfa-4dd9-80a6-62ba2e348b6c/providers/Microsoft.Compute.Admin/locations/redmond/artifactTypes/VMExtension/publishers/Microsoft.HpcCompute/types/AmdGpuDriverWindows/versions/1.0.4.0\",\"name\":null,\"type\":\"Microsoft.Compute.Admin/locations/artifactTypes/publishers/types/versions\",\"location\":\"redmond\",\"properties\":{\"publisher\":\"Microsoft.HpcCompute\",\"extensionType\":\"AmdGpuDriverWindows\",\"typeHandlerVersion\":\"1.0.4.0\",\"vmOsType\":\"Windows\",\"computeRole\":\"N/A\",\"vmScaleSetEnabled\":false,\"supportMultipleExtensions\":false,\"isSystemExtension\":false,\"sourceBlob\":null,\"provisioningState\":\"Succeeded\"}},{\"id\":\"/subscriptions/67ddffc1-1bfa-4dd9-80a6-62ba2e348b6c/providers/Microsoft.Compute.Admin/locations/redmond/artifactTypes/VMExtension/publishers/Microsoft.HpcCompute/types/NvidiaGpuDriverLinux/versions/1.3.1.0\",\"name\":null,\"type\":\"Microsoft.Compute.Admin/locations/artifactTypes/publishers/types/versions\",\"location\":\"redmond\",\"properties\":{\"publisher\":\"Microsoft.HpcCompute\",\"extensionType\":\"NvidiaGpuDriverLinux\",\"typeHandlerVersion\":\"1.3.1.0\",\"vmOsType\":\"Linux\",\"computeRole\":\"N/A\",\"vmScaleSetEnabled\":false,\"supportMultipleExtensions\":false,\"isSystemExtension\":false,\"sourceBlob\":null,\"provisioningState\":\"Succeeded\"}},{\"id\":\"/subscriptions/67ddffc1-1bfa-4dd9-80a6-62ba2e348b6c/providers/Microsoft.Compute.Admin/locations/redmond/artifactTypes/VMExtension/publishers/Microsoft.HpcCompute/types/NvidiaGpuDriverWindows/versions/1.3.2.0\",\"name\":null,\"type\":\"Microsoft.Compute.Admin/locations/artifactTypes/publishers/types/versions\",\"location\":\"redmond\",\"properties\":{\"publisher\":\"Microsoft.HpcCompute\",\"extensionType\":\"NvidiaGpuDriverWindows\",\"typeHandlerVersion\":\"1.3.2.0\",\"vmOsType\":\"Windows\",\"computeRole\":\"N/A\",\"vmScaleSetEnabled\":false,\"supportMultipleExtensions\":false,\"isSystemExtension\":false,\"sourceBlob\":null,\"provisioningState\":\"Succeeded\"}},{\"id\":\"/subscriptions/67ddffc1-1bfa-4dd9-80a6-62ba2e348b6c/providers/Microsoft.Compute.Admin/locations/redmond/artifactTypes/VMExtension/publishers/Microsoft.OSTCExtensions/types/VMAccessForLinux/versions/1.5.11.1\",\"name\":null,\"type\":\"Microsoft.Compute.Admin/locations/artifactTypes/publishers/types/versions\",\"location\":\"redmond\",\"properties\":{\"publisher\":\"Microsoft.OSTCExtensions\",\"extensionType\":\"VMAccessForLinux\",\"typeHandlerVersion\":\"1.5.11.1\",\"vmOsType\":\"Linux\",\"computeRole\":\"N/A\",\"vmScaleSetEnabled\":false,\"supportMultipleExtensions\":false,\"isSystemExtension\":false,\"sourceBlob\":null,\"provisioningState\":\"Succeeded\"}},{\"id\":\"/subscriptions/67ddffc1-1bfa-4dd9-80a6-62ba2e348b6c/providers/Microsoft.Compute.Admin/locations/redmond/artifactTypes/VMExtension/publishers/Microsoft.Powershell/types/DSC/versions/2.77.0.0\",\"name\":null,\"type\":\"Microsoft.Compute.Admin/locations/artifactTypes/publishers/types/versions\",\"location\":\"redmond\",\"properties\":{\"publisher\":\"Microsoft.Powershell\",\"extensionType\":\"DSC\",\"typeHandlerVersion\":\"2.77.0.0\",\"vmOsType\":\"Windows\",\"computeRole\":\"N/A\",\"vmScaleSetEnabled\":false,\"supportMultipleExtensions\":false,\"isSystemExtension\":false,\"sourceBlob\":null,\"provisioningState\":\"Succeeded\"}}]",
      "isContentBase64": false
    }
  },
  "Get-AzsVMExtension+[NoContext]+TestGetAllVMExtensions+$GET+https://management.azure.com/subscriptions/67ddffc1-1bfa-4dd9-80a6-62ba2e348b6c/providers/Microsoft.Compute.Admin/locations/redmond/artifactTypes/VMExtension?api-version=2015-12-01-preview+1": {
    "Request": {
      "Method": "GET",
      "RequestUri": "https://adminmanagement.redmond.ext-n22r1006.masd.stbtest.microsoft.com/subscriptions/67ddffc1-1bfa-4dd9-80a6-62ba2e348b6c/providers/Microsoft.Compute.Admin/locations/redmond/artifactTypes/VMExtension?api-version=2015-12-01-preview",
      "Content": null,
      "isContentBase64": false,
      "Headers": {
        "x-ms-unique-id": [ "2376" ],
        "x-ms-client-request-id": [ "a48d64e6-19cf-4a1d-89e6-c48136c08e3d" ],
        "CommandName": [ "Get-AzsVMExtension" ],
        "FullCommandName": [ "Get-AzsVMExtension_List" ],
        "ParameterSetName": [ "__AllParameterSets" ],
        "User-Agent": [ "AzurePowershell/Az4.0.0-preview" ],
        "Authorization": [ "[Filtered]" ]
      },
      "ContentHeaders": {
      }
    },
    "Response": {
      "StatusCode": 200,
      "Headers": {
        "Pragma": [ "no-cache" ],
        "x-ms-correlation-request-id": [ "6866b46d-1748-4304-a74a-b478a5f85fa4" ],
        "x-ms-ratelimit-remaining-subscription-reads": [ "14168" ],
        "x-ms-request-id": [ "6866b46d-1748-4304-a74a-b478a5f85fa4" ],
        "x-ms-routing-request-id": [ "REDMOND:20220318T001250Z:6866b46d-1748-4304-a74a-b478a5f85fa4" ],
        "Strict-Transport-Security": [ "max-age=31536000; includeSubDomains" ],
        "X-Content-Type-Options": [ "nosniff" ],
        "Cache-Control": [ "no-cache" ],
        "Date": [ "Fri, 18 Mar 2022 00:12:50 GMT" ],
        "Server": [ "Microsoft-HTTPAPI/2.0" ],
        "WWW-Authenticate": [ "oYG3MIG0oAMKAQChCwYJKoZIgvcSAQICooGfBIGcYIGZBgkqhkiG9xIBAgICAG+BiTCBhqADAgEFoQMCAQ+iejB4oAMCARKicQRvfdtcy0s9OQAG/TtmHb0NW9V6EfqmRW3irqWfzkwI1VzfaUVK3j4e6ly0x6xKQ27fr6jSkTG5gFGrPcGJ3H9onPZJ8137Hh3H343uwtTQpmB6eGb4LhV1Ei7mHPjpYrdOU/pIv3v5MMs99Qqkql0Z" ]
      },
      "ContentHeaders": {
        "Content-Length": [ "9382" ],
        "Content-Type": [ "application/json; charset=utf-8" ],
        "Expires": [ "-1" ]
      },
      "Content": "[{\"id\":\"/subscriptions/67ddffc1-1bfa-4dd9-80a6-62ba2e348b6c/providers/Microsoft.Compute.Admin/locations/redmond/artifactTypes/VMExtension/publishers/Microsoft.Compute/types/BGInfo/versions/2.1\",\"name\":null,\"type\":\"Microsoft.Compute.Admin/locations/artifactTypes/publishers/types/versions\",\"location\":\"redmond\",\"properties\":{\"publisher\":\"Microsoft.Compute\",\"extensionType\":\"BGInfo\",\"typeHandlerVersion\":\"2.1\",\"vmOsType\":\"Windows\",\"computeRole\":\"N/A\",\"vmScaleSetEnabled\":false,\"supportMultipleExtensions\":false,\"isSystemExtension\":false,\"sourceBlob\":null,\"provisioningState\":\"Succeeded\"}},{\"id\":\"/subscriptions/67ddffc1-1bfa-4dd9-80a6-62ba2e348b6c/providers/Microsoft.Compute.Admin/locations/redmond/artifactTypes/VMExtension/publishers/Microsoft.Azure.Diagnostics/types/IaaSDiagnostics/versions/1.18.0.5\",\"name\":null,\"type\":\"Microsoft.Compute.Admin/locations/artifactTypes/publishers/types/versions\",\"location\":\"redmond\",\"properties\":{\"publisher\":\"Microsoft.Azure.Diagnostics\",\"extensionType\":\"IaaSDiagnostics\",\"typeHandlerVersion\":\"1.18.0.5\",\"vmOsType\":\"Windows\",\"computeRole\":\"N/A\",\"vmScaleSetEnabled\":false,\"supportMultipleExtensions\":false,\"isSystemExtension\":false,\"sourceBlob\":null,\"provisioningState\":\"Succeeded\"}},{\"id\":\"/subscriptions/67ddffc1-1bfa-4dd9-80a6-62ba2e348b6c/providers/Microsoft.Compute.Admin/locations/redmond/artifactTypes/VMExtension/publishers/Microsoft.Azure.Diagnostics/types/LinuxDiagnostic/versions/3.0.121\",\"name\":null,\"type\":\"Microsoft.Compute.Admin/locations/artifactTypes/publishers/types/versions\",\"location\":\"redmond\",\"properties\":{\"publisher\":\"Microsoft.Azure.Diagnostics\",\"extensionType\":\"LinuxDiagnostic\",\"typeHandlerVersion\":\"3.0.121\",\"vmOsType\":\"Linux\",\"computeRole\":\"N/A\",\"vmScaleSetEnabled\":false,\"supportMultipleExtensions\":false,\"isSystemExtension\":false,\"sourceBlob\":null,\"provisioningState\":\"Succeeded\"}},{\"id\":\"/subscriptions/67ddffc1-1bfa-4dd9-80a6-62ba2e348b6c/providers/Microsoft.Compute.Admin/locations/redmond/artifactTypes/VMExtension/publishers/Microsoft.Azure.Extensions/types/CustomScriptForLinux/versions/2.0.6.1\",\"name\":null,\"type\":\"Microsoft.Compute.Admin/locations/artifactTypes/publishers/types/versions\",\"location\":\"redmond\",\"properties\":{\"publisher\":\"Microsoft.Azure.Extensions\",\"extensionType\":\"CustomScriptForLinux\",\"typeHandlerVersion\":\"2.0.6.1\",\"vmOsType\":\"Linux\",\"computeRole\":\"N/A\",\"vmScaleSetEnabled\":false,\"supportMultipleExtensions\":false,\"isSystemExtension\":false,\"sourceBlob\":null,\"provisioningState\":\"Succeeded\"}},{\"id\":\"/subscriptions/67ddffc1-1bfa-4dd9-80a6-62ba2e348b6c/providers/Microsoft.Compute.Admin/locations/redmond/artifactTypes/VMExtension/publishers/Microsoft.Azure.Security/types/IaaSAntimalware/versions/1.5.5.9\",\"name\":null,\"type\":\"Microsoft.Compute.Admin/locations/artifactTypes/publishers/types/versions\",\"location\":\"redmond\",\"properties\":{\"publisher\":\"Microsoft.Azure.Security\",\"extensionType\":\"IaaSAntimalware\",\"typeHandlerVersion\":\"1.5.5.9\",\"vmOsType\":\"Windows\",\"computeRole\":\"N/A\",\"vmScaleSetEnabled\":false,\"supportMultipleExtensions\":false,\"isSystemExtension\":false,\"sourceBlob\":null,\"provisioningState\":\"Succeeded\"}},{\"id\":\"/subscriptions/67ddffc1-1bfa-4dd9-80a6-62ba2e348b6c/providers/Microsoft.Compute.Admin/locations/redmond/artifactTypes/VMExtension/publishers/Microsoft.Compute/types/CustomScriptExtension/versions/1.10.13.1\",\"name\":null,\"type\":\"Microsoft.Compute.Admin/locations/artifactTypes/publishers/types/versions\",\"location\":\"redmond\",\"properties\":{\"publisher\":\"Microsoft.Compute\",\"extensionType\":\"CustomScriptExtension\",\"typeHandlerVersion\":\"1.10.13.1\",\"vmOsType\":\"Windows\",\"computeRole\":\"N/A\",\"vmScaleSetEnabled\":false,\"supportMultipleExtensions\":false,\"isSystemExtension\":false,\"sourceBlob\":null,\"provisioningState\":\"Succeeded\"}},{\"id\":\"/subscriptions/67ddffc1-1bfa-4dd9-80a6-62ba2e348b6c/providers/Microsoft.Compute.Admin/locations/redmond/artifactTypes/VMExtension/publishers/Microsoft.Compute/types/JsonADDomainExtension/versions/1.3.7.1\",\"name\":null,\"type\":\"Microsoft.Compute.Admin/locations/artifactTypes/publishers/types/versions\",\"location\":\"redmond\",\"properties\":{\"publisher\":\"Microsoft.Compute\",\"extensionType\":\"JsonADDomainExtension\",\"typeHandlerVersion\":\"1.3.7.1\",\"vmOsType\":\"Windows\",\"computeRole\":\"IaaS\",\"vmScaleSetEnabled\":false,\"supportMultipleExtensions\":false,\"isSystemExtension\":false,\"sourceBlob\":null,\"provisioningState\":\"Succeeded\"}},{\"id\":\"/subscriptions/67ddffc1-1bfa-4dd9-80a6-62ba2e348b6c/providers/Microsoft.Compute.Admin/locations/redmond/artifactTypes/VMExtension/publishers/Microsoft.Compute/types/VMAccessAgent/versions/2.4.9.1\",\"name\":null,\"type\":\"Microsoft.Compute.Admin/locations/artifactTypes/publishers/types/versions\",\"location\":\"redmond\",\"properties\":{\"publisher\":\"Microsoft.Compute\",\"extensionType\":\"VMAccessAgent\",\"typeHandlerVersion\":\"2.4.9.1\",\"vmOsType\":\"Windows\",\"computeRole\":\"N/A\",\"vmScaleSetEnabled\":false,\"supportMultipleExtensions\":false,\"isSystemExtension\":false,\"sourceBlob\":null,\"provisioningState\":\"Succeeded\"}},{\"id\":\"/subscriptions/67ddffc1-1bfa-4dd9-80a6-62ba2e348b6c/providers/Microsoft.Compute.Admin/locations/redmond/artifactTypes/VMExtension/publishers/Microsoft.CPlat.Core/types/RunCommandForLinux/versions/1.0.1.1\",\"name\":null,\"type\":\"Microsoft.Compute.Admin/locations/artifactTypes/publishers/types/versions\",\"location\":\"redmond\",\"properties\":{\"publisher\":\"Microsoft.CPlat.Core\",\"extensionType\":\"RunCommandForLinux\",\"typeHandlerVersion\":\"1.0.1.1\",\"vmOsType\":\"Linux\",\"computeRole\":\"N/A\",\"vmScaleSetEnabled\":false,\"supportMultipleExtensions\":false,\"isSystemExtension\":false,\"sourceBlob\":null,\"provisioningState\":\"Succeeded\"}},{\"id\":\"/subscriptions/67ddffc1-1bfa-4dd9-80a6-62ba2e348b6c/providers/Microsoft.Compute.Admin/locations/redmond/artifactTypes/VMExtension/publishers/Microsoft.EnterpriseCloud.Monitoring/types/MicrosoftMonitoringAgent/versions/1.0.11081.5\",\"name\":null,\"type\":\"Microsoft.Compute.Admin/locations/artifactTypes/publishers/types/versions\",\"location\":\"redmond\",\"properties\":{\"publisher\":\"Microsoft.EnterpriseCloud.Monitoring\",\"extensionType\":\"MicrosoftMonitoringAgent\",\"typeHandlerVersion\":\"1.0.11081.5\",\"vmOsType\":\"Windows\",\"computeRole\":\"N/A\",\"vmScaleSetEnabled\":false,\"supportMultipleExtensions\":false,\"isSystemExtension\":false,\"sourceBlob\":null,\"provisioningState\":\"Succeeded\"}},{\"id\":\"/subscriptions/67ddffc1-1bfa-4dd9-80a6-62ba2e348b6c/providers/Microsoft.Compute.Admin/locations/redmond/artifactTypes/VMExtension/publishers/Microsoft.HpcCompute/types/AmdGpuDriverWindows/versions/1.0.4.0\",\"name\":null,\"type\":\"Microsoft.Compute.Admin/locations/artifactTypes/publishers/types/versions\",\"location\":\"redmond\",\"properties\":{\"publisher\":\"Microsoft.HpcCompute\",\"extensionType\":\"AmdGpuDriverWindows\",\"typeHandlerVersion\":\"1.0.4.0\",\"vmOsType\":\"Windows\",\"computeRole\":\"N/A\",\"vmScaleSetEnabled\":false,\"supportMultipleExtensions\":false,\"isSystemExtension\":false,\"sourceBlob\":null,\"provisioningState\":\"Succeeded\"}},{\"id\":\"/subscriptions/67ddffc1-1bfa-4dd9-80a6-62ba2e348b6c/providers/Microsoft.Compute.Admin/locations/redmond/artifactTypes/VMExtension/publishers/Microsoft.HpcCompute/types/NvidiaGpuDriverLinux/versions/1.3.1.0\",\"name\":null,\"type\":\"Microsoft.Compute.Admin/locations/artifactTypes/publishers/types/versions\",\"location\":\"redmond\",\"properties\":{\"publisher\":\"Microsoft.HpcCompute\",\"extensionType\":\"NvidiaGpuDriverLinux\",\"typeHandlerVersion\":\"1.3.1.0\",\"vmOsType\":\"Linux\",\"computeRole\":\"N/A\",\"vmScaleSetEnabled\":false,\"supportMultipleExtensions\":false,\"isSystemExtension\":false,\"sourceBlob\":null,\"provisioningState\":\"Succeeded\"}},{\"id\":\"/subscriptions/67ddffc1-1bfa-4dd9-80a6-62ba2e348b6c/providers/Microsoft.Compute.Admin/locations/redmond/artifactTypes/VMExtension/publishers/Microsoft.HpcCompute/types/NvidiaGpuDriverWindows/versions/1.3.2.0\",\"name\":null,\"type\":\"Microsoft.Compute.Admin/locations/artifactTypes/publishers/types/versions\",\"location\":\"redmond\",\"properties\":{\"publisher\":\"Microsoft.HpcCompute\",\"extensionType\":\"NvidiaGpuDriverWindows\",\"typeHandlerVersion\":\"1.3.2.0\",\"vmOsType\":\"Windows\",\"computeRole\":\"N/A\",\"vmScaleSetEnabled\":false,\"supportMultipleExtensions\":false,\"isSystemExtension\":false,\"sourceBlob\":null,\"provisioningState\":\"Succeeded\"}},{\"id\":\"/subscriptions/67ddffc1-1bfa-4dd9-80a6-62ba2e348b6c/providers/Microsoft.Compute.Admin/locations/redmond/artifactTypes/VMExtension/publishers/Microsoft.OSTCExtensions/types/VMAccessForLinux/versions/1.5.11.1\",\"name\":null,\"type\":\"Microsoft.Compute.Admin/locations/artifactTypes/publishers/types/versions\",\"location\":\"redmond\",\"properties\":{\"publisher\":\"Microsoft.OSTCExtensions\",\"extensionType\":\"VMAccessForLinux\",\"typeHandlerVersion\":\"1.5.11.1\",\"vmOsType\":\"Linux\",\"computeRole\":\"N/A\",\"vmScaleSetEnabled\":false,\"supportMultipleExtensions\":false,\"isSystemExtension\":false,\"sourceBlob\":null,\"provisioningState\":\"Succeeded\"}},{\"id\":\"/subscriptions/67ddffc1-1bfa-4dd9-80a6-62ba2e348b6c/providers/Microsoft.Compute.Admin/locations/redmond/artifactTypes/VMExtension/publishers/Microsoft.Powershell/types/DSC/versions/2.77.0.0\",\"name\":null,\"type\":\"Microsoft.Compute.Admin/locations/artifactTypes/publishers/types/versions\",\"location\":\"redmond\",\"properties\":{\"publisher\":\"Microsoft.Powershell\",\"extensionType\":\"DSC\",\"typeHandlerVersion\":\"2.77.0.0\",\"vmOsType\":\"Windows\",\"computeRole\":\"N/A\",\"vmScaleSetEnabled\":false,\"supportMultipleExtensions\":false,\"isSystemExtension\":false,\"sourceBlob\":null,\"provisioningState\":\"Succeeded\"}}]",
      "isContentBase64": false
    }
  },
  "Get-AzsVMExtension+[NoContext]+TestGetAllVMExtensions+$GET+https://management.azure.com/subscriptions/67ddffc1-1bfa-4dd9-80a6-62ba2e348b6c/providers/Microsoft.Compute.Admin/locations/redmond/artifactTypes/VMExtension/publishers/Microsoft.Compute/types/BGInfo/versions/2.1?api-version=2015-12-01-preview+2": {
    "Request": {
      "Method": "GET",
      "RequestUri": "https://adminmanagement.redmond.ext-n22r1006.masd.stbtest.microsoft.com/subscriptions/67ddffc1-1bfa-4dd9-80a6-62ba2e348b6c/providers/Microsoft.Compute.Admin/locations/redmond/artifactTypes/VMExtension/publishers/Microsoft.Compute/types/BGInfo/versions/2.1?api-version=2015-12-01-preview",
      "Content": null,
      "isContentBase64": false,
      "Headers": {
        "x-ms-unique-id": [ "2377" ],
        "x-ms-client-request-id": [ "5cbf1943-7d53-48f3-ab7f-e706263c19d5" ],
        "CommandName": [ "Get-AzsVMExtension" ],
        "FullCommandName": [ "Get-AzsVMExtension_Get" ],
        "ParameterSetName": [ "__AllParameterSets" ],
        "User-Agent": [ "AzurePowershell/Az4.0.0-preview" ],
        "Authorization": [ "[Filtered]" ]
      },
      "ContentHeaders": {
      }
    },
    "Response": {
      "StatusCode": 200,
      "Headers": {
        "Pragma": [ "no-cache" ],
        "x-ms-correlation-request-id": [ "b4360440-d96f-4999-8c74-513c57b9f2c2" ],
        "x-ms-ratelimit-remaining-subscription-reads": [ "14167" ],
        "x-ms-request-id": [ "b4360440-d96f-4999-8c74-513c57b9f2c2" ],
        "x-ms-routing-request-id": [ "REDMOND:20220318T001251Z:b4360440-d96f-4999-8c74-513c57b9f2c2" ],
        "Strict-Transport-Security": [ "max-age=31536000; includeSubDomains" ],
        "X-Content-Type-Options": [ "nosniff" ],
        "Cache-Control": [ "no-cache" ],
        "Date": [ "Fri, 18 Mar 2022 00:12:50 GMT" ],
        "Server": [ "Microsoft-HTTPAPI/2.0" ],
        "WWW-Authenticate": [ "oYG3MIG0oAMKAQChCwYJKoZIgvcSAQICooGfBIGcYIGZBgkqhkiG9xIBAgICAG+BiTCBhqADAgEFoQMCAQ+iejB4oAMCARKicQRvMsFMhN3AfcFDQWXeeiNVa2QuFwAu2UYDfUnqX+XsNCIy9k8DY+Xz9XiGdWusQWbvuPyr8rqi6UuU7hi780TYUX3DLVE0SzK1KZzFxYLHEYObwiOzIdZ859YjrwgUYk/FzeZVGJ9F9AHXKrr2OP4L" ]
      },
      "ContentHeaders": {
        "Content-Length": [ "585" ],
        "Content-Type": [ "application/json; charset=utf-8" ],
        "Expires": [ "-1" ]
      },
      "Content": "{\"id\":\"/subscriptions/67ddffc1-1bfa-4dd9-80a6-62ba2e348b6c/providers/Microsoft.Compute.Admin/locations/redmond/artifactTypes/VMExtension/publishers/Microsoft.Compute/types/BGInfo/versions/2.1\",\"name\":null,\"type\":\"Microsoft.Compute.Admin/locations/artifactTypes/publishers/types/versions\",\"location\":\"redmond\",\"properties\":{\"publisher\":\"Microsoft.Compute\",\"extensionType\":\"BGInfo\",\"typeHandlerVersion\":\"2.1\",\"vmOsType\":\"Windows\",\"computeRole\":\"N/A\",\"vmScaleSetEnabled\":false,\"supportMultipleExtensions\":false,\"isSystemExtension\":false,\"sourceBlob\":null,\"provisioningState\":\"Succeeded\"}}",
      "isContentBase64": false
    }
  },
  "Get-AzsVMExtension+[NoContext]+TestGetAllVMExtensions+$GET+https://management.azure.com/subscriptions/67ddffc1-1bfa-4dd9-80a6-62ba2e348b6c/providers/Microsoft.Compute.Admin/locations/redmond/artifactTypes/VMExtension/publishers/Microsoft.Azure.Diagnostics/types/IaaSDiagnostics/versions/1.18.0.5?api-version=2015-12-01-preview+3": {
    "Request": {
      "Method": "GET",
      "RequestUri": "https://adminmanagement.redmond.ext-n22r1006.masd.stbtest.microsoft.com/subscriptions/67ddffc1-1bfa-4dd9-80a6-62ba2e348b6c/providers/Microsoft.Compute.Admin/locations/redmond/artifactTypes/VMExtension/publishers/Microsoft.Azure.Diagnostics/types/IaaSDiagnostics/versions/1.18.0.5?api-version=2015-12-01-preview",
      "Content": null,
      "isContentBase64": false,
      "Headers": {
        "x-ms-unique-id": [ "2378" ],
        "x-ms-client-request-id": [ "9a2c65b3-6e18-4892-bb1e-6a06886d203c" ],
        "CommandName": [ "Get-AzsVMExtension" ],
        "FullCommandName": [ "Get-AzsVMExtension_Get" ],
        "ParameterSetName": [ "__AllParameterSets" ],
        "User-Agent": [ "AzurePowershell/Az4.0.0-preview" ],
        "Authorization": [ "[Filtered]" ]
      },
      "ContentHeaders": {
      }
    },
    "Response": {
      "StatusCode": 200,
      "Headers": {
        "Pragma": [ "no-cache" ],
        "x-ms-correlation-request-id": [ "3c71d253-f254-46d0-a4ee-9a18106308ef" ],
        "x-ms-ratelimit-remaining-subscription-reads": [ "14166" ],
        "x-ms-request-id": [ "3c71d253-f254-46d0-a4ee-9a18106308ef" ],
        "x-ms-routing-request-id": [ "REDMOND:20220318T001251Z:3c71d253-f254-46d0-a4ee-9a18106308ef" ],
        "Strict-Transport-Security": [ "max-age=31536000; includeSubDomains" ],
        "X-Content-Type-Options": [ "nosniff" ],
        "Cache-Control": [ "no-cache" ],
        "Date": [ "Fri, 18 Mar 2022 00:12:51 GMT" ],
        "Server": [ "Microsoft-HTTPAPI/2.0" ],
        "WWW-Authenticate": [ "oYG3MIG0oAMKAQChCwYJKoZIgvcSAQICooGfBIGcYIGZBgkqhkiG9xIBAgICAG+BiTCBhqADAgEFoQMCAQ+iejB4oAMCARKicQRvgFG6isZFDriIl5/QWfeX/ephcYib8ECyTZLAKhCYM05TW6RuaetRbYuH1ieFMmQ2MBcpE5lbjLPAQ181DhH/HohVZILZ/aCd//kT1fJ0Ly1YhcDv+OY6M3G137rVZda0FKbi1fHG2fBRGF+gM+xj" ]
      },
      "ContentHeaders": {
        "Content-Length": [ "633" ],
        "Content-Type": [ "application/json; charset=utf-8" ],
        "Expires": [ "-1" ]
      },
      "Content": "{\"id\":\"/subscriptions/67ddffc1-1bfa-4dd9-80a6-62ba2e348b6c/providers/Microsoft.Compute.Admin/locations/redmond/artifactTypes/VMExtension/publishers/Microsoft.Azure.Diagnostics/types/IaaSDiagnostics/versions/1.18.0.5\",\"name\":null,\"type\":\"Microsoft.Compute.Admin/locations/artifactTypes/publishers/types/versions\",\"location\":\"redmond\",\"properties\":{\"publisher\":\"Microsoft.Azure.Diagnostics\",\"extensionType\":\"IaaSDiagnostics\",\"typeHandlerVersion\":\"1.18.0.5\",\"vmOsType\":\"Windows\",\"computeRole\":\"N/A\",\"vmScaleSetEnabled\":false,\"supportMultipleExtensions\":false,\"isSystemExtension\":false,\"sourceBlob\":null,\"provisioningState\":\"Succeeded\"}}",
      "isContentBase64": false
    }
  },
  "Get-AzsVMExtension+[NoContext]+TestGetAllVMExtensions+$GET+https://management.azure.com/subscriptions/67ddffc1-1bfa-4dd9-80a6-62ba2e348b6c/providers/Microsoft.Compute.Admin/locations/redmond/artifactTypes/VMExtension/publishers/Microsoft.Azure.Diagnostics/types/LinuxDiagnostic/versions/3.0.121?api-version=2015-12-01-preview+4": {
    "Request": {
      "Method": "GET",
      "RequestUri": "https://adminmanagement.redmond.ext-n22r1006.masd.stbtest.microsoft.com/subscriptions/67ddffc1-1bfa-4dd9-80a6-62ba2e348b6c/providers/Microsoft.Compute.Admin/locations/redmond/artifactTypes/VMExtension/publishers/Microsoft.Azure.Diagnostics/types/LinuxDiagnostic/versions/3.0.121?api-version=2015-12-01-preview",
      "Content": null,
      "isContentBase64": false,
      "Headers": {
        "x-ms-unique-id": [ "2379" ],
        "x-ms-client-request-id": [ "7921244d-efea-423d-8c24-ae2d51c2c8d0" ],
        "CommandName": [ "Get-AzsVMExtension" ],
        "FullCommandName": [ "Get-AzsVMExtension_Get" ],
        "ParameterSetName": [ "__AllParameterSets" ],
        "User-Agent": [ "AzurePowershell/Az4.0.0-preview" ],
        "Authorization": [ "[Filtered]" ]
      },
      "ContentHeaders": {
      }
    },
    "Response": {
      "StatusCode": 200,
      "Headers": {
        "Pragma": [ "no-cache" ],
        "x-ms-correlation-request-id": [ "42e8ce32-ee21-40f1-9b52-2a0ef38b1b20" ],
        "x-ms-ratelimit-remaining-subscription-reads": [ "14165" ],
        "x-ms-request-id": [ "42e8ce32-ee21-40f1-9b52-2a0ef38b1b20" ],
        "x-ms-routing-request-id": [ "REDMOND:20220318T001251Z:42e8ce32-ee21-40f1-9b52-2a0ef38b1b20" ],
        "Strict-Transport-Security": [ "max-age=31536000; includeSubDomains" ],
        "X-Content-Type-Options": [ "nosniff" ],
        "Cache-Control": [ "no-cache" ],
        "Date": [ "Fri, 18 Mar 2022 00:12:51 GMT" ],
        "Server": [ "Microsoft-HTTPAPI/2.0" ],
        "WWW-Authenticate": [ "oYG3MIG0oAMKAQChCwYJKoZIgvcSAQICooGfBIGcYIGZBgkqhkiG9xIBAgICAG+BiTCBhqADAgEFoQMCAQ+iejB4oAMCARKicQRv5pmiX61jA5jcAG9EMKLsuV7yEoidw/uqJ0oT71ULhLLJ3VvhpBiCtqdlHwBK2u53V9jbK+7MD0ZqilI2hPHCMQgcTO2BZfQWCix2glnKE1s0brh9kMEOofL2GM3FWnf4c0TeZsra6IWHTjv9oV3D" ]
      },
      "ContentHeaders": {
        "Content-Length": [ "629" ],
        "Content-Type": [ "application/json; charset=utf-8" ],
        "Expires": [ "-1" ]
      },
      "Content": "{\"id\":\"/subscriptions/67ddffc1-1bfa-4dd9-80a6-62ba2e348b6c/providers/Microsoft.Compute.Admin/locations/redmond/artifactTypes/VMExtension/publishers/Microsoft.Azure.Diagnostics/types/LinuxDiagnostic/versions/3.0.121\",\"name\":null,\"type\":\"Microsoft.Compute.Admin/locations/artifactTypes/publishers/types/versions\",\"location\":\"redmond\",\"properties\":{\"publisher\":\"Microsoft.Azure.Diagnostics\",\"extensionType\":\"LinuxDiagnostic\",\"typeHandlerVersion\":\"3.0.121\",\"vmOsType\":\"Linux\",\"computeRole\":\"N/A\",\"vmScaleSetEnabled\":false,\"supportMultipleExtensions\":false,\"isSystemExtension\":false,\"sourceBlob\":null,\"provisioningState\":\"Succeeded\"}}",
      "isContentBase64": false
    }
  },
  "Get-AzsVMExtension+[NoContext]+TestGetAllVMExtensions+$GET+https://management.azure.com/subscriptions/67ddffc1-1bfa-4dd9-80a6-62ba2e348b6c/providers/Microsoft.Compute.Admin/locations/redmond/artifactTypes/VMExtension/publishers/Microsoft.Azure.Extensions/types/CustomScriptForLinux/versions/2.0.6.1?api-version=2015-12-01-preview+5": {
    "Request": {
      "Method": "GET",
      "RequestUri": "https://adminmanagement.redmond.ext-n22r1006.masd.stbtest.microsoft.com/subscriptions/67ddffc1-1bfa-4dd9-80a6-62ba2e348b6c/providers/Microsoft.Compute.Admin/locations/redmond/artifactTypes/VMExtension/publishers/Microsoft.Azure.Extensions/types/CustomScriptForLinux/versions/2.0.6.1?api-version=2015-12-01-preview",
      "Content": null,
      "isContentBase64": false,
      "Headers": {
        "x-ms-unique-id": [ "2380" ],
        "x-ms-client-request-id": [ "2660f6c4-cb34-4aa4-8e1b-8273a9a81eb1" ],
        "CommandName": [ "Get-AzsVMExtension" ],
        "FullCommandName": [ "Get-AzsVMExtension_Get" ],
        "ParameterSetName": [ "__AllParameterSets" ],
        "User-Agent": [ "AzurePowershell/Az4.0.0-preview" ],
        "Authorization": [ "[Filtered]" ]
      },
      "ContentHeaders": {
      }
    },
    "Response": {
      "StatusCode": 200,
      "Headers": {
        "Pragma": [ "no-cache" ],
        "x-ms-correlation-request-id": [ "95670c57-7219-43cc-bafb-f6206d8c656c" ],
        "x-ms-ratelimit-remaining-subscription-reads": [ "14164" ],
        "x-ms-request-id": [ "95670c57-7219-43cc-bafb-f6206d8c656c" ],
        "x-ms-routing-request-id": [ "REDMOND:20220318T001252Z:95670c57-7219-43cc-bafb-f6206d8c656c" ],
        "Strict-Transport-Security": [ "max-age=31536000; includeSubDomains" ],
        "X-Content-Type-Options": [ "nosniff" ],
        "Cache-Control": [ "no-cache" ],
        "Date": [ "Fri, 18 Mar 2022 00:12:51 GMT" ],
        "Server": [ "Microsoft-HTTPAPI/2.0" ],
        "WWW-Authenticate": [ "oYG3MIG0oAMKAQChCwYJKoZIgvcSAQICooGfBIGcYIGZBgkqhkiG9xIBAgICAG+BiTCBhqADAgEFoQMCAQ+iejB4oAMCARKicQRvxRARK4jJgTN4t1AtHVCqgHPT3oclvrCDsWgl8fLKPvjxlWAQXgfME/gryjNat/TFc1TjfVYLgYI7blifRX0wHNji2KxjUL3q98eP9w1d+A1ZbfqSDxUy5RWPFMstwq4rD3SCHIytAMLhV688tAzN" ]
      },
      "ContentHeaders": {
        "Content-Length": [ "637" ],
        "Content-Type": [ "application/json; charset=utf-8" ],
        "Expires": [ "-1" ]
      },
      "Content": "{\"id\":\"/subscriptions/67ddffc1-1bfa-4dd9-80a6-62ba2e348b6c/providers/Microsoft.Compute.Admin/locations/redmond/artifactTypes/VMExtension/publishers/Microsoft.Azure.Extensions/types/CustomScriptForLinux/versions/2.0.6.1\",\"name\":null,\"type\":\"Microsoft.Compute.Admin/locations/artifactTypes/publishers/types/versions\",\"location\":\"redmond\",\"properties\":{\"publisher\":\"Microsoft.Azure.Extensions\",\"extensionType\":\"CustomScriptForLinux\",\"typeHandlerVersion\":\"2.0.6.1\",\"vmOsType\":\"Linux\",\"computeRole\":\"N/A\",\"vmScaleSetEnabled\":false,\"supportMultipleExtensions\":false,\"isSystemExtension\":false,\"sourceBlob\":null,\"provisioningState\":\"Succeeded\"}}",
      "isContentBase64": false
    }
  },
  "Get-AzsVMExtension+[NoContext]+TestGetAllVMExtensions+$GET+https://management.azure.com/subscriptions/67ddffc1-1bfa-4dd9-80a6-62ba2e348b6c/providers/Microsoft.Compute.Admin/locations/redmond/artifactTypes/VMExtension/publishers/Microsoft.Azure.Security/types/IaaSAntimalware/versions/1.5.5.9?api-version=2015-12-01-preview+6": {
    "Request": {
      "Method": "GET",
      "RequestUri": "https://adminmanagement.redmond.ext-n22r1006.masd.stbtest.microsoft.com/subscriptions/67ddffc1-1bfa-4dd9-80a6-62ba2e348b6c/providers/Microsoft.Compute.Admin/locations/redmond/artifactTypes/VMExtension/publishers/Microsoft.Azure.Security/types/IaaSAntimalware/versions/1.5.5.9?api-version=2015-12-01-preview",
      "Content": null,
      "isContentBase64": false,
      "Headers": {
        "x-ms-unique-id": [ "2381" ],
        "x-ms-client-request-id": [ "2e6da2d5-a88b-4439-8b08-1912d07dbb38" ],
        "CommandName": [ "Get-AzsVMExtension" ],
        "FullCommandName": [ "Get-AzsVMExtension_Get" ],
        "ParameterSetName": [ "__AllParameterSets" ],
        "User-Agent": [ "AzurePowershell/Az4.0.0-preview" ],
        "Authorization": [ "[Filtered]" ]
      },
      "ContentHeaders": {
      }
    },
    "Response": {
      "StatusCode": 200,
      "Headers": {
        "Pragma": [ "no-cache" ],
        "x-ms-correlation-request-id": [ "dd6de921-05f9-40fc-b7e4-198fa996497d" ],
        "x-ms-ratelimit-remaining-subscription-reads": [ "14163" ],
        "x-ms-request-id": [ "dd6de921-05f9-40fc-b7e4-198fa996497d" ],
        "x-ms-routing-request-id": [ "REDMOND:20220318T001252Z:dd6de921-05f9-40fc-b7e4-198fa996497d" ],
        "Strict-Transport-Security": [ "max-age=31536000; includeSubDomains" ],
        "X-Content-Type-Options": [ "nosniff" ],
        "Cache-Control": [ "no-cache" ],
        "Date": [ "Fri, 18 Mar 2022 00:12:51 GMT" ],
        "Server": [ "Microsoft-HTTPAPI/2.0" ],
        "WWW-Authenticate": [ "oYG3MIG0oAMKAQChCwYJKoZIgvcSAQICooGfBIGcYIGZBgkqhkiG9xIBAgICAG+BiTCBhqADAgEFoQMCAQ+iejB4oAMCARKicQRv/uNe96z4XYJ57/rfFNCQbud/iRW72+HKI9fShpl0mlNVXu23jqKyUHVJi8qbD8f8Pcvizb88kw8dhjNnrU32LLfXLUQK6n7vSuAEqVzrNNI2ZHCnDVFJES9wiuoj/xpx6P+/KEcLtkHJDyvMdpUm" ]
      },
      "ContentHeaders": {
        "Content-Length": [ "625" ],
        "Content-Type": [ "application/json; charset=utf-8" ],
        "Expires": [ "-1" ]
      },
      "Content": "{\"id\":\"/subscriptions/67ddffc1-1bfa-4dd9-80a6-62ba2e348b6c/providers/Microsoft.Compute.Admin/locations/redmond/artifactTypes/VMExtension/publishers/Microsoft.Azure.Security/types/IaaSAntimalware/versions/1.5.5.9\",\"name\":null,\"type\":\"Microsoft.Compute.Admin/locations/artifactTypes/publishers/types/versions\",\"location\":\"redmond\",\"properties\":{\"publisher\":\"Microsoft.Azure.Security\",\"extensionType\":\"IaaSAntimalware\",\"typeHandlerVersion\":\"1.5.5.9\",\"vmOsType\":\"Windows\",\"computeRole\":\"N/A\",\"vmScaleSetEnabled\":false,\"supportMultipleExtensions\":false,\"isSystemExtension\":false,\"sourceBlob\":null,\"provisioningState\":\"Succeeded\"}}",
      "isContentBase64": false
    }
  },
  "Get-AzsVMExtension+[NoContext]+TestGetAllVMExtensions+$GET+https://management.azure.com/subscriptions/67ddffc1-1bfa-4dd9-80a6-62ba2e348b6c/providers/Microsoft.Compute.Admin/locations/redmond/artifactTypes/VMExtension/publishers/Microsoft.Compute/types/CustomScriptExtension/versions/1.10.13.1?api-version=2015-12-01-preview+7": {
    "Request": {
      "Method": "GET",
      "RequestUri": "https://adminmanagement.redmond.ext-n22r1006.masd.stbtest.microsoft.com/subscriptions/67ddffc1-1bfa-4dd9-80a6-62ba2e348b6c/providers/Microsoft.Compute.Admin/locations/redmond/artifactTypes/VMExtension/publishers/Microsoft.Compute/types/CustomScriptExtension/versions/1.10.13.1?api-version=2015-12-01-preview",
      "Content": null,
      "isContentBase64": false,
      "Headers": {
        "x-ms-unique-id": [ "2382" ],
        "x-ms-client-request-id": [ "b3c84e15-3a88-44ef-9bb9-cc294fa2df2e" ],
        "CommandName": [ "Get-AzsVMExtension" ],
        "FullCommandName": [ "Get-AzsVMExtension_Get" ],
        "ParameterSetName": [ "__AllParameterSets" ],
        "User-Agent": [ "AzurePowershell/Az4.0.0-preview" ],
        "Authorization": [ "[Filtered]" ]
      },
      "ContentHeaders": {
      }
    },
    "Response": {
      "StatusCode": 200,
      "Headers": {
        "Pragma": [ "no-cache" ],
        "x-ms-correlation-request-id": [ "5b51e094-ef57-4075-9b86-a745d6c80fb6" ],
        "x-ms-ratelimit-remaining-subscription-reads": [ "14162" ],
        "x-ms-request-id": [ "5b51e094-ef57-4075-9b86-a745d6c80fb6" ],
        "x-ms-routing-request-id": [ "REDMOND:20220318T001252Z:5b51e094-ef57-4075-9b86-a745d6c80fb6" ],
        "Strict-Transport-Security": [ "max-age=31536000; includeSubDomains" ],
        "X-Content-Type-Options": [ "nosniff" ],
        "Cache-Control": [ "no-cache" ],
        "Date": [ "Fri, 18 Mar 2022 00:12:52 GMT" ],
        "Server": [ "Microsoft-HTTPAPI/2.0" ],
        "WWW-Authenticate": [ "oYG3MIG0oAMKAQChCwYJKoZIgvcSAQICooGfBIGcYIGZBgkqhkiG9xIBAgICAG+BiTCBhqADAgEFoQMCAQ+iejB4oAMCARKicQRvIvGtAOlQmhTelZVX2NnU6ssBsKt3mARNU1/svEGht9YULUWifrwm1rwxY9kf080iGeYMIyWnwOGGQb7+eqDw23Nez3E4l9/3JmVIugASVi86fwcfNrSB5yVMffMFca3nL3Uv/KOsbca1/mLxkrpl" ]
      },
      "ContentHeaders": {
        "Content-Length": [ "627" ],
        "Content-Type": [ "application/json; charset=utf-8" ],
        "Expires": [ "-1" ]
      },
      "Content": "{\"id\":\"/subscriptions/67ddffc1-1bfa-4dd9-80a6-62ba2e348b6c/providers/Microsoft.Compute.Admin/locations/redmond/artifactTypes/VMExtension/publishers/Microsoft.Compute/types/CustomScriptExtension/versions/1.10.13.1\",\"name\":null,\"type\":\"Microsoft.Compute.Admin/locations/artifactTypes/publishers/types/versions\",\"location\":\"redmond\",\"properties\":{\"publisher\":\"Microsoft.Compute\",\"extensionType\":\"CustomScriptExtension\",\"typeHandlerVersion\":\"1.10.13.1\",\"vmOsType\":\"Windows\",\"computeRole\":\"N/A\",\"vmScaleSetEnabled\":false,\"supportMultipleExtensions\":false,\"isSystemExtension\":false,\"sourceBlob\":null,\"provisioningState\":\"Succeeded\"}}",
      "isContentBase64": false
    }
  },
  "Get-AzsVMExtension+[NoContext]+TestGetAllVMExtensions+$GET+https://management.azure.com/subscriptions/67ddffc1-1bfa-4dd9-80a6-62ba2e348b6c/providers/Microsoft.Compute.Admin/locations/redmond/artifactTypes/VMExtension/publishers/Microsoft.Compute/types/JsonADDomainExtension/versions/1.3.7.1?api-version=2015-12-01-preview+8": {
    "Request": {
      "Method": "GET",
      "RequestUri": "https://adminmanagement.redmond.ext-n22r1006.masd.stbtest.microsoft.com/subscriptions/67ddffc1-1bfa-4dd9-80a6-62ba2e348b6c/providers/Microsoft.Compute.Admin/locations/redmond/artifactTypes/VMExtension/publishers/Microsoft.Compute/types/JsonADDomainExtension/versions/1.3.7.1?api-version=2015-12-01-preview",
      "Content": null,
      "isContentBase64": false,
      "Headers": {
        "x-ms-unique-id": [ "2383" ],
        "x-ms-client-request-id": [ "a5596a58-a741-4a51-8cb4-d597380667f7" ],
        "CommandName": [ "Get-AzsVMExtension" ],
        "FullCommandName": [ "Get-AzsVMExtension_Get" ],
        "ParameterSetName": [ "__AllParameterSets" ],
        "User-Agent": [ "AzurePowershell/Az4.0.0-preview" ],
        "Authorization": [ "[Filtered]" ]
      },
      "ContentHeaders": {
      }
    },
    "Response": {
      "StatusCode": 200,
      "Headers": {
        "Pragma": [ "no-cache" ],
        "x-ms-correlation-request-id": [ "b90e4f5a-8e07-464f-9c8c-67cf399da745" ],
        "x-ms-ratelimit-remaining-subscription-reads": [ "14161" ],
        "x-ms-request-id": [ "b90e4f5a-8e07-464f-9c8c-67cf399da745" ],
        "x-ms-routing-request-id": [ "REDMOND:20220318T001252Z:b90e4f5a-8e07-464f-9c8c-67cf399da745" ],
        "Strict-Transport-Security": [ "max-age=31536000; includeSubDomains" ],
        "X-Content-Type-Options": [ "nosniff" ],
        "Cache-Control": [ "no-cache" ],
        "Date": [ "Fri, 18 Mar 2022 00:12:52 GMT" ],
        "Server": [ "Microsoft-HTTPAPI/2.0" ],
        "WWW-Authenticate": [ "oYG3MIG0oAMKAQChCwYJKoZIgvcSAQICooGfBIGcYIGZBgkqhkiG9xIBAgICAG+BiTCBhqADAgEFoQMCAQ+iejB4oAMCARKicQRvEQAQM5ifJgtrxKd0OUSCsnHvjVNT7BsFHWMOkEqQ6JvgEQRnBoAkckaGqGentoutNl8WGa2uo2oH7DljkjFUSD2xrirwyLRDvWfAt2sxUXdmJzITx9PxIVeCfGEDZ3PllMTApomOp4CC2l/7cXgb" ]
      },
      "ContentHeaders": {
        "Content-Length": [ "624" ],
        "Content-Type": [ "application/json; charset=utf-8" ],
        "Expires": [ "-1" ]
      },
      "Content": "{\"id\":\"/subscriptions/67ddffc1-1bfa-4dd9-80a6-62ba2e348b6c/providers/Microsoft.Compute.Admin/locations/redmond/artifactTypes/VMExtension/publishers/Microsoft.Compute/types/JsonADDomainExtension/versions/1.3.7.1\",\"name\":null,\"type\":\"Microsoft.Compute.Admin/locations/artifactTypes/publishers/types/versions\",\"location\":\"redmond\",\"properties\":{\"publisher\":\"Microsoft.Compute\",\"extensionType\":\"JsonADDomainExtension\",\"typeHandlerVersion\":\"1.3.7.1\",\"vmOsType\":\"Windows\",\"computeRole\":\"IaaS\",\"vmScaleSetEnabled\":false,\"supportMultipleExtensions\":false,\"isSystemExtension\":false,\"sourceBlob\":null,\"provisioningState\":\"Succeeded\"}}",
      "isContentBase64": false
    }
  },
  "Get-AzsVMExtension+[NoContext]+TestGetAllVMExtensions+$GET+https://management.azure.com/subscriptions/67ddffc1-1bfa-4dd9-80a6-62ba2e348b6c/providers/Microsoft.Compute.Admin/locations/redmond/artifactTypes/VMExtension/publishers/Microsoft.Compute/types/VMAccessAgent/versions/2.4.9.1?api-version=2015-12-01-preview+9": {
    "Request": {
      "Method": "GET",
      "RequestUri": "https://adminmanagement.redmond.ext-n22r1006.masd.stbtest.microsoft.com/subscriptions/67ddffc1-1bfa-4dd9-80a6-62ba2e348b6c/providers/Microsoft.Compute.Admin/locations/redmond/artifactTypes/VMExtension/publishers/Microsoft.Compute/types/VMAccessAgent/versions/2.4.9.1?api-version=2015-12-01-preview",
      "Content": null,
      "isContentBase64": false,
      "Headers": {
        "x-ms-unique-id": [ "2384" ],
        "x-ms-client-request-id": [ "9f183a6f-7af5-408e-a961-10c438f21d29" ],
        "CommandName": [ "Get-AzsVMExtension" ],
        "FullCommandName": [ "Get-AzsVMExtension_Get" ],
        "ParameterSetName": [ "__AllParameterSets" ],
        "User-Agent": [ "AzurePowershell/Az4.0.0-preview" ],
        "Authorization": [ "[Filtered]" ]
      },
      "ContentHeaders": {
      }
    },
    "Response": {
      "StatusCode": 200,
      "Headers": {
        "Pragma": [ "no-cache" ],
        "x-ms-correlation-request-id": [ "81dc026b-cf24-40a4-b917-0d0a5c572382" ],
        "x-ms-ratelimit-remaining-subscription-reads": [ "14160" ],
        "x-ms-request-id": [ "81dc026b-cf24-40a4-b917-0d0a5c572382" ],
        "x-ms-routing-request-id": [ "REDMOND:20220318T001253Z:81dc026b-cf24-40a4-b917-0d0a5c572382" ],
        "Strict-Transport-Security": [ "max-age=31536000; includeSubDomains" ],
        "X-Content-Type-Options": [ "nosniff" ],
        "Cache-Control": [ "no-cache" ],
        "Date": [ "Fri, 18 Mar 2022 00:12:52 GMT" ],
        "Server": [ "Microsoft-HTTPAPI/2.0" ],
        "WWW-Authenticate": [ "oYG3MIG0oAMKAQChCwYJKoZIgvcSAQICooGfBIGcYIGZBgkqhkiG9xIBAgICAG+BiTCBhqADAgEFoQMCAQ+iejB4oAMCARKicQRvTTHQ6cjVbd7dM8rsLbg3wLI/y20za8sXbKEf2ZOwdc/u5J/NwWgtufK9NMO9OACxpVprTt6jqsEpqNnCMrMgpL/AZcvcS0inmKn0LMXpxnJ571Bk75NGB7aBA5TLfeA3mbhY0KvNW6JYbpgwIEQC" ]
      },
      "ContentHeaders": {
        "Content-Length": [ "607" ],
        "Content-Type": [ "application/json; charset=utf-8" ],
        "Expires": [ "-1" ]
      },
      "Content": "{\"id\":\"/subscriptions/67ddffc1-1bfa-4dd9-80a6-62ba2e348b6c/providers/Microsoft.Compute.Admin/locations/redmond/artifactTypes/VMExtension/publishers/Microsoft.Compute/types/VMAccessAgent/versions/2.4.9.1\",\"name\":null,\"type\":\"Microsoft.Compute.Admin/locations/artifactTypes/publishers/types/versions\",\"location\":\"redmond\",\"properties\":{\"publisher\":\"Microsoft.Compute\",\"extensionType\":\"VMAccessAgent\",\"typeHandlerVersion\":\"2.4.9.1\",\"vmOsType\":\"Windows\",\"computeRole\":\"N/A\",\"vmScaleSetEnabled\":false,\"supportMultipleExtensions\":false,\"isSystemExtension\":false,\"sourceBlob\":null,\"provisioningState\":\"Succeeded\"}}",
      "isContentBase64": false
    }
  },
  "Get-AzsVMExtension+[NoContext]+TestGetAllVMExtensions+$GET+https://management.azure.com/subscriptions/67ddffc1-1bfa-4dd9-80a6-62ba2e348b6c/providers/Microsoft.Compute.Admin/locations/redmond/artifactTypes/VMExtension/publishers/Microsoft.CPlat.Core/types/RunCommandForLinux/versions/1.0.1.1?api-version=2015-12-01-preview+10": {
    "Request": {
      "Method": "GET",
      "RequestUri": "https://adminmanagement.redmond.ext-n22r1006.masd.stbtest.microsoft.com/subscriptions/67ddffc1-1bfa-4dd9-80a6-62ba2e348b6c/providers/Microsoft.Compute.Admin/locations/redmond/artifactTypes/VMExtension/publishers/Microsoft.CPlat.Core/types/RunCommandForLinux/versions/1.0.1.1?api-version=2015-12-01-preview",
      "Content": null,
      "isContentBase64": false,
      "Headers": {
        "x-ms-unique-id": [ "2385" ],
        "x-ms-client-request-id": [ "90f53b70-2fb4-43a2-8aad-d28048ad6c29" ],
        "CommandName": [ "Get-AzsVMExtension" ],
        "FullCommandName": [ "Get-AzsVMExtension_Get" ],
        "ParameterSetName": [ "__AllParameterSets" ],
        "User-Agent": [ "AzurePowershell/Az4.0.0-preview" ],
        "Authorization": [ "[Filtered]" ]
      },
      "ContentHeaders": {
      }
    },
    "Response": {
      "StatusCode": 200,
      "Headers": {
        "Pragma": [ "no-cache" ],
        "x-ms-correlation-request-id": [ "7cfad59c-a5b8-4c5c-9819-e5fc9e96a175" ],
        "x-ms-ratelimit-remaining-subscription-reads": [ "14159" ],
        "x-ms-request-id": [ "7cfad59c-a5b8-4c5c-9819-e5fc9e96a175" ],
        "x-ms-routing-request-id": [ "REDMOND:20220318T001253Z:7cfad59c-a5b8-4c5c-9819-e5fc9e96a175" ],
        "Strict-Transport-Security": [ "max-age=31536000; includeSubDomains" ],
        "X-Content-Type-Options": [ "nosniff" ],
        "Cache-Control": [ "no-cache" ],
        "Date": [ "Fri, 18 Mar 2022 00:12:52 GMT" ],
        "Server": [ "Microsoft-HTTPAPI/2.0" ],
        "WWW-Authenticate": [ "oYG3MIG0oAMKAQChCwYJKoZIgvcSAQICooGfBIGcYIGZBgkqhkiG9xIBAgICAG+BiTCBhqADAgEFoQMCAQ+iejB4oAMCARKicQRvJ92Uhl3pEiDfMMfXS9Q+IeUjOFjAsn9R0waY6LLCL0o9T67UWO8jaDLSCrCXE8XJRdoCxBYa6viLYCet/fpg5dimkwSAYXxhIUlDccw0xF7EFIaeyTgQbXNN5lRkWVlmS4G2SzhXoFP/UJE6KntL" ]
      },
      "ContentHeaders": {
        "Content-Length": [ "621" ],
        "Content-Type": [ "application/json; charset=utf-8" ],
        "Expires": [ "-1" ]
      },
      "Content": "{\"id\":\"/subscriptions/67ddffc1-1bfa-4dd9-80a6-62ba2e348b6c/providers/Microsoft.Compute.Admin/locations/redmond/artifactTypes/VMExtension/publishers/Microsoft.CPlat.Core/types/RunCommandForLinux/versions/1.0.1.1\",\"name\":null,\"type\":\"Microsoft.Compute.Admin/locations/artifactTypes/publishers/types/versions\",\"location\":\"redmond\",\"properties\":{\"publisher\":\"Microsoft.CPlat.Core\",\"extensionType\":\"RunCommandForLinux\",\"typeHandlerVersion\":\"1.0.1.1\",\"vmOsType\":\"Linux\",\"computeRole\":\"N/A\",\"vmScaleSetEnabled\":false,\"supportMultipleExtensions\":false,\"isSystemExtension\":false,\"sourceBlob\":null,\"provisioningState\":\"Succeeded\"}}",
      "isContentBase64": false
    }
  },
  "Get-AzsVMExtension+[NoContext]+TestGetAllVMExtensions+$GET+https://management.azure.com/subscriptions/67ddffc1-1bfa-4dd9-80a6-62ba2e348b6c/providers/Microsoft.Compute.Admin/locations/redmond/artifactTypes/VMExtension/publishers/Microsoft.EnterpriseCloud.Monitoring/types/MicrosoftMonitoringAgent/versions/1.0.11081.5?api-version=2015-12-01-preview+11": {
    "Request": {
      "Method": "GET",
      "RequestUri": "https://adminmanagement.redmond.ext-n22r1006.masd.stbtest.microsoft.com/subscriptions/67ddffc1-1bfa-4dd9-80a6-62ba2e348b6c/providers/Microsoft.Compute.Admin/locations/redmond/artifactTypes/VMExtension/publishers/Microsoft.EnterpriseCloud.Monitoring/types/MicrosoftMonitoringAgent/versions/1.0.11081.5?api-version=2015-12-01-preview",
      "Content": null,
      "isContentBase64": false,
      "Headers": {
        "x-ms-unique-id": [ "2386" ],
        "x-ms-client-request-id": [ "1f246e89-d09c-416f-903d-821056e2c587" ],
        "CommandName": [ "Get-AzsVMExtension" ],
        "FullCommandName": [ "Get-AzsVMExtension_Get" ],
        "ParameterSetName": [ "__AllParameterSets" ],
        "User-Agent": [ "AzurePowershell/Az4.0.0-preview" ],
        "Authorization": [ "[Filtered]" ]
      },
      "ContentHeaders": {
      }
    },
    "Response": {
      "StatusCode": 200,
      "Headers": {
        "Pragma": [ "no-cache" ],
        "x-ms-correlation-request-id": [ "012e1651-a11a-450a-9d5a-aa6a887f9ecf" ],
        "x-ms-ratelimit-remaining-subscription-reads": [ "14158" ],
        "x-ms-request-id": [ "012e1651-a11a-450a-9d5a-aa6a887f9ecf" ],
        "x-ms-routing-request-id": [ "REDMOND:20220318T001253Z:012e1651-a11a-450a-9d5a-aa6a887f9ecf" ],
        "Strict-Transport-Security": [ "max-age=31536000; includeSubDomains" ],
        "X-Content-Type-Options": [ "nosniff" ],
        "Cache-Control": [ "no-cache" ],
        "Date": [ "Fri, 18 Mar 2022 00:12:53 GMT" ],
        "Server": [ "Microsoft-HTTPAPI/2.0" ],
        "WWW-Authenticate": [ "oYG3MIG0oAMKAQChCwYJKoZIgvcSAQICooGfBIGcYIGZBgkqhkiG9xIBAgICAG+BiTCBhqADAgEFoQMCAQ+iejB4oAMCARKicQRvko1HqFWgxpC44Af3b6v1zwTt4mfR5EQYDNGtCsjB9f6iRluF2rEcdUdjmo5GlHQgFCfoKVqbCofldMG29I5cGKxXgZ4Llt5iDsPFPMjoRQcyUDCW4Wxy8Sc8uzRkQTHdsckFIyHolNEBowBlWOmA" ]
      },
      "ContentHeaders": {
        "Content-Length": [ "675" ],
        "Content-Type": [ "application/json; charset=utf-8" ],
        "Expires": [ "-1" ]
      },
      "Content": "{\"id\":\"/subscriptions/67ddffc1-1bfa-4dd9-80a6-62ba2e348b6c/providers/Microsoft.Compute.Admin/locations/redmond/artifactTypes/VMExtension/publishers/Microsoft.EnterpriseCloud.Monitoring/types/MicrosoftMonitoringAgent/versions/1.0.11081.5\",\"name\":null,\"type\":\"Microsoft.Compute.Admin/locations/artifactTypes/publishers/types/versions\",\"location\":\"redmond\",\"properties\":{\"publisher\":\"Microsoft.EnterpriseCloud.Monitoring\",\"extensionType\":\"MicrosoftMonitoringAgent\",\"typeHandlerVersion\":\"1.0.11081.5\",\"vmOsType\":\"Windows\",\"computeRole\":\"N/A\",\"vmScaleSetEnabled\":false,\"supportMultipleExtensions\":false,\"isSystemExtension\":false,\"sourceBlob\":null,\"provisioningState\":\"Succeeded\"}}",
      "isContentBase64": false
    }
  },
  "Get-AzsVMExtension+[NoContext]+TestGetAllVMExtensions+$GET+https://management.azure.com/subscriptions/67ddffc1-1bfa-4dd9-80a6-62ba2e348b6c/providers/Microsoft.Compute.Admin/locations/redmond/artifactTypes/VMExtension/publishers/Microsoft.HpcCompute/types/AmdGpuDriverWindows/versions/1.0.4.0?api-version=2015-12-01-preview+12": {
    "Request": {
      "Method": "GET",
      "RequestUri": "https://adminmanagement.redmond.ext-n22r1006.masd.stbtest.microsoft.com/subscriptions/67ddffc1-1bfa-4dd9-80a6-62ba2e348b6c/providers/Microsoft.Compute.Admin/locations/redmond/artifactTypes/VMExtension/publishers/Microsoft.HpcCompute/types/AmdGpuDriverWindows/versions/1.0.4.0?api-version=2015-12-01-preview",
      "Content": null,
      "isContentBase64": false,
      "Headers": {
        "x-ms-unique-id": [ "2387" ],
        "x-ms-client-request-id": [ "52320b25-342f-4e4d-9cbc-3b58bd5bfb00" ],
        "CommandName": [ "Get-AzsVMExtension" ],
        "FullCommandName": [ "Get-AzsVMExtension_Get" ],
        "ParameterSetName": [ "__AllParameterSets" ],
        "User-Agent": [ "AzurePowershell/Az4.0.0-preview" ],
        "Authorization": [ "[Filtered]" ]
      },
      "ContentHeaders": {
      }
    },
    "Response": {
      "StatusCode": 200,
      "Headers": {
        "Pragma": [ "no-cache" ],
        "x-ms-correlation-request-id": [ "b18ba676-91b6-4adf-94a7-f6c688975663" ],
        "x-ms-ratelimit-remaining-subscription-reads": [ "14157" ],
        "x-ms-request-id": [ "b18ba676-91b6-4adf-94a7-f6c688975663" ],
        "x-ms-routing-request-id": [ "REDMOND:20220318T001253Z:b18ba676-91b6-4adf-94a7-f6c688975663" ],
        "Strict-Transport-Security": [ "max-age=31536000; includeSubDomains" ],
        "X-Content-Type-Options": [ "nosniff" ],
        "Cache-Control": [ "no-cache" ],
        "Date": [ "Fri, 18 Mar 2022 00:12:53 GMT" ],
        "Server": [ "Microsoft-HTTPAPI/2.0" ],
        "WWW-Authenticate": [ "oYG3MIG0oAMKAQChCwYJKoZIgvcSAQICooGfBIGcYIGZBgkqhkiG9xIBAgICAG+BiTCBhqADAgEFoQMCAQ+iejB4oAMCARKicQRv6//oTwq+4W14S2gnLTWf5qohXVd0ZEoi8fEnTWMgZ0jCl8INqlU0UHzdagqRRUHOFCq4R7+rrteV+wjo4byH0kGmf0LCwakEagepVCUICKo5XbL7ULz/+7rq0mEHVm7Tkm7RL+et7+erfcdvhaqy" ]
      },
      "ContentHeaders": {
        "Content-Length": [ "625" ],
        "Content-Type": [ "application/json; charset=utf-8" ],
        "Expires": [ "-1" ]
      },
      "Content": "{\"id\":\"/subscriptions/67ddffc1-1bfa-4dd9-80a6-62ba2e348b6c/providers/Microsoft.Compute.Admin/locations/redmond/artifactTypes/VMExtension/publishers/Microsoft.HpcCompute/types/AmdGpuDriverWindows/versions/1.0.4.0\",\"name\":null,\"type\":\"Microsoft.Compute.Admin/locations/artifactTypes/publishers/types/versions\",\"location\":\"redmond\",\"properties\":{\"publisher\":\"Microsoft.HpcCompute\",\"extensionType\":\"AmdGpuDriverWindows\",\"typeHandlerVersion\":\"1.0.4.0\",\"vmOsType\":\"Windows\",\"computeRole\":\"N/A\",\"vmScaleSetEnabled\":false,\"supportMultipleExtensions\":false,\"isSystemExtension\":false,\"sourceBlob\":null,\"provisioningState\":\"Succeeded\"}}",
      "isContentBase64": false
    }
  },
  "Get-AzsVMExtension+[NoContext]+TestGetAllVMExtensions+$GET+https://management.azure.com/subscriptions/67ddffc1-1bfa-4dd9-80a6-62ba2e348b6c/providers/Microsoft.Compute.Admin/locations/redmond/artifactTypes/VMExtension/publishers/Microsoft.HpcCompute/types/NvidiaGpuDriverLinux/versions/1.3.1.0?api-version=2015-12-01-preview+13": {
    "Request": {
      "Method": "GET",
      "RequestUri": "https://adminmanagement.redmond.ext-n22r1006.masd.stbtest.microsoft.com/subscriptions/67ddffc1-1bfa-4dd9-80a6-62ba2e348b6c/providers/Microsoft.Compute.Admin/locations/redmond/artifactTypes/VMExtension/publishers/Microsoft.HpcCompute/types/NvidiaGpuDriverLinux/versions/1.3.1.0?api-version=2015-12-01-preview",
      "Content": null,
      "isContentBase64": false,
      "Headers": {
        "x-ms-unique-id": [ "2388" ],
        "x-ms-client-request-id": [ "1b0cbab8-55c8-4f97-a88c-38d28607cab4" ],
        "CommandName": [ "Get-AzsVMExtension" ],
        "FullCommandName": [ "Get-AzsVMExtension_Get" ],
        "ParameterSetName": [ "__AllParameterSets" ],
        "User-Agent": [ "AzurePowershell/Az4.0.0-preview" ],
        "Authorization": [ "[Filtered]" ]
      },
      "ContentHeaders": {
      }
    },
    "Response": {
      "StatusCode": 200,
      "Headers": {
        "Pragma": [ "no-cache" ],
        "x-ms-correlation-request-id": [ "721b3a45-4651-41e4-b3af-6aadeff440f1" ],
        "x-ms-ratelimit-remaining-subscription-reads": [ "14156" ],
        "x-ms-request-id": [ "721b3a45-4651-41e4-b3af-6aadeff440f1" ],
        "x-ms-routing-request-id": [ "REDMOND:20220318T001254Z:721b3a45-4651-41e4-b3af-6aadeff440f1" ],
        "Strict-Transport-Security": [ "max-age=31536000; includeSubDomains" ],
        "X-Content-Type-Options": [ "nosniff" ],
        "Cache-Control": [ "no-cache" ],
        "Date": [ "Fri, 18 Mar 2022 00:12:53 GMT" ],
        "Server": [ "Microsoft-HTTPAPI/2.0" ],
        "WWW-Authenticate": [ "oYG3MIG0oAMKAQChCwYJKoZIgvcSAQICooGfBIGcYIGZBgkqhkiG9xIBAgICAG+BiTCBhqADAgEFoQMCAQ+iejB4oAMCARKicQRvPO6X65bVFZZYT2hYm3VRUFZ3n0y6pUWghLKr8pWHXAW9WVrvOJ4L8PW+gYOrv6xXK0OupqkXx6kx56pyJ0ehk+o3/wN0Zk8yMAc6HYlygqBSln66GadaJCkVF5cnZrxy0M4sQJvKYxI6aoKzpG2T" ]
      },
      "ContentHeaders": {
        "Content-Length": [ "625" ],
        "Content-Type": [ "application/json; charset=utf-8" ],
        "Expires": [ "-1" ]
      },
      "Content": "{\"id\":\"/subscriptions/67ddffc1-1bfa-4dd9-80a6-62ba2e348b6c/providers/Microsoft.Compute.Admin/locations/redmond/artifactTypes/VMExtension/publishers/Microsoft.HpcCompute/types/NvidiaGpuDriverLinux/versions/1.3.1.0\",\"name\":null,\"type\":\"Microsoft.Compute.Admin/locations/artifactTypes/publishers/types/versions\",\"location\":\"redmond\",\"properties\":{\"publisher\":\"Microsoft.HpcCompute\",\"extensionType\":\"NvidiaGpuDriverLinux\",\"typeHandlerVersion\":\"1.3.1.0\",\"vmOsType\":\"Linux\",\"computeRole\":\"N/A\",\"vmScaleSetEnabled\":false,\"supportMultipleExtensions\":false,\"isSystemExtension\":false,\"sourceBlob\":null,\"provisioningState\":\"Succeeded\"}}",
      "isContentBase64": false
    }
  },
  "Get-AzsVMExtension+[NoContext]+TestGetAllVMExtensions+$GET+https://management.azure.com/subscriptions/67ddffc1-1bfa-4dd9-80a6-62ba2e348b6c/providers/Microsoft.Compute.Admin/locations/redmond/artifactTypes/VMExtension/publishers/Microsoft.HpcCompute/types/NvidiaGpuDriverWindows/versions/1.3.2.0?api-version=2015-12-01-preview+14": {
    "Request": {
      "Method": "GET",
      "RequestUri": "https://adminmanagement.redmond.ext-n22r1006.masd.stbtest.microsoft.com/subscriptions/67ddffc1-1bfa-4dd9-80a6-62ba2e348b6c/providers/Microsoft.Compute.Admin/locations/redmond/artifactTypes/VMExtension/publishers/Microsoft.HpcCompute/types/NvidiaGpuDriverWindows/versions/1.3.2.0?api-version=2015-12-01-preview",
      "Content": null,
      "isContentBase64": false,
      "Headers": {
        "x-ms-unique-id": [ "2389" ],
        "x-ms-client-request-id": [ "0923c68c-3b7a-4e2c-a19f-9772f7c2c3ff" ],
        "CommandName": [ "Get-AzsVMExtension" ],
        "FullCommandName": [ "Get-AzsVMExtension_Get" ],
        "ParameterSetName": [ "__AllParameterSets" ],
        "User-Agent": [ "AzurePowershell/Az4.0.0-preview" ],
        "Authorization": [ "[Filtered]" ]
      },
      "ContentHeaders": {
      }
    },
    "Response": {
      "StatusCode": 200,
      "Headers": {
        "Pragma": [ "no-cache" ],
        "x-ms-correlation-request-id": [ "2e0b440b-2404-4f1a-b77f-a18cdcda9251" ],
        "x-ms-ratelimit-remaining-subscription-reads": [ "14155" ],
        "x-ms-request-id": [ "2e0b440b-2404-4f1a-b77f-a18cdcda9251" ],
        "x-ms-routing-request-id": [ "REDMOND:20220318T001254Z:2e0b440b-2404-4f1a-b77f-a18cdcda9251" ],
        "Strict-Transport-Security": [ "max-age=31536000; includeSubDomains" ],
        "X-Content-Type-Options": [ "nosniff" ],
        "Cache-Control": [ "no-cache" ],
        "Date": [ "Fri, 18 Mar 2022 00:12:53 GMT" ],
        "Server": [ "Microsoft-HTTPAPI/2.0" ],
        "WWW-Authenticate": [ "oYG3MIG0oAMKAQChCwYJKoZIgvcSAQICooGfBIGcYIGZBgkqhkiG9xIBAgICAG+BiTCBhqADAgEFoQMCAQ+iejB4oAMCARKicQRvQn0qj1/JCVYlrAcsOvNB4Ovfh5xZPnKQ2BE9MLLItijijaAHKHWR7YKFX9MmQEdNU88FPG/PBS77v7K450mtZeWnQpKn9873k9uA5j4jFOcGxwZlU3MnJjIpd68gvhI0crYKctY/mVRtv5BRrtOY" ]
      },
      "ContentHeaders": {
        "Content-Length": [ "631" ],
        "Content-Type": [ "application/json; charset=utf-8" ],
        "Expires": [ "-1" ]
      },
      "Content": "{\"id\":\"/subscriptions/67ddffc1-1bfa-4dd9-80a6-62ba2e348b6c/providers/Microsoft.Compute.Admin/locations/redmond/artifactTypes/VMExtension/publishers/Microsoft.HpcCompute/types/NvidiaGpuDriverWindows/versions/1.3.2.0\",\"name\":null,\"type\":\"Microsoft.Compute.Admin/locations/artifactTypes/publishers/types/versions\",\"location\":\"redmond\",\"properties\":{\"publisher\":\"Microsoft.HpcCompute\",\"extensionType\":\"NvidiaGpuDriverWindows\",\"typeHandlerVersion\":\"1.3.2.0\",\"vmOsType\":\"Windows\",\"computeRole\":\"N/A\",\"vmScaleSetEnabled\":false,\"supportMultipleExtensions\":false,\"isSystemExtension\":false,\"sourceBlob\":null,\"provisioningState\":\"Succeeded\"}}",
      "isContentBase64": false
    }
  },
  "Get-AzsVMExtension+[NoContext]+TestGetAllVMExtensions+$GET+https://management.azure.com/subscriptions/67ddffc1-1bfa-4dd9-80a6-62ba2e348b6c/providers/Microsoft.Compute.Admin/locations/redmond/artifactTypes/VMExtension/publishers/Microsoft.OSTCExtensions/types/VMAccessForLinux/versions/1.5.11.1?api-version=2015-12-01-preview+15": {
    "Request": {
      "Method": "GET",
      "RequestUri": "https://adminmanagement.redmond.ext-n22r1006.masd.stbtest.microsoft.com/subscriptions/67ddffc1-1bfa-4dd9-80a6-62ba2e348b6c/providers/Microsoft.Compute.Admin/locations/redmond/artifactTypes/VMExtension/publishers/Microsoft.OSTCExtensions/types/VMAccessForLinux/versions/1.5.11.1?api-version=2015-12-01-preview",
      "Content": null,
      "isContentBase64": false,
      "Headers": {
        "x-ms-unique-id": [ "2390" ],
        "x-ms-client-request-id": [ "4e5c7d0f-ea52-437e-bac8-0068e45d734d" ],
        "CommandName": [ "Get-AzsVMExtension" ],
        "FullCommandName": [ "Get-AzsVMExtension_Get" ],
        "ParameterSetName": [ "__AllParameterSets" ],
        "User-Agent": [ "AzurePowershell/Az4.0.0-preview" ],
        "Authorization": [ "[Filtered]" ]
      },
      "ContentHeaders": {
      }
    },
    "Response": {
      "StatusCode": 200,
      "Headers": {
        "Pragma": [ "no-cache" ],
        "x-ms-correlation-request-id": [ "bdf84b1e-6e0f-4947-ae2b-71490bdfdafe" ],
        "x-ms-ratelimit-remaining-subscription-reads": [ "14154" ],
        "x-ms-request-id": [ "bdf84b1e-6e0f-4947-ae2b-71490bdfdafe" ],
        "x-ms-routing-request-id": [ "REDMOND:20220318T001254Z:bdf84b1e-6e0f-4947-ae2b-71490bdfdafe" ],
        "Strict-Transport-Security": [ "max-age=31536000; includeSubDomains" ],
        "X-Content-Type-Options": [ "nosniff" ],
        "Cache-Control": [ "no-cache" ],
        "Date": [ "Fri, 18 Mar 2022 00:12:54 GMT" ],
        "Server": [ "Microsoft-HTTPAPI/2.0" ],
        "WWW-Authenticate": [ "oYG3MIG0oAMKAQChCwYJKoZIgvcSAQICooGfBIGcYIGZBgkqhkiG9xIBAgICAG+BiTCBhqADAgEFoQMCAQ+iejB4oAMCARKicQRvVNvcgc/s2KiCMVUTjKtR8KnwIHyztbpGFrcE9cZOcMFRZnUyP5iEeoWNtTuJ7/WEZvIW/fdKUbiTH9CY1A2ttFdfJ5Mfb7W2zhDeujWxeCFqe0XtMjjeTjv/XILXrT8biV7O52o52ozjHSE7oIEB" ]
      },
      "ContentHeaders": {
        "Content-Length": [ "627" ],
        "Content-Type": [ "application/json; charset=utf-8" ],
        "Expires": [ "-1" ]
      },
      "Content": "{\"id\":\"/subscriptions/67ddffc1-1bfa-4dd9-80a6-62ba2e348b6c/providers/Microsoft.Compute.Admin/locations/redmond/artifactTypes/VMExtension/publishers/Microsoft.OSTCExtensions/types/VMAccessForLinux/versions/1.5.11.1\",\"name\":null,\"type\":\"Microsoft.Compute.Admin/locations/artifactTypes/publishers/types/versions\",\"location\":\"redmond\",\"properties\":{\"publisher\":\"Microsoft.OSTCExtensions\",\"extensionType\":\"VMAccessForLinux\",\"typeHandlerVersion\":\"1.5.11.1\",\"vmOsType\":\"Linux\",\"computeRole\":\"N/A\",\"vmScaleSetEnabled\":false,\"supportMultipleExtensions\":false,\"isSystemExtension\":false,\"sourceBlob\":null,\"provisioningState\":\"Succeeded\"}}",
      "isContentBase64": false
    }
  },
  "Get-AzsVMExtension+[NoContext]+TestGetAllVMExtensions+$GET+https://management.azure.com/subscriptions/67ddffc1-1bfa-4dd9-80a6-62ba2e348b6c/providers/Microsoft.Compute.Admin/locations/redmond/artifactTypes/VMExtension/publishers/Microsoft.Powershell/types/DSC/versions/2.77.0.0?api-version=2015-12-01-preview+16": {
    "Request": {
      "Method": "GET",
      "RequestUri": "https://adminmanagement.redmond.ext-n22r1006.masd.stbtest.microsoft.com/subscriptions/67ddffc1-1bfa-4dd9-80a6-62ba2e348b6c/providers/Microsoft.Compute.Admin/locations/redmond/artifactTypes/VMExtension/publishers/Microsoft.Powershell/types/DSC/versions/2.77.0.0?api-version=2015-12-01-preview",
      "Content": null,
      "isContentBase64": false,
      "Headers": {
        "x-ms-unique-id": [ "2391" ],
        "x-ms-client-request-id": [ "3fb8ef09-bafd-47a3-adbc-70bf1631ab82" ],
        "CommandName": [ "Get-AzsVMExtension" ],
        "FullCommandName": [ "Get-AzsVMExtension_Get" ],
        "ParameterSetName": [ "__AllParameterSets" ],
        "User-Agent": [ "AzurePowershell/Az4.0.0-preview" ],
        "Authorization": [ "[Filtered]" ]
      },
      "ContentHeaders": {
      }
    },
    "Response": {
      "StatusCode": 200,
      "Headers": {
        "Pragma": [ "no-cache" ],
        "x-ms-correlation-request-id": [ "4f5fd591-3787-4e66-9ded-77990fdc39c3" ],
        "x-ms-ratelimit-remaining-subscription-reads": [ "14153" ],
        "x-ms-request-id": [ "4f5fd591-3787-4e66-9ded-77990fdc39c3" ],
        "x-ms-routing-request-id": [ "REDMOND:20220318T001254Z:4f5fd591-3787-4e66-9ded-77990fdc39c3" ],
        "Strict-Transport-Security": [ "max-age=31536000; includeSubDomains" ],
        "X-Content-Type-Options": [ "nosniff" ],
        "Cache-Control": [ "no-cache" ],
        "Date": [ "Fri, 18 Mar 2022 00:12:54 GMT" ],
        "Server": [ "Microsoft-HTTPAPI/2.0" ],
        "WWW-Authenticate": [ "oYG3MIG0oAMKAQChCwYJKoZIgvcSAQICooGfBIGcYIGZBgkqhkiG9xIBAgICAG+BiTCBhqADAgEFoQMCAQ+iejB4oAMCARKicQRvTv1HrwyVbGOJphAp9aRxg71KLZo8wHESCCeGq0qIx4ip6idTb6cgh2dVyd0UmBcW/vrmCyQ8pWUktivyBpYvDZBBmNPjkY810IP4cFbCwK+mR+wGFWDxNXYXiMpeRXJYIohy0UrkND5fc9tnfPce" ]
      },
      "ContentHeaders": {
        "Content-Length": [ "595" ],
        "Content-Type": [ "application/json; charset=utf-8" ],
        "Expires": [ "-1" ]
      },
      "Content": "{\"id\":\"/subscriptions/67ddffc1-1bfa-4dd9-80a6-62ba2e348b6c/providers/Microsoft.Compute.Admin/locations/redmond/artifactTypes/VMExtension/publishers/Microsoft.Powershell/types/DSC/versions/2.77.0.0\",\"name\":null,\"type\":\"Microsoft.Compute.Admin/locations/artifactTypes/publishers/types/versions\",\"location\":\"redmond\",\"properties\":{\"publisher\":\"Microsoft.Powershell\",\"extensionType\":\"DSC\",\"typeHandlerVersion\":\"2.77.0.0\",\"vmOsType\":\"Windows\",\"computeRole\":\"N/A\",\"vmScaleSetEnabled\":false,\"supportMultipleExtensions\":false,\"isSystemExtension\":false,\"sourceBlob\":null,\"provisioningState\":\"Succeeded\"}}",
      "isContentBase64": false
    }
  },
  "Get-AzsVMExtension+[NoContext]+TestCreateVMExtension+$PUT+https://management.azure.com/subscriptions/67ddffc1-1bfa-4dd9-80a6-62ba2e348b6c/providers/Microsoft.Compute.Admin/locations/redmond/artifactTypes/VMExtension/publishers/Microsoft/types/MicroExtension/versions/0.1.0?api-version=2015-12-01-preview+1": {
    "Request": {
      "Method": "PUT",
      "RequestUri": "https://management.azure.com/subscriptions/67ddffc1-1bfa-4dd9-80a6-62ba2e348b6c/providers/Microsoft.Compute.Admin/locations/redmond/artifactTypes/VMExtension/publishers/Microsoft/types/MicroExtension/versions/0.1.0?api-version=2015-12-01-preview",
      "Content": "{\r\n  \"properties\": {\r\n    \"sourceBlob\": {\r\n      \"uri\": \"https://github.com/Microsoft/PowerShell-DSC-for-Linux/archive/v1.1.1-294.zip\"\r\n    },\r\n    \"vmOsType\": \"Linux\",\r\n    \"computeRole\": \"IaaS\",\r\n    \"supportMultipleExtensions\": true\r\n  }\r\n}",
      "isContentBase64": false,
      "Headers": {
      },
      "ContentHeaders": {
        "Content-Type": [ "application/json" ],
        "Content-Length": [ "243" ]
      }
    },
    "Response": {
      "StatusCode": 201,
      "Headers": {
        "Pragma": [ "no-cache" ],
        "x-ms-correlation-request-id": [ "ef21910d-47a8-433e-802a-c7dba485d853" ],
        "x-ms-ratelimit-remaining-subscription-writes": [ "1085" ],
        "x-ms-request-id": [ "ef21910d-47a8-433e-802a-c7dba485d853" ],
        "x-ms-routing-request-id": [ "REDMOND:20220318T001255Z:ef21910d-47a8-433e-802a-c7dba485d853" ],
        "Strict-Transport-Security": [ "max-age=31536000; includeSubDomains" ],
        "X-Content-Type-Options": [ "nosniff" ],
        "Cache-Control": [ "no-cache" ],
        "Date": [ "Fri, 18 Mar 2022 00:12:55 GMT" ],
        "Server": [ "Microsoft-HTTPAPI/2.0" ],
        "WWW-Authenticate": [ "oYG3MIG0oAMKAQChCwYJKoZIgvcSAQICooGfBIGcYIGZBgkqhkiG9xIBAgICAG+BiTCBhqADAgEFoQMCAQ+iejB4oAMCARKicQRvBxBTPWGc9545VJSqQPPcYzI4q2psspqTUOj4fOdJeHRfSEw7Q/de9Fy2aHW0q2kpD+V9gJwMXgGUjWeq2XTxrA4QK0gRtLPoJFvNRDjVtsj8Pqnap2sqNi4Gu6BRc6Lg+6f4osWkuui2oLWg/G0P" ]
      },
      "ContentHeaders": {
        "Content-Length": [ "668" ],
        "Content-Type": [ "application/json; charset=utf-8" ],
        "Expires": [ "-1" ]
      },
      "Content": "{\"id\":\"/subscriptions/67ddffc1-1bfa-4dd9-80a6-62ba2e348b6c/providers/Microsoft.Compute.Admin/locations/redmond/artifactTypes/VMExtension/publishers/Microsoft/types/MicroExtension/versions/0.1.0\",\"name\":null,\"type\":\"Microsoft.Compute.Admin/locations/artifactTypes/publishers/types/versions\",\"location\":\"redmond\",\"properties\":{\"publisher\":\"Microsoft\",\"extensionType\":\"MicroExtension\",\"typeHandlerVersion\":\"0.1.0\",\"vmOsType\":\"Linux\",\"computeRole\":\"IaaS\",\"vmScaleSetEnabled\":false,\"supportMultipleExtensions\":true,\"isSystemExtension\":false,\"sourceBlob\":{\"uri\":\"https://github.com/Microsoft/PowerShell-DSC-for-Linux/archive/v1.1.1-294.zip\"},\"provisioningState\":\"Creating\"}}",
      "isContentBase64": false
    }
  },
  "Get-AzsVMExtension+[NoContext]+TestDeleteVMExtension+$DELETE+https://management.azure.com/subscriptions/67ddffc1-1bfa-4dd9-80a6-62ba2e348b6c/providers/Microsoft.Compute.Admin/locations/redmond/artifactTypes/VMExtension/publishers/Microsoft/types/MicroExtension/versions/0.1.0?api-version=2015-12-01-preview+1": {
    "Request": {
      "Method": "DELETE",
      "RequestUri": "https://adminmanagement.redmond.ext-n22r1006.masd.stbtest.microsoft.com/subscriptions/67ddffc1-1bfa-4dd9-80a6-62ba2e348b6c/providers/Microsoft.Compute.Admin/locations/redmond/artifactTypes/VMExtension/publishers/Microsoft/types/MicroExtension/versions/0.1.0?api-version=2015-12-01-preview",
      "Content": null,
      "isContentBase64": false,
      "Headers": {
        "x-ms-unique-id": [ "2393" ],
        "x-ms-client-request-id": [ "5c96a333-b1b6-4407-84f0-0fe1feae8047" ],
        "CommandName": [ "Remove-AzsVMExtension" ],
        "FullCommandName": [ "Remove-AzsVMExtension_Delete" ],
        "ParameterSetName": [ "__AllParameterSets" ],
        "User-Agent": [ "AzurePowershell/Az4.0.0-preview" ],
        "Authorization": [ "[Filtered]" ]
      },
      "ContentHeaders": {
      }
    },
    "Response": {
      "StatusCode": 200,
      "Headers": {
        "Pragma": [ "no-cache" ],
        "x-ms-correlation-request-id": [ "65e9ca62-000a-4d97-a8c0-0ce83e6d2580" ],
        "x-ms-ratelimit-remaining-subscription-deletes": [ "14912" ],
        "x-ms-request-id": [ "65e9ca62-000a-4d97-a8c0-0ce83e6d2580" ],
        "x-ms-routing-request-id": [ "REDMOND:20220318T001256Z:65e9ca62-000a-4d97-a8c0-0ce83e6d2580" ],
        "Strict-Transport-Security": [ "max-age=31536000; includeSubDomains" ],
        "X-Content-Type-Options": [ "nosniff" ],
        "Cache-Control": [ "no-cache" ],
        "Date": [ "Fri, 18 Mar 2022 00:12:55 GMT" ],
        "Server": [ "Microsoft-HTTPAPI/2.0" ],
        "WWW-Authenticate": [ "oYG3MIG0oAMKAQChCwYJKoZIgvcSAQICooGfBIGcYIGZBgkqhkiG9xIBAgICAG+BiTCBhqADAgEFoQMCAQ+iejB4oAMCARKicQRvWLEpPIEKf2/4Uka4EpWYnygD9vOGtxHPXpPR7BzdMweZ3zjm9mXKUBQ8jO38Lu+kFxWo8vEZH44taSTmMHyQfQIk92915r6lpDJV/kMmxpYcHj1jhKy3qmXZHoZ9auj2Ct4tp/zOENsp3ujX/pqX" ]
      },
      "ContentHeaders": {
        "Content-Length": [ "0" ],
        "Expires": [ "-1" ]
      },
      "Content": null,
      "isContentBase64": false
    }
  }
}