{
  "Get-AzsPlatformImage+[NoContext]+TestListPlatformImages+$GET+https://management.azure.com/subscriptions/47b53730-e95d-4594-b843-d378bdff793a/providers/Microsoft.Compute.Admin/locations/redmond/artifactTypes/platformImage?api-version=2015-12-01-preview+1": {
    "Request": {
      "Method": "GET",
      "RequestUri": "https://adminmanagement.redmond.ext-n25r0507.masd.stbtest.microsoft.com/subscriptions/47b53730-e95d-4594-b843-d378bdff793a/providers/Microsoft.Compute.Admin/locations/redmond/artifactTypes/platformImage?api-version=2015-12-01-preview",
      "Content": null,
      "isContentBase64": false,
      "Headers": {
        "x-ms-unique-id": [ "1626" ],
        "x-ms-client-request-id": [ "aea803d9-6a15-4a69-8c33-a25ded04b591" ],
        "CommandName": [ "Get-AzsPlatformImage" ],
        "FullCommandName": [ "Get-AzsPlatformImage_List" ],
        "ParameterSetName": [ "__AllParameterSets" ],
        "User-Agent": [ "AzurePowershell/Az4.0.0-preview" ],
        "Authorization": [ "[Filtered]" ]
      },
      "ContentHeaders": {
      }
    },
    "Response": {
      "StatusCode": 200,
      "Headers": {
        "Pragma": [ "no-cache" ],
        "x-ms-correlation-request-id": [ "3bb567fa-b0f9-476b-80ad-cca45ba1d1cb" ],
        "x-ms-ratelimit-remaining-subscription-reads": [ "13777" ],
        "x-ms-request-id": [ "3bb567fa-b0f9-476b-80ad-cca45ba1d1cb" ],
        "x-ms-routing-request-id": [ "REDMOND:20210819T181411Z:3bb567fa-b0f9-476b-80ad-cca45ba1d1cb" ],
        "Strict-Transport-Security": [ "max-age=31536000; includeSubDomains" ],
        "X-Content-Type-Options": [ "nosniff" ],
        "Cache-Control": [ "no-cache" ],
        "Date": [ "Thu, 19 Aug 2021 18:14:10 GMT" ],
        "Server": [ "Microsoft-HTTPAPI/2.0" ],
        "WWW-Authenticate": [ "oYG3MIG0oAMKAQChCwYJKoZIgvcSAQICooGfBIGcYIGZBgkqhkiG9xIBAgICAG+BiTCBhqADAgEFoQMCAQ+iejB4oAMCARKicQRv4cYy/hbdVDvsiF6QJAcW0LMpiQIB62o5XWoxtD3gIcVEKWvVcWhJlInaoa6beSkcvn0eTLA1Bh2e8OV/sryNXSfqFWeKBRW91YvnL7EAce/cNxGvDeVtJK7goV7S5jlNuLiKdHdNbRVnsR3rOzr0" ]
      },
      "ContentHeaders": {
        "Content-Length": [ "8344" ],
        "Content-Type": [ "application/json; charset=utf-8" ],
        "Expires": [ "-1" ]
      },
      "Content": "[{\"id\":\"/subscriptions/47b53730-e95d-4594-b843-d378bdff793a/providers/Microsoft.Compute.Admin/locations/redmond/artifactTypes/platformImage/publishers/Canonical/offers/UbuntuServer/skus/14.04.3-LTS/versions/14.04.201508050\",\"name\":null,\"type\":\"Microsoft.Compute.Admin/locations/artifactTypes/publishers/offers/skus/versions\",\"location\":\"redmond\",\"properties\":{\"osDisk\":{\"osType\":\"Linux\",\"uri\":\"https://azsaddvmimagesacrp.blob.redmond.ext-n25r0507.masd.stbtest.microsoft.com/azsaddvmimagecontainercrp/UbuntuServer.vhd\"},\"dataDisks\":null,\"details\":null,\"replicate\":false,\"provisioningState\":\"Succeeded\"}},{\"id\":\"/subscriptions/47b53730-e95d-4594-b843-d378bdff793a/providers/Microsoft.Compute.Admin/locations/redmond/artifactTypes/platformImage/publishers/canonical/offers/UbuntuServer/skus/16.04-LTS/versions/16.04.202007080\",\"name\":null,\"type\":\"Microsoft.Compute.Admin/locations/artifactTypes/publishers/offers/skus/versions\",\"location\":\"redmond\",\"properties\":{\"osDisk\":{\"osType\":\"Linux\",\"uri\":\"https://azstmktprodwcu001.blob.core.windows.net/packages/aa4d60fd88fe46f9a97a75d2bf08c291%2FImage%2FUbuntu-16_04-LTS-amd64-server-20200708-en-us-30GB.vhd?skoid=2d4f7bf2-3564-4014-ab3b-1df4cf7ca3d2\u0026sktid=33e01921-4d64-4f8c-a055-5bdaffd5e33d\u0026skt=2021-07-29T06%3a38%3a39Z\u0026ske=2021-07-31T06%3a58%3a39Z\u0026sks=b\u0026skv=2020-04-08\u0026sv=2020-04-08\u0026st=2021-07-29T06%3a58%3a39Z\u0026se=2021-07-31T06%3a58%3a39Z\u0026sr=b\u0026sp=r\"},\"dataDisks\":[],\"details\":{\"billingPartNumber\":\"\"},\"replicate\":false,\"provisioningState\":\"Succeeded\"}},{\"id\":\"/subscriptions/47b53730-e95d-4594-b843-d378bdff793a/providers/Microsoft.Compute.Admin/locations/redmond/artifactTypes/platformImage/publishers/canonical/offers/UbuntuServer/skus/18.04-LTS/versions/18.04.202007080\",\"name\":null,\"type\":\"Microsoft.Compute.Admin/locations/artifactTypes/publishers/offers/skus/versions\",\"location\":\"redmond\",\"properties\":{\"osDisk\":{\"osType\":\"Linux\",\"uri\":\"https://azstmktprodwcu001.blob.core.windows.net/packages/405c7160072b47e3b40def27399e3e9a%2FImage%2FUbuntu-18_04-LTS-amd64-server-20200708.1-en-us-30GB.vhd?skoid=2d4f7bf2-3564-4014-ab3b-1df4cf7ca3d2\u0026sktid=33e01921-4d64-4f8c-a055-5bdaffd5e33d\u0026skt=2021-07-29T06%3a38%3a37Z\u0026ske=2021-07-31T06%3a58%3a37Z\u0026sks=b\u0026skv=2020-04-08\u0026sv=2020-04-08\u0026st=2021-07-29T06%3a58%3a37Z\u0026se=2021-07-31T06%3a58%3a37Z\u0026sr=b\u0026sp=r\"},\"dataDisks\":[],\"details\":{\"billingPartNumber\":\"\"},\"replicate\":false,\"provisioningState\":\"Succeeded\"}},{\"id\":\"/subscriptions/47b53730-e95d-4594-b843-d378bdff793a/providers/Microsoft.Compute.Admin/locations/redmond/artifactTypes/platformImage/publishers/CRP/offers/TestImage/skus/Dynamic/versions/1.0.0\",\"name\":null,\"type\":\"Microsoft.Compute.Admin/locations/artifactTypes/publishers/offers/skus/versions\",\"location\":\"redmond\",\"properties\":{\"osDisk\":{\"osType\":\"Linux\",\"uri\":\"https://azsaddvmimagesacrp.blob.redmond.ext-n25r0507.masd.stbtest.microsoft.com/azsaddvmimagecontainercrp/UbuntuServer.vhd\"},\"dataDisks\":[{\"lun\":0,\"uri\":\"https://azsaddvmimagesacrp.blob.redmond.ext-n25r0507.masd.stbtest.microsoft.com/azsaddvmimagecontainercrp/datadisk1.vhd\"},{\"lun\":1,\"uri\":\"https://azsaddvmimagesacrp.blob.redmond.ext-n25r0507.masd.stbtest.microsoft.com/azsaddvmimagecontainercrp/datadisk2.vhd\"},{\"lun\":2,\"uri\":\"https://azsaddvmimagesacrp.blob.redmond.ext-n25r0507.masd.stbtest.microsoft.com/azsaddvmimagecontainercrp/datadisk3.vhd\"},{\"lun\":3,\"uri\":\"https://azsaddvmimagesacrp.blob.redmond.ext-n25r0507.masd.stbtest.microsoft.com/azsaddvmimagecontainercrp/datadisk4.vhd\"}],\"details\":null,\"replicate\":false,\"provisioningState\":\"Succeeded\"}},{\"id\":\"/subscriptions/47b53730-e95d-4594-b843-d378bdff793a/providers/Microsoft.Compute.Admin/locations/redmond/artifactTypes/platformImage/publishers/Microsoft/offers/WindowsServer/skus/2012-R2-Datacenter/versions/4.0.20150825\",\"name\":null,\"type\":\"Microsoft.Compute.Admin/locations/artifactTypes/publishers/offers/skus/versions\",\"location\":\"redmond\",\"properties\":{\"osDisk\":{\"osType\":\"Windows\",\"uri\":\"https://azsaddvmimagesacrp.blob.redmond.ext-n25r0507.masd.stbtest.microsoft.com/azsaddvmimagecontainercrp/WindowsServer2012R2DatacenterEval.vhd\"},\"dataDisks\":[{\"lun\":0,\"uri\":\"https://azsaddvmimagesacrp.blob.redmond.ext-n25r0507.masd.stbtest.microsoft.com/azsaddvmimagecontainercrp/datadisk1.vhd\"},{\"lun\":1,\"uri\":\"https://azsaddvmimagesacrp.blob.redmond.ext-n25r0507.masd.stbtest.microsoft.com/azsaddvmimagecontainercrp/datadisk2.vhd\"},{\"lun\":2,\"uri\":\"https://azsaddvmimagesacrp.blob.redmond.ext-n25r0507.masd.stbtest.microsoft.com/azsaddvmimagecontainercrp/datadisk3.vhd\"},{\"lun\":3,\"uri\":\"https://azsaddvmimagesacrp.blob.redmond.ext-n25r0507.masd.stbtest.microsoft.com/azsaddvmimagecontainercrp/datadisk4.vhd\"}],\"details\":null,\"replicate\":false,\"provisioningState\":\"Succeeded\"}},{\"id\":\"/subscriptions/47b53730-e95d-4594-b843-d378bdff793a/providers/Microsoft.Compute.Admin/locations/redmond/artifactTypes/platformImage/publishers/MicrosoftWindowsServer/offers/WindowsServer/skus/2012-R2-Datacenter/versions/10.0.0\",\"name\":null,\"type\":\"Microsoft.Compute.Admin/locations/artifactTypes/publishers/offers/skus/versions\",\"location\":\"redmond\",\"properties\":{\"osDisk\":{\"osType\":\"Windows\",\"uri\":\"https://azurestacktemplate.blob.core.windows.net/azurestacktemplate-public-container/WindowsServer2012R2DatacenterBYOL.vhd\"},\"dataDisks\":null,\"details\":null,\"replicate\":false,\"provisioningState\":\"Succeeded\"}},{\"id\":\"/subscriptions/47b53730-e95d-4594-b843-d378bdff793a/providers/Microsoft.Compute.Admin/locations/redmond/artifactTypes/platformImage/publishers/MicrosoftWindowsServer/offers/windowsserver/skus/2012-R2-Datacenter-smalldisk/versions/9600.19847.2010090140\",\"name\":null,\"type\":\"Microsoft.Compute.Admin/locations/artifactTypes/publishers/offers/skus/versions\",\"location\":\"redmond\",\"properties\":{\"osDisk\":{\"osType\":\"Windows\",\"uri\":\"https://azstmktprodwcu001.blob.core.windows.net/packages/007efb466dc6418b8027b640626b427f%2FImage%2Fvhd_2k12r2_server_serverdatacenter_vl_en-us_30gb_azuregallery_fixed.vhd?skoid=2d4f7bf2-3564-4014-ab3b-1df4cf7ca3d2\u0026sktid=33e01921-4d64-4f8c-a055-5bdaffd5e33d\u0026skt=2021-07-29T06%3a38%3a39Z\u0026ske=2021-07-31T06%3a58%3a39Z\u0026sks=b\u0026skv=2020-04-08\u0026sv=2020-04-08\u0026st=2021-07-29T06%3a58%3a39Z\u0026se=2021-07-31T06%3a58%3a39Z\u0026sr=b\u0026sp=r\"},\"dataDisks\":[],\"details\":{\"billingPartNumber\":\"\"},\"replicate\":false,\"provisioningState\":\"Succeeded\"}},{\"id\":\"/subscriptions/47b53730-e95d-4594-b843-d378bdff793a/providers/Microsoft.Compute.Admin/locations/redmond/artifactTypes/platformImage/publishers/MicrosoftWindowsServer/offers/windowsserver/skus/2016-Datacenter-smalldisk/versions/14393.3986.2010070045\",\"name\":null,\"type\":\"Microsoft.Compute.Admin/locations/artifactTypes/publishers/offers/skus/versions\",\"location\":\"redmond\",\"properties\":{\"osDisk\":{\"osType\":\"Windows\",\"uri\":\"https://azstmktprodwcu001.blob.core.windows.net/packages/c12f21f106244837acaafef12d14fc43%2FImage%2Fvhd_server_serverdatacenter_en-us_vl_30gb_azuregallery_fixed.vhd?skoid=2d4f7bf2-3564-4014-ab3b-1df4cf7ca3d2\u0026sktid=33e01921-4d64-4f8c-a055-5bdaffd5e33d\u0026skt=2021-07-29T06%3a38%3a39Z\u0026ske=2021-07-31T06%3a58%3a39Z\u0026sks=b\u0026skv=2020-04-08\u0026sv=2020-04-08\u0026st=2021-07-29T06%3a58%3a39Z\u0026se=2021-07-31T06%3a58%3a39Z\u0026sr=b\u0026sp=r\"},\"dataDisks\":[],\"details\":{\"billingPartNumber\":\"\"},\"replicate\":false,\"provisioningState\":\"Succeeded\"}},{\"id\":\"/subscriptions/47b53730-e95d-4594-b843-d378bdff793a/providers/Microsoft.Compute.Admin/locations/redmond/artifactTypes/platformImage/publishers/Ubuntu/offers/Desktop/skus/Enterprise/versions/1.1.0\",\"name\":null,\"type\":\"Microsoft.Compute.Admin/locations/artifactTypes/publishers/offers/skus/versions\",\"location\":\"redmond\",\"properties\":{\"osDisk\":{\"osType\":\"Linux\",\"uri\":\"https://azsaddvmimagesacrp.blob.redmond.ext-n25r0507.masd.stbtest.microsoft.com/azsaddvmimagecontainercrp/UbuntuServer.vhd\"},\"dataDisks\":[{\"lun\":0,\"uri\":\"https://azsaddvmimagesacrp.blob.redmond.ext-n25r0507.masd.stbtest.microsoft.com/azsaddvmimagecontainercrp/datadisk1.vhd\"},{\"lun\":1,\"uri\":\"https://azsaddvmimagesacrp.blob.redmond.ext-n25r0507.masd.stbtest.microsoft.com/azsaddvmimagecontainercrp/datadisk2.vhd\"},{\"lun\":2,\"uri\":\"https://azsaddvmimagesacrp.blob.redmond.ext-n25r0507.masd.stbtest.microsoft.com/azsaddvmimagecontainercrp/datadisk3.vhd\"},{\"lun\":3,\"uri\":\"https://azsaddvmimagesacrp.blob.redmond.ext-n25r0507.masd.stbtest.microsoft.com/azsaddvmimagecontainercrp/datadisk4.vhd\"}],\"details\":null,\"replicate\":false,\"provisioningState\":\"Succeeded\"}}]",
      "isContentBase64": false
    }
  },
  "Get-AzsPlatformImage+[NoContext]+TestGetPlatformImage+$GET+https://management.azure.com/subscriptions/47b53730-e95d-4594-b843-d378bdff793a/providers/Microsoft.Compute.Admin/locations/redmond/artifactTypes/platformImage?api-version=2015-12-01-preview+1": {
    "Request": {
      "Method": "GET",
      "RequestUri": "https://adminmanagement.redmond.ext-n25r0507.masd.stbtest.microsoft.com/subscriptions/47b53730-e95d-4594-b843-d378bdff793a/providers/Microsoft.Compute.Admin/locations/redmond/artifactTypes/platformImage?api-version=2015-12-01-preview",
      "Content": null,
      "isContentBase64": false,
      "Headers": {
        "x-ms-unique-id": [ "1627" ],
        "x-ms-client-request-id": [ "051fa40d-9406-4abb-97d2-550f88d47063" ],
        "CommandName": [ "Get-AzsPlatformImage" ],
        "FullCommandName": [ "Get-AzsPlatformImage_List" ],
        "ParameterSetName": [ "__AllParameterSets" ],
        "User-Agent": [ "AzurePowershell/Az4.0.0-preview" ],
        "Authorization": [ "[Filtered]" ]
      },
      "ContentHeaders": {
      }
    },
    "Response": {
      "StatusCode": 200,
      "Headers": {
        "Pragma": [ "no-cache" ],
        "x-ms-correlation-request-id": [ "467d9689-e04d-44de-a2cb-066a25001f6f" ],
        "x-ms-ratelimit-remaining-subscription-reads": [ "13775" ],
        "x-ms-request-id": [ "467d9689-e04d-44de-a2cb-066a25001f6f" ],
        "x-ms-routing-request-id": [ "REDMOND:20210819T181413Z:467d9689-e04d-44de-a2cb-066a25001f6f" ],
        "Strict-Transport-Security": [ "max-age=31536000; includeSubDomains" ],
        "X-Content-Type-Options": [ "nosniff" ],
        "Cache-Control": [ "no-cache" ],
        "Date": [ "Thu, 19 Aug 2021 18:14:13 GMT" ],
        "Server": [ "Microsoft-HTTPAPI/2.0" ],
        "WWW-Authenticate": [ "oYG3MIG0oAMKAQChCwYJKoZIgvcSAQICooGfBIGcYIGZBgkqhkiG9xIBAgICAG+BiTCBhqADAgEFoQMCAQ+iejB4oAMCARKicQRv0t5XQUg2Z37cug1S39hpLEF+XJzmd5Mw06twebsFQ2gYmfIgqW5ONQ897SMNKzS8qgEGCmEmzRG0u1XX+4rRMK0d7F1Vb8lOrc8AQk1pLcxYoqX19aQ+PRI7VD6JGA/2YoYm+IyV5carbnuftp1H" ]
      },
      "ContentHeaders": {
        "Content-Length": [ "8344" ],
        "Content-Type": [ "application/json; charset=utf-8" ],
        "Expires": [ "-1" ]
      },
      "Content": "[{\"id\":\"/subscriptions/47b53730-e95d-4594-b843-d378bdff793a/providers/Microsoft.Compute.Admin/locations/redmond/artifactTypes/platformImage/publishers/Canonical/offers/UbuntuServer/skus/14.04.3-LTS/versions/14.04.201508050\",\"name\":null,\"type\":\"Microsoft.Compute.Admin/locations/artifactTypes/publishers/offers/skus/versions\",\"location\":\"redmond\",\"properties\":{\"osDisk\":{\"osType\":\"Linux\",\"uri\":\"https://azsaddvmimagesacrp.blob.redmond.ext-n25r0507.masd.stbtest.microsoft.com/azsaddvmimagecontainercrp/UbuntuServer.vhd\"},\"dataDisks\":null,\"details\":null,\"replicate\":false,\"provisioningState\":\"Succeeded\"}},{\"id\":\"/subscriptions/47b53730-e95d-4594-b843-d378bdff793a/providers/Microsoft.Compute.Admin/locations/redmond/artifactTypes/platformImage/publishers/canonical/offers/UbuntuServer/skus/16.04-LTS/versions/16.04.202007080\",\"name\":null,\"type\":\"Microsoft.Compute.Admin/locations/artifactTypes/publishers/offers/skus/versions\",\"location\":\"redmond\",\"properties\":{\"osDisk\":{\"osType\":\"Linux\",\"uri\":\"https://azstmktprodwcu001.blob.core.windows.net/packages/aa4d60fd88fe46f9a97a75d2bf08c291%2FImage%2FUbuntu-16_04-LTS-amd64-server-20200708-en-us-30GB.vhd?skoid=2d4f7bf2-3564-4014-ab3b-1df4cf7ca3d2\u0026sktid=33e01921-4d64-4f8c-a055-5bdaffd5e33d\u0026skt=2021-07-29T06%3a38%3a39Z\u0026ske=2021-07-31T06%3a58%3a39Z\u0026sks=b\u0026skv=2020-04-08\u0026sv=2020-04-08\u0026st=2021-07-29T06%3a58%3a39Z\u0026se=2021-07-31T06%3a58%3a39Z\u0026sr=b\u0026sp=r\"},\"dataDisks\":[],\"details\":{\"billingPartNumber\":\"\"},\"replicate\":false,\"provisioningState\":\"Succeeded\"}},{\"id\":\"/subscriptions/47b53730-e95d-4594-b843-d378bdff793a/providers/Microsoft.Compute.Admin/locations/redmond/artifactTypes/platformImage/publishers/canonical/offers/UbuntuServer/skus/18.04-LTS/versions/18.04.202007080\",\"name\":null,\"type\":\"Microsoft.Compute.Admin/locations/artifactTypes/publishers/offers/skus/versions\",\"location\":\"redmond\",\"properties\":{\"osDisk\":{\"osType\":\"Linux\",\"uri\":\"https://azstmktprodwcu001.blob.core.windows.net/packages/405c7160072b47e3b40def27399e3e9a%2FImage%2FUbuntu-18_04-LTS-amd64-server-20200708.1-en-us-30GB.vhd?skoid=2d4f7bf2-3564-4014-ab3b-1df4cf7ca3d2\u0026sktid=33e01921-4d64-4f8c-a055-5bdaffd5e33d\u0026skt=2021-07-29T06%3a38%3a37Z\u0026ske=2021-07-31T06%3a58%3a37Z\u0026sks=b\u0026skv=2020-04-08\u0026sv=2020-04-08\u0026st=2021-07-29T06%3a58%3a37Z\u0026se=2021-07-31T06%3a58%3a37Z\u0026sr=b\u0026sp=r\"},\"dataDisks\":[],\"details\":{\"billingPartNumber\":\"\"},\"replicate\":false,\"provisioningState\":\"Succeeded\"}},{\"id\":\"/subscriptions/47b53730-e95d-4594-b843-d378bdff793a/providers/Microsoft.Compute.Admin/locations/redmond/artifactTypes/platformImage/publishers/CRP/offers/TestImage/skus/Dynamic/versions/1.0.0\",\"name\":null,\"type\":\"Microsoft.Compute.Admin/locations/artifactTypes/publishers/offers/skus/versions\",\"location\":\"redmond\",\"properties\":{\"osDisk\":{\"osType\":\"Linux\",\"uri\":\"https://azsaddvmimagesacrp.blob.redmond.ext-n25r0507.masd.stbtest.microsoft.com/azsaddvmimagecontainercrp/UbuntuServer.vhd\"},\"dataDisks\":[{\"lun\":0,\"uri\":\"https://azsaddvmimagesacrp.blob.redmond.ext-n25r0507.masd.stbtest.microsoft.com/azsaddvmimagecontainercrp/datadisk1.vhd\"},{\"lun\":1,\"uri\":\"https://azsaddvmimagesacrp.blob.redmond.ext-n25r0507.masd.stbtest.microsoft.com/azsaddvmimagecontainercrp/datadisk2.vhd\"},{\"lun\":2,\"uri\":\"https://azsaddvmimagesacrp.blob.redmond.ext-n25r0507.masd.stbtest.microsoft.com/azsaddvmimagecontainercrp/datadisk3.vhd\"},{\"lun\":3,\"uri\":\"https://azsaddvmimagesacrp.blob.redmond.ext-n25r0507.masd.stbtest.microsoft.com/azsaddvmimagecontainercrp/datadisk4.vhd\"}],\"details\":null,\"replicate\":false,\"provisioningState\":\"Succeeded\"}},{\"id\":\"/subscriptions/47b53730-e95d-4594-b843-d378bdff793a/providers/Microsoft.Compute.Admin/locations/redmond/artifactTypes/platformImage/publishers/Microsoft/offers/WindowsServer/skus/2012-R2-Datacenter/versions/4.0.20150825\",\"name\":null,\"type\":\"Microsoft.Compute.Admin/locations/artifactTypes/publishers/offers/skus/versions\",\"location\":\"redmond\",\"properties\":{\"osDisk\":{\"osType\":\"Windows\",\"uri\":\"https://azsaddvmimagesacrp.blob.redmond.ext-n25r0507.masd.stbtest.microsoft.com/azsaddvmimagecontainercrp/WindowsServer2012R2DatacenterEval.vhd\"},\"dataDisks\":[{\"lun\":0,\"uri\":\"https://azsaddvmimagesacrp.blob.redmond.ext-n25r0507.masd.stbtest.microsoft.com/azsaddvmimagecontainercrp/datadisk1.vhd\"},{\"lun\":1,\"uri\":\"https://azsaddvmimagesacrp.blob.redmond.ext-n25r0507.masd.stbtest.microsoft.com/azsaddvmimagecontainercrp/datadisk2.vhd\"},{\"lun\":2,\"uri\":\"https://azsaddvmimagesacrp.blob.redmond.ext-n25r0507.masd.stbtest.microsoft.com/azsaddvmimagecontainercrp/datadisk3.vhd\"},{\"lun\":3,\"uri\":\"https://azsaddvmimagesacrp.blob.redmond.ext-n25r0507.masd.stbtest.microsoft.com/azsaddvmimagecontainercrp/datadisk4.vhd\"}],\"details\":null,\"replicate\":false,\"provisioningState\":\"Succeeded\"}},{\"id\":\"/subscriptions/47b53730-e95d-4594-b843-d378bdff793a/providers/Microsoft.Compute.Admin/locations/redmond/artifactTypes/platformImage/publishers/MicrosoftWindowsServer/offers/WindowsServer/skus/2012-R2-Datacenter/versions/10.0.0\",\"name\":null,\"type\":\"Microsoft.Compute.Admin/locations/artifactTypes/publishers/offers/skus/versions\",\"location\":\"redmond\",\"properties\":{\"osDisk\":{\"osType\":\"Windows\",\"uri\":\"https://azurestacktemplate.blob.core.windows.net/azurestacktemplate-public-container/WindowsServer2012R2DatacenterBYOL.vhd\"},\"dataDisks\":null,\"details\":null,\"replicate\":false,\"provisioningState\":\"Succeeded\"}},{\"id\":\"/subscriptions/47b53730-e95d-4594-b843-d378bdff793a/providers/Microsoft.Compute.Admin/locations/redmond/artifactTypes/platformImage/publishers/MicrosoftWindowsServer/offers/windowsserver/skus/2012-R2-Datacenter-smalldisk/versions/9600.19847.2010090140\",\"name\":null,\"type\":\"Microsoft.Compute.Admin/locations/artifactTypes/publishers/offers/skus/versions\",\"location\":\"redmond\",\"properties\":{\"osDisk\":{\"osType\":\"Windows\",\"uri\":\"https://azstmktprodwcu001.blob.core.windows.net/packages/007efb466dc6418b8027b640626b427f%2FImage%2Fvhd_2k12r2_server_serverdatacenter_vl_en-us_30gb_azuregallery_fixed.vhd?skoid=2d4f7bf2-3564-4014-ab3b-1df4cf7ca3d2\u0026sktid=33e01921-4d64-4f8c-a055-5bdaffd5e33d\u0026skt=2021-07-29T06%3a38%3a39Z\u0026ske=2021-07-31T06%3a58%3a39Z\u0026sks=b\u0026skv=2020-04-08\u0026sv=2020-04-08\u0026st=2021-07-29T06%3a58%3a39Z\u0026se=2021-07-31T06%3a58%3a39Z\u0026sr=b\u0026sp=r\"},\"dataDisks\":[],\"details\":{\"billingPartNumber\":\"\"},\"replicate\":false,\"provisioningState\":\"Succeeded\"}},{\"id\":\"/subscriptions/47b53730-e95d-4594-b843-d378bdff793a/providers/Microsoft.Compute.Admin/locations/redmond/artifactTypes/platformImage/publishers/MicrosoftWindowsServer/offers/windowsserver/skus/2016-Datacenter-smalldisk/versions/14393.3986.2010070045\",\"name\":null,\"type\":\"Microsoft.Compute.Admin/locations/artifactTypes/publishers/offers/skus/versions\",\"location\":\"redmond\",\"properties\":{\"osDisk\":{\"osType\":\"Windows\",\"uri\":\"https://azstmktprodwcu001.blob.core.windows.net/packages/c12f21f106244837acaafef12d14fc43%2FImage%2Fvhd_server_serverdatacenter_en-us_vl_30gb_azuregallery_fixed.vhd?skoid=2d4f7bf2-3564-4014-ab3b-1df4cf7ca3d2\u0026sktid=33e01921-4d64-4f8c-a055-5bdaffd5e33d\u0026skt=2021-07-29T06%3a38%3a39Z\u0026ske=2021-07-31T06%3a58%3a39Z\u0026sks=b\u0026skv=2020-04-08\u0026sv=2020-04-08\u0026st=2021-07-29T06%3a58%3a39Z\u0026se=2021-07-31T06%3a58%3a39Z\u0026sr=b\u0026sp=r\"},\"dataDisks\":[],\"details\":{\"billingPartNumber\":\"\"},\"replicate\":false,\"provisioningState\":\"Succeeded\"}},{\"id\":\"/subscriptions/47b53730-e95d-4594-b843-d378bdff793a/providers/Microsoft.Compute.Admin/locations/redmond/artifactTypes/platformImage/publishers/Ubuntu/offers/Desktop/skus/Enterprise/versions/1.1.0\",\"name\":null,\"type\":\"Microsoft.Compute.Admin/locations/artifactTypes/publishers/offers/skus/versions\",\"location\":\"redmond\",\"properties\":{\"osDisk\":{\"osType\":\"Linux\",\"uri\":\"https://azsaddvmimagesacrp.blob.redmond.ext-n25r0507.masd.stbtest.microsoft.com/azsaddvmimagecontainercrp/UbuntuServer.vhd\"},\"dataDisks\":[{\"lun\":0,\"uri\":\"https://azsaddvmimagesacrp.blob.redmond.ext-n25r0507.masd.stbtest.microsoft.com/azsaddvmimagecontainercrp/datadisk1.vhd\"},{\"lun\":1,\"uri\":\"https://azsaddvmimagesacrp.blob.redmond.ext-n25r0507.masd.stbtest.microsoft.com/azsaddvmimagecontainercrp/datadisk2.vhd\"},{\"lun\":2,\"uri\":\"https://azsaddvmimagesacrp.blob.redmond.ext-n25r0507.masd.stbtest.microsoft.com/azsaddvmimagecontainercrp/datadisk3.vhd\"},{\"lun\":3,\"uri\":\"https://azsaddvmimagesacrp.blob.redmond.ext-n25r0507.masd.stbtest.microsoft.com/azsaddvmimagecontainercrp/datadisk4.vhd\"}],\"details\":null,\"replicate\":false,\"provisioningState\":\"Succeeded\"}}]",
      "isContentBase64": false
    }
  },
  "Get-AzsPlatformImage+[NoContext]+TestGetPlatformImage+$GET+https://management.azure.com/subscriptions/47b53730-e95d-4594-b843-d378bdff793a/providers/Microsoft.Compute.Admin/locations/redmond/artifactTypes/platformImage/publishers/Canonical/offers/UbuntuServer/skus/14.04.3-LTS/versions/14.04.201508050?api-version=2015-12-01-preview+2": {
    "Request": {
      "Method": "GET",
      "RequestUri": "https://adminmanagement.redmond.ext-n25r0507.masd.stbtest.microsoft.com/subscriptions/47b53730-e95d-4594-b843-d378bdff793a/providers/Microsoft.Compute.Admin/locations/redmond/artifactTypes/platformImage/publishers/Canonical/offers/UbuntuServer/skus/14.04.3-LTS/versions/14.04.201508050?api-version=2015-12-01-preview",
      "Content": null,
      "isContentBase64": false,
      "Headers": {
        "x-ms-unique-id": [ "1628" ],
        "x-ms-client-request-id": [ "8454cde2-4d6c-4f9b-b1eb-12e555fedf8e" ],
        "CommandName": [ "Get-AzsPlatformImage" ],
        "FullCommandName": [ "Get-AzsPlatformImage_Get" ],
        "ParameterSetName": [ "__AllParameterSets" ],
        "User-Agent": [ "AzurePowershell/Az4.0.0-preview" ],
        "Authorization": [ "[Filtered]" ]
      },
      "ContentHeaders": {
      }
    },
    "Response": {
      "StatusCode": 200,
      "Headers": {
        "Pragma": [ "no-cache" ],
        "x-ms-correlation-request-id": [ "e3bf1b6c-2559-4517-84d8-45fb11ab14c1" ],
        "x-ms-ratelimit-remaining-subscription-reads": [ "13773" ],
        "x-ms-request-id": [ "e3bf1b6c-2559-4517-84d8-45fb11ab14c1" ],
        "x-ms-routing-request-id": [ "REDMOND:20210819T181416Z:e3bf1b6c-2559-4517-84d8-45fb11ab14c1" ],
        "Strict-Transport-Security": [ "max-age=31536000; includeSubDomains" ],
        "X-Content-Type-Options": [ "nosniff" ],
        "Cache-Control": [ "no-cache" ],
        "Date": [ "Thu, 19 Aug 2021 18:14:15 GMT" ],
        "Server": [ "Microsoft-HTTPAPI/2.0" ],
        "WWW-Authenticate": [ "oYG3MIG0oAMKAQChCwYJKoZIgvcSAQICooGfBIGcYIGZBgkqhkiG9xIBAgICAG+BiTCBhqADAgEFoQMCAQ+iejB4oAMCARKicQRvp6xnj6IaMaM0zSCshzg9FLP8JkA01y6TLZ/Hp9x4RQGsbhqsy0PxEnRl176PdHzRQnajDfxw937wtxqyiqca04I1cKQVYJTyDk7D4cShkoFHBdVP+v/p7lhks0TPwJWc/cA29WVIdmTCCyxExY/e" ]
      },
      "ContentHeaders": {
        "Content-Length": [ "601" ],
        "Content-Type": [ "application/json; charset=utf-8" ],
        "Expires": [ "-1" ]
      },
      "Content": "{\"id\":\"/subscriptions/47b53730-e95d-4594-b843-d378bdff793a/providers/Microsoft.Compute.Admin/locations/redmond/artifactTypes/platformImage/publishers/Canonical/offers/UbuntuServer/skus/14.04.3-LTS/versions/14.04.201508050\",\"name\":null,\"type\":\"Microsoft.Compute.Admin/locations/artifactTypes/publishers/offers/skus/versions\",\"location\":\"redmond\",\"properties\":{\"osDisk\":{\"osType\":\"Linux\",\"uri\":\"https://azsaddvmimagesacrp.blob.redmond.ext-n25r0507.masd.stbtest.microsoft.com/azsaddvmimagecontainercrp/UbuntuServer.vhd\"},\"dataDisks\":null,\"details\":null,\"replicate\":false,\"provisioningState\":\"Succeeded\"}}",
      "isContentBase64": false
    }
  },
  "Get-AzsPlatformImage+[NoContext]+TestGetAllPlatformImages+$GET+https://management.azure.com/subscriptions/47b53730-e95d-4594-b843-d378bdff793a/providers/Microsoft.Compute.Admin/locations/redmond/artifactTypes/platformImage?api-version=2015-12-01-preview+1": {
    "Request": {
      "Method": "GET",
      "RequestUri": "https://adminmanagement.redmond.ext-n25r0507.masd.stbtest.microsoft.com/subscriptions/47b53730-e95d-4594-b843-d378bdff793a/providers/Microsoft.Compute.Admin/locations/redmond/artifactTypes/platformImage?api-version=2015-12-01-preview",
      "Content": null,
      "isContentBase64": false,
      "Headers": {
        "x-ms-unique-id": [ "1629" ],
        "x-ms-client-request-id": [ "8167c83b-e694-423b-ac05-6b682546a80d" ],
        "CommandName": [ "Get-AzsPlatformImage" ],
        "FullCommandName": [ "Get-AzsPlatformImage_List" ],
        "ParameterSetName": [ "__AllParameterSets" ],
        "User-Agent": [ "AzurePowershell/Az4.0.0-preview" ],
        "Authorization": [ "[Filtered]" ]
      },
      "ContentHeaders": {
      }
    },
    "Response": {
      "StatusCode": 200,
      "Headers": {
        "Pragma": [ "no-cache" ],
        "x-ms-correlation-request-id": [ "18c69083-e433-4fe3-86f4-4f65c535bbb9" ],
        "x-ms-ratelimit-remaining-subscription-reads": [ "13771" ],
        "x-ms-request-id": [ "18c69083-e433-4fe3-86f4-4f65c535bbb9" ],
        "x-ms-routing-request-id": [ "REDMOND:20210819T181417Z:18c69083-e433-4fe3-86f4-4f65c535bbb9" ],
        "Strict-Transport-Security": [ "max-age=31536000; includeSubDomains" ],
        "X-Content-Type-Options": [ "nosniff" ],
        "Cache-Control": [ "no-cache" ],
        "Date": [ "Thu, 19 Aug 2021 18:14:17 GMT" ],
        "Server": [ "Microsoft-HTTPAPI/2.0" ],
        "WWW-Authenticate": [ "oYG3MIG0oAMKAQChCwYJKoZIgvcSAQICooGfBIGcYIGZBgkqhkiG9xIBAgICAG+BiTCBhqADAgEFoQMCAQ+iejB4oAMCARKicQRv8SWjgf5nfldaaRgfuETdycV2OyA8JkauYw1aql7BgPuk5IuEjt5hhqthy5MmxG0cUdbb97OOawn27cf1j7L37mY8ZdVBt4NlrYGPtoERNofn6w8FFSZ1B2LImyCDimkjUi5zYsHBTxSySNFEK6qb" ]
      },
      "ContentHeaders": {
        "Content-Length": [ "8344" ],
        "Content-Type": [ "application/json; charset=utf-8" ],
        "Expires": [ "-1" ]
      },
      "Content": "[{\"id\":\"/subscriptions/47b53730-e95d-4594-b843-d378bdff793a/providers/Microsoft.Compute.Admin/locations/redmond/artifactTypes/platformImage/publishers/Canonical/offers/UbuntuServer/skus/14.04.3-LTS/versions/14.04.201508050\",\"name\":null,\"type\":\"Microsoft.Compute.Admin/locations/artifactTypes/publishers/offers/skus/versions\",\"location\":\"redmond\",\"properties\":{\"osDisk\":{\"osType\":\"Linux\",\"uri\":\"https://azsaddvmimagesacrp.blob.redmond.ext-n25r0507.masd.stbtest.microsoft.com/azsaddvmimagecontainercrp/UbuntuServer.vhd\"},\"dataDisks\":null,\"details\":null,\"replicate\":false,\"provisioningState\":\"Succeeded\"}},{\"id\":\"/subscriptions/47b53730-e95d-4594-b843-d378bdff793a/providers/Microsoft.Compute.Admin/locations/redmond/artifactTypes/platformImage/publishers/canonical/offers/UbuntuServer/skus/16.04-LTS/versions/16.04.202007080\",\"name\":null,\"type\":\"Microsoft.Compute.Admin/locations/artifactTypes/publishers/offers/skus/versions\",\"location\":\"redmond\",\"properties\":{\"osDisk\":{\"osType\":\"Linux\",\"uri\":\"https://azstmktprodwcu001.blob.core.windows.net/packages/aa4d60fd88fe46f9a97a75d2bf08c291%2FImage%2FUbuntu-16_04-LTS-amd64-server-20200708-en-us-30GB.vhd?skoid=2d4f7bf2-3564-4014-ab3b-1df4cf7ca3d2\u0026sktid=33e01921-4d64-4f8c-a055-5bdaffd5e33d\u0026skt=2021-07-29T06%3a38%3a39Z\u0026ske=2021-07-31T06%3a58%3a39Z\u0026sks=b\u0026skv=2020-04-08\u0026sv=2020-04-08\u0026st=2021-07-29T06%3a58%3a39Z\u0026se=2021-07-31T06%3a58%3a39Z\u0026sr=b\u0026sp=r\"},\"dataDisks\":[],\"details\":{\"billingPartNumber\":\"\"},\"replicate\":false,\"provisioningState\":\"Succeeded\"}},{\"id\":\"/subscriptions/47b53730-e95d-4594-b843-d378bdff793a/providers/Microsoft.Compute.Admin/locations/redmond/artifactTypes/platformImage/publishers/canonical/offers/UbuntuServer/skus/18.04-LTS/versions/18.04.202007080\",\"name\":null,\"type\":\"Microsoft.Compute.Admin/locations/artifactTypes/publishers/offers/skus/versions\",\"location\":\"redmond\",\"properties\":{\"osDisk\":{\"osType\":\"Linux\",\"uri\":\"https://azstmktprodwcu001.blob.core.windows.net/packages/405c7160072b47e3b40def27399e3e9a%2FImage%2FUbuntu-18_04-LTS-amd64-server-20200708.1-en-us-30GB.vhd?skoid=2d4f7bf2-3564-4014-ab3b-1df4cf7ca3d2\u0026sktid=33e01921-4d64-4f8c-a055-5bdaffd5e33d\u0026skt=2021-07-29T06%3a38%3a37Z\u0026ske=2021-07-31T06%3a58%3a37Z\u0026sks=b\u0026skv=2020-04-08\u0026sv=2020-04-08\u0026st=2021-07-29T06%3a58%3a37Z\u0026se=2021-07-31T06%3a58%3a37Z\u0026sr=b\u0026sp=r\"},\"dataDisks\":[],\"details\":{\"billingPartNumber\":\"\"},\"replicate\":false,\"provisioningState\":\"Succeeded\"}},{\"id\":\"/subscriptions/47b53730-e95d-4594-b843-d378bdff793a/providers/Microsoft.Compute.Admin/locations/redmond/artifactTypes/platformImage/publishers/CRP/offers/TestImage/skus/Dynamic/versions/1.0.0\",\"name\":null,\"type\":\"Microsoft.Compute.Admin/locations/artifactTypes/publishers/offers/skus/versions\",\"location\":\"redmond\",\"properties\":{\"osDisk\":{\"osType\":\"Linux\",\"uri\":\"https://azsaddvmimagesacrp.blob.redmond.ext-n25r0507.masd.stbtest.microsoft.com/azsaddvmimagecontainercrp/UbuntuServer.vhd\"},\"dataDisks\":[{\"lun\":0,\"uri\":\"https://azsaddvmimagesacrp.blob.redmond.ext-n25r0507.masd.stbtest.microsoft.com/azsaddvmimagecontainercrp/datadisk1.vhd\"},{\"lun\":1,\"uri\":\"https://azsaddvmimagesacrp.blob.redmond.ext-n25r0507.masd.stbtest.microsoft.com/azsaddvmimagecontainercrp/datadisk2.vhd\"},{\"lun\":2,\"uri\":\"https://azsaddvmimagesacrp.blob.redmond.ext-n25r0507.masd.stbtest.microsoft.com/azsaddvmimagecontainercrp/datadisk3.vhd\"},{\"lun\":3,\"uri\":\"https://azsaddvmimagesacrp.blob.redmond.ext-n25r0507.masd.stbtest.microsoft.com/azsaddvmimagecontainercrp/datadisk4.vhd\"}],\"details\":null,\"replicate\":false,\"provisioningState\":\"Succeeded\"}},{\"id\":\"/subscriptions/47b53730-e95d-4594-b843-d378bdff793a/providers/Microsoft.Compute.Admin/locations/redmond/artifactTypes/platformImage/publishers/Microsoft/offers/WindowsServer/skus/2012-R2-Datacenter/versions/4.0.20150825\",\"name\":null,\"type\":\"Microsoft.Compute.Admin/locations/artifactTypes/publishers/offers/skus/versions\",\"location\":\"redmond\",\"properties\":{\"osDisk\":{\"osType\":\"Windows\",\"uri\":\"https://azsaddvmimagesacrp.blob.redmond.ext-n25r0507.masd.stbtest.microsoft.com/azsaddvmimagecontainercrp/WindowsServer2012R2DatacenterEval.vhd\"},\"dataDisks\":[{\"lun\":0,\"uri\":\"https://azsaddvmimagesacrp.blob.redmond.ext-n25r0507.masd.stbtest.microsoft.com/azsaddvmimagecontainercrp/datadisk1.vhd\"},{\"lun\":1,\"uri\":\"https://azsaddvmimagesacrp.blob.redmond.ext-n25r0507.masd.stbtest.microsoft.com/azsaddvmimagecontainercrp/datadisk2.vhd\"},{\"lun\":2,\"uri\":\"https://azsaddvmimagesacrp.blob.redmond.ext-n25r0507.masd.stbtest.microsoft.com/azsaddvmimagecontainercrp/datadisk3.vhd\"},{\"lun\":3,\"uri\":\"https://azsaddvmimagesacrp.blob.redmond.ext-n25r0507.masd.stbtest.microsoft.com/azsaddvmimagecontainercrp/datadisk4.vhd\"}],\"details\":null,\"replicate\":false,\"provisioningState\":\"Succeeded\"}},{\"id\":\"/subscriptions/47b53730-e95d-4594-b843-d378bdff793a/providers/Microsoft.Compute.Admin/locations/redmond/artifactTypes/platformImage/publishers/MicrosoftWindowsServer/offers/WindowsServer/skus/2012-R2-Datacenter/versions/10.0.0\",\"name\":null,\"type\":\"Microsoft.Compute.Admin/locations/artifactTypes/publishers/offers/skus/versions\",\"location\":\"redmond\",\"properties\":{\"osDisk\":{\"osType\":\"Windows\",\"uri\":\"https://azurestacktemplate.blob.core.windows.net/azurestacktemplate-public-container/WindowsServer2012R2DatacenterBYOL.vhd\"},\"dataDisks\":null,\"details\":null,\"replicate\":false,\"provisioningState\":\"Succeeded\"}},{\"id\":\"/subscriptions/47b53730-e95d-4594-b843-d378bdff793a/providers/Microsoft.Compute.Admin/locations/redmond/artifactTypes/platformImage/publishers/MicrosoftWindowsServer/offers/windowsserver/skus/2012-R2-Datacenter-smalldisk/versions/9600.19847.2010090140\",\"name\":null,\"type\":\"Microsoft.Compute.Admin/locations/artifactTypes/publishers/offers/skus/versions\",\"location\":\"redmond\",\"properties\":{\"osDisk\":{\"osType\":\"Windows\",\"uri\":\"https://azstmktprodwcu001.blob.core.windows.net/packages/007efb466dc6418b8027b640626b427f%2FImage%2Fvhd_2k12r2_server_serverdatacenter_vl_en-us_30gb_azuregallery_fixed.vhd?skoid=2d4f7bf2-3564-4014-ab3b-1df4cf7ca3d2\u0026sktid=33e01921-4d64-4f8c-a055-5bdaffd5e33d\u0026skt=2021-07-29T06%3a38%3a39Z\u0026ske=2021-07-31T06%3a58%3a39Z\u0026sks=b\u0026skv=2020-04-08\u0026sv=2020-04-08\u0026st=2021-07-29T06%3a58%3a39Z\u0026se=2021-07-31T06%3a58%3a39Z\u0026sr=b\u0026sp=r\"},\"dataDisks\":[],\"details\":{\"billingPartNumber\":\"\"},\"replicate\":false,\"provisioningState\":\"Succeeded\"}},{\"id\":\"/subscriptions/47b53730-e95d-4594-b843-d378bdff793a/providers/Microsoft.Compute.Admin/locations/redmond/artifactTypes/platformImage/publishers/MicrosoftWindowsServer/offers/windowsserver/skus/2016-Datacenter-smalldisk/versions/14393.3986.2010070045\",\"name\":null,\"type\":\"Microsoft.Compute.Admin/locations/artifactTypes/publishers/offers/skus/versions\",\"location\":\"redmond\",\"properties\":{\"osDisk\":{\"osType\":\"Windows\",\"uri\":\"https://azstmktprodwcu001.blob.core.windows.net/packages/c12f21f106244837acaafef12d14fc43%2FImage%2Fvhd_server_serverdatacenter_en-us_vl_30gb_azuregallery_fixed.vhd?skoid=2d4f7bf2-3564-4014-ab3b-1df4cf7ca3d2\u0026sktid=33e01921-4d64-4f8c-a055-5bdaffd5e33d\u0026skt=2021-07-29T06%3a38%3a39Z\u0026ske=2021-07-31T06%3a58%3a39Z\u0026sks=b\u0026skv=2020-04-08\u0026sv=2020-04-08\u0026st=2021-07-29T06%3a58%3a39Z\u0026se=2021-07-31T06%3a58%3a39Z\u0026sr=b\u0026sp=r\"},\"dataDisks\":[],\"details\":{\"billingPartNumber\":\"\"},\"replicate\":false,\"provisioningState\":\"Succeeded\"}},{\"id\":\"/subscriptions/47b53730-e95d-4594-b843-d378bdff793a/providers/Microsoft.Compute.Admin/locations/redmond/artifactTypes/platformImage/publishers/Ubuntu/offers/Desktop/skus/Enterprise/versions/1.1.0\",\"name\":null,\"type\":\"Microsoft.Compute.Admin/locations/artifactTypes/publishers/offers/skus/versions\",\"location\":\"redmond\",\"properties\":{\"osDisk\":{\"osType\":\"Linux\",\"uri\":\"https://azsaddvmimagesacrp.blob.redmond.ext-n25r0507.masd.stbtest.microsoft.com/azsaddvmimagecontainercrp/UbuntuServer.vhd\"},\"dataDisks\":[{\"lun\":0,\"uri\":\"https://azsaddvmimagesacrp.blob.redmond.ext-n25r0507.masd.stbtest.microsoft.com/azsaddvmimagecontainercrp/datadisk1.vhd\"},{\"lun\":1,\"uri\":\"https://azsaddvmimagesacrp.blob.redmond.ext-n25r0507.masd.stbtest.microsoft.com/azsaddvmimagecontainercrp/datadisk2.vhd\"},{\"lun\":2,\"uri\":\"https://azsaddvmimagesacrp.blob.redmond.ext-n25r0507.masd.stbtest.microsoft.com/azsaddvmimagecontainercrp/datadisk3.vhd\"},{\"lun\":3,\"uri\":\"https://azsaddvmimagesacrp.blob.redmond.ext-n25r0507.masd.stbtest.microsoft.com/azsaddvmimagecontainercrp/datadisk4.vhd\"}],\"details\":null,\"replicate\":false,\"provisioningState\":\"Succeeded\"}}]",
      "isContentBase64": false
    }
  },
  "Get-AzsPlatformImage+[NoContext]+TestGetAllPlatformImages+$GET+https://management.azure.com/subscriptions/47b53730-e95d-4594-b843-d378bdff793a/providers/Microsoft.Compute.Admin/locations/redmond/artifactTypes/platformImage/publishers/Canonical/offers/UbuntuServer/skus/14.04.3-LTS/versions/14.04.201508050?api-version=2015-12-01-preview+2": {
    "Request": {
      "Method": "GET",
      "RequestUri": "https://adminmanagement.redmond.ext-n25r0507.masd.stbtest.microsoft.com/subscriptions/47b53730-e95d-4594-b843-d378bdff793a/providers/Microsoft.Compute.Admin/locations/redmond/artifactTypes/platformImage/publishers/Canonical/offers/UbuntuServer/skus/14.04.3-LTS/versions/14.04.201508050?api-version=2015-12-01-preview",
      "Content": null,
      "isContentBase64": false,
      "Headers": {
        "x-ms-unique-id": [ "1630" ],
        "x-ms-client-request-id": [ "af35efe4-fcea-4154-8592-699323cb6bda" ],
        "CommandName": [ "Get-AzsPlatformImage" ],
        "FullCommandName": [ "Get-AzsPlatformImage_GetViaIdentity" ],
        "ParameterSetName": [ "__AllParameterSets" ],
        "User-Agent": [ "AzurePowershell/Az4.0.0-preview" ],
        "Authorization": [ "[Filtered]" ]
      },
      "ContentHeaders": {
      }
    },
    "Response": {
      "StatusCode": 200,
      "Headers": {
        "Pragma": [ "no-cache" ],
        "x-ms-correlation-request-id": [ "4bbf4ef1-fe00-44a0-84d3-7709373fdd0d" ],
        "x-ms-ratelimit-remaining-subscription-reads": [ "13770" ],
        "x-ms-request-id": [ "4bbf4ef1-fe00-44a0-84d3-7709373fdd0d" ],
        "x-ms-routing-request-id": [ "REDMOND:20210819T181417Z:4bbf4ef1-fe00-44a0-84d3-7709373fdd0d" ],
        "Strict-Transport-Security": [ "max-age=31536000; includeSubDomains" ],
        "X-Content-Type-Options": [ "nosniff" ],
        "Cache-Control": [ "no-cache" ],
        "Date": [ "Thu, 19 Aug 2021 18:14:17 GMT" ],
        "Server": [ "Microsoft-HTTPAPI/2.0" ],
        "WWW-Authenticate": [ "oYG3MIG0oAMKAQChCwYJKoZIgvcSAQICooGfBIGcYIGZBgkqhkiG9xIBAgICAG+BiTCBhqADAgEFoQMCAQ+iejB4oAMCARKicQRvYIybNcP8zMlbazHDcmhfHMrcwVZcA84boMANfHXrSY1KCsh5GHdQBZIiITg7gkhIYH+ItBuB1ZYpQSMxYXSaatNCg/O27LKTLzUAs3wstscYMuowCCcHCNUCsUPXoGLDgmpCAMRSNy/WK/XVuhW1" ]
      },
      "ContentHeaders": {
        "Content-Length": [ "601" ],
        "Content-Type": [ "application/json; charset=utf-8" ],
        "Expires": [ "-1" ]
      },
      "Content": "{\"id\":\"/subscriptions/47b53730-e95d-4594-b843-d378bdff793a/providers/Microsoft.Compute.Admin/locations/redmond/artifactTypes/platformImage/publishers/Canonical/offers/UbuntuServer/skus/14.04.3-LTS/versions/14.04.201508050\",\"name\":null,\"type\":\"Microsoft.Compute.Admin/locations/artifactTypes/publishers/offers/skus/versions\",\"location\":\"redmond\",\"properties\":{\"osDisk\":{\"osType\":\"Linux\",\"uri\":\"https://azsaddvmimagesacrp.blob.redmond.ext-n25r0507.masd.stbtest.microsoft.com/azsaddvmimagecontainercrp/UbuntuServer.vhd\"},\"dataDisks\":null,\"details\":null,\"replicate\":false,\"provisioningState\":\"Succeeded\"}}",
      "isContentBase64": false
    }
  },
  "Get-AzsPlatformImage+[NoContext]+TestGetAllPlatformImages+$GET+https://management.azure.com/subscriptions/47b53730-e95d-4594-b843-d378bdff793a/providers/Microsoft.Compute.Admin/locations/redmond/artifactTypes/platformImage/publishers/canonical/offers/UbuntuServer/skus/16.04-LTS/versions/16.04.202007080?api-version=2015-12-01-preview+3": {
    "Request": {
      "Method": "GET",
      "RequestUri": "https://adminmanagement.redmond.ext-n25r0507.masd.stbtest.microsoft.com/subscriptions/47b53730-e95d-4594-b843-d378bdff793a/providers/Microsoft.Compute.Admin/locations/redmond/artifactTypes/platformImage/publishers/canonical/offers/UbuntuServer/skus/16.04-LTS/versions/16.04.202007080?api-version=2015-12-01-preview",
      "Content": null,
      "isContentBase64": false,
      "Headers": {
        "x-ms-unique-id": [ "1631" ],
        "x-ms-client-request-id": [ "cb3459a4-30b2-4907-b217-2f52cade1895" ],
        "CommandName": [ "Get-AzsPlatformImage" ],
        "FullCommandName": [ "Get-AzsPlatformImage_GetViaIdentity" ],
        "ParameterSetName": [ "__AllParameterSets" ],
        "User-Agent": [ "AzurePowershell/Az4.0.0-preview" ],
        "Authorization": [ "[Filtered]" ]
      },
      "ContentHeaders": {
      }
    },
    "Response": {
      "StatusCode": 200,
      "Headers": {
        "Pragma": [ "no-cache" ],
        "x-ms-correlation-request-id": [ "18d6d739-01b2-40e0-b480-090904445f89" ],
        "x-ms-ratelimit-remaining-subscription-reads": [ "13769" ],
        "x-ms-request-id": [ "18d6d739-01b2-40e0-b480-090904445f89" ],
        "x-ms-routing-request-id": [ "REDMOND:20210819T181418Z:18d6d739-01b2-40e0-b480-090904445f89" ],
        "Strict-Transport-Security": [ "max-age=31536000; includeSubDomains" ],
        "X-Content-Type-Options": [ "nosniff" ],
        "Cache-Control": [ "no-cache" ],
        "Date": [ "Thu, 19 Aug 2021 18:14:17 GMT" ],
        "Server": [ "Microsoft-HTTPAPI/2.0" ],
        "WWW-Authenticate": [ "oYG3MIG0oAMKAQChCwYJKoZIgvcSAQICooGfBIGcYIGZBgkqhkiG9xIBAgICAG+BiTCBhqADAgEFoQMCAQ+iejB4oAMCARKicQRvxLx1mP/Or4ENEqGq+KVKm0r7kmyYlr18HrAaFyAvKXPTg4MqyMwDULwGc5Ypry8A5DnIjVO0hIsdUHCR7J92q1DfD8gW3T5eUcTHRyvrhjp1icR9PLZh+ZdJcdql0RNyaNh36X79EwTMqhAnCP4P" ]
      },
      "ContentHeaders": {
        "Content-Length": [ "893" ],
        "Content-Type": [ "application/json; charset=utf-8" ],
        "Expires": [ "-1" ]
      },
      "Content": "{\"id\":\"/subscriptions/47b53730-e95d-4594-b843-d378bdff793a/providers/Microsoft.Compute.Admin/locations/redmond/artifactTypes/platformImage/publishers/canonical/offers/UbuntuServer/skus/16.04-LTS/versions/16.04.202007080\",\"name\":null,\"type\":\"Microsoft.Compute.Admin/locations/artifactTypes/publishers/offers/skus/versions\",\"location\":\"redmond\",\"properties\":{\"osDisk\":{\"osType\":\"Linux\",\"uri\":\"https://azstmktprodwcu001.blob.core.windows.net/packages/aa4d60fd88fe46f9a97a75d2bf08c291%2FImage%2FUbuntu-16_04-LTS-amd64-server-20200708-en-us-30GB.vhd?skoid=2d4f7bf2-3564-4014-ab3b-1df4cf7ca3d2\u0026sktid=33e01921-4d64-4f8c-a055-5bdaffd5e33d\u0026skt=2021-07-29T06%3a38%3a39Z\u0026ske=2021-07-31T06%3a58%3a39Z\u0026sks=b\u0026skv=2020-04-08\u0026sv=2020-04-08\u0026st=2021-07-29T06%3a58%3a39Z\u0026se=2021-07-31T06%3a58%3a39Z\u0026sr=b\u0026sp=r\"},\"dataDisks\":[],\"details\":{\"billingPartNumber\":\"\"},\"replicate\":false,\"provisioningState\":\"Succeeded\"}}",
      "isContentBase64": false
    }
  },
  "Get-AzsPlatformImage+[NoContext]+TestGetAllPlatformImages+$GET+https://management.azure.com/subscriptions/47b53730-e95d-4594-b843-d378bdff793a/providers/Microsoft.Compute.Admin/locations/redmond/artifactTypes/platformImage/publishers/canonical/offers/UbuntuServer/skus/18.04-LTS/versions/18.04.202007080?api-version=2015-12-01-preview+4": {
    "Request": {
      "Method": "GET",
      "RequestUri": "https://adminmanagement.redmond.ext-n25r0507.masd.stbtest.microsoft.com/subscriptions/47b53730-e95d-4594-b843-d378bdff793a/providers/Microsoft.Compute.Admin/locations/redmond/artifactTypes/platformImage/publishers/canonical/offers/UbuntuServer/skus/18.04-LTS/versions/18.04.202007080?api-version=2015-12-01-preview",
      "Content": null,
      "isContentBase64": false,
      "Headers": {
        "x-ms-unique-id": [ "1632" ],
        "x-ms-client-request-id": [ "94c9706e-92e2-4122-a7f3-77e6f390b72a" ],
        "CommandName": [ "Get-AzsPlatformImage" ],
        "FullCommandName": [ "Get-AzsPlatformImage_GetViaIdentity" ],
        "ParameterSetName": [ "__AllParameterSets" ],
        "User-Agent": [ "AzurePowershell/Az4.0.0-preview" ],
        "Authorization": [ "[Filtered]" ]
      },
      "ContentHeaders": {
      }
    },
    "Response": {
      "StatusCode": 200,
      "Headers": {
        "Pragma": [ "no-cache" ],
        "x-ms-correlation-request-id": [ "1d53df4c-408c-4fbf-8bab-6b2c83edfc8d" ],
        "x-ms-ratelimit-remaining-subscription-reads": [ "13768" ],
        "x-ms-request-id": [ "1d53df4c-408c-4fbf-8bab-6b2c83edfc8d" ],
        "x-ms-routing-request-id": [ "REDMOND:20210819T181418Z:1d53df4c-408c-4fbf-8bab-6b2c83edfc8d" ],
        "Strict-Transport-Security": [ "max-age=31536000; includeSubDomains" ],
        "X-Content-Type-Options": [ "nosniff" ],
        "Cache-Control": [ "no-cache" ],
        "Date": [ "Thu, 19 Aug 2021 18:14:17 GMT" ],
        "Server": [ "Microsoft-HTTPAPI/2.0" ],
        "WWW-Authenticate": [ "oYG3MIG0oAMKAQChCwYJKoZIgvcSAQICooGfBIGcYIGZBgkqhkiG9xIBAgICAG+BiTCBhqADAgEFoQMCAQ+iejB4oAMCARKicQRvlFbLXBfXY39NlI3ugsNLkfuPRl36fU8btF3kUYUHsIzlpU7sUpdfFGfJNogXqoaGLnftkt7emTgUM9PlLhhSjz0TM7NmD9u7Aai8ZAg3NOdtjgFfp7XfLjllLQRaoAJvc/us38qUkJ1x+cG7fzu3" ]
      },
      "ContentHeaders": {
        "Content-Length": [ "895" ],
        "Content-Type": [ "application/json; charset=utf-8" ],
        "Expires": [ "-1" ]
      },
      "Content": "{\"id\":\"/subscriptions/47b53730-e95d-4594-b843-d378bdff793a/providers/Microsoft.Compute.Admin/locations/redmond/artifactTypes/platformImage/publishers/canonical/offers/UbuntuServer/skus/18.04-LTS/versions/18.04.202007080\",\"name\":null,\"type\":\"Microsoft.Compute.Admin/locations/artifactTypes/publishers/offers/skus/versions\",\"location\":\"redmond\",\"properties\":{\"osDisk\":{\"osType\":\"Linux\",\"uri\":\"https://azstmktprodwcu001.blob.core.windows.net/packages/405c7160072b47e3b40def27399e3e9a%2FImage%2FUbuntu-18_04-LTS-amd64-server-20200708.1-en-us-30GB.vhd?skoid=2d4f7bf2-3564-4014-ab3b-1df4cf7ca3d2\u0026sktid=33e01921-4d64-4f8c-a055-5bdaffd5e33d\u0026skt=2021-07-29T06%3a38%3a37Z\u0026ske=2021-07-31T06%3a58%3a37Z\u0026sks=b\u0026skv=2020-04-08\u0026sv=2020-04-08\u0026st=2021-07-29T06%3a58%3a37Z\u0026se=2021-07-31T06%3a58%3a37Z\u0026sr=b\u0026sp=r\"},\"dataDisks\":[],\"details\":{\"billingPartNumber\":\"\"},\"replicate\":false,\"provisioningState\":\"Succeeded\"}}",
      "isContentBase64": false
    }
  },
  "Get-AzsPlatformImage+[NoContext]+TestGetAllPlatformImages+$GET+https://management.azure.com/subscriptions/47b53730-e95d-4594-b843-d378bdff793a/providers/Microsoft.Compute.Admin/locations/redmond/artifactTypes/platformImage/publishers/CRP/offers/TestImage/skus/Dynamic/versions/1.0.0?api-version=2015-12-01-preview+5": {
    "Request": {
      "Method": "GET",
      "RequestUri": "https://adminmanagement.redmond.ext-n25r0507.masd.stbtest.microsoft.com/subscriptions/47b53730-e95d-4594-b843-d378bdff793a/providers/Microsoft.Compute.Admin/locations/redmond/artifactTypes/platformImage/publishers/CRP/offers/TestImage/skus/Dynamic/versions/1.0.0?api-version=2015-12-01-preview",
      "Content": null,
      "isContentBase64": false,
      "Headers": {
        "x-ms-unique-id": [ "1633" ],
        "x-ms-client-request-id": [ "da062418-5b78-4684-962f-82facf737985" ],
        "CommandName": [ "Get-AzsPlatformImage" ],
        "FullCommandName": [ "Get-AzsPlatformImage_GetViaIdentity" ],
        "ParameterSetName": [ "__AllParameterSets" ],
        "User-Agent": [ "AzurePowershell/Az4.0.0-preview" ],
        "Authorization": [ "[Filtered]" ]
      },
      "ContentHeaders": {
      }
    },
    "Response": {
      "StatusCode": 200,
      "Headers": {
        "Pragma": [ "no-cache" ],
        "x-ms-correlation-request-id": [ "a348d4d8-f3e1-4535-8143-99135a8f69ff" ],
        "x-ms-ratelimit-remaining-subscription-reads": [ "13767" ],
        "x-ms-request-id": [ "a348d4d8-f3e1-4535-8143-99135a8f69ff" ],
        "x-ms-routing-request-id": [ "REDMOND:20210819T181418Z:a348d4d8-f3e1-4535-8143-99135a8f69ff" ],
        "Strict-Transport-Security": [ "max-age=31536000; includeSubDomains" ],
        "X-Content-Type-Options": [ "nosniff" ],
        "Cache-Control": [ "no-cache" ],
        "Date": [ "Thu, 19 Aug 2021 18:14:18 GMT" ],
        "Server": [ "Microsoft-HTTPAPI/2.0" ],
        "WWW-Authenticate": [ "oYG3MIG0oAMKAQChCwYJKoZIgvcSAQICooGfBIGcYIGZBgkqhkiG9xIBAgICAG+BiTCBhqADAgEFoQMCAQ+iejB4oAMCARKicQRv0MBxy34OpzlhOHCH0Zy2sEj/YIMRkqQfp6UhA2rzoX2MzIteJRx4nQ89swwa6XFeptYffO/Ry5ip4nMds6n/qR5WCHGFBDrQ8UfsiPi557aDVVmUYKbc7uGKly60aaODwvsJHxsCR15pXUAtQyBi" ]
      },
      "ContentHeaders": {
        "Content-Length": [ "1127" ],
        "Content-Type": [ "application/json; charset=utf-8" ],
        "Expires": [ "-1" ]
      },
      "Content": "{\"id\":\"/subscriptions/47b53730-e95d-4594-b843-d378bdff793a/providers/Microsoft.Compute.Admin/locations/redmond/artifactTypes/platformImage/publishers/CRP/offers/TestImage/skus/Dynamic/versions/1.0.0\",\"name\":null,\"type\":\"Microsoft.Compute.Admin/locations/artifactTypes/publishers/offers/skus/versions\",\"location\":\"redmond\",\"properties\":{\"osDisk\":{\"osType\":\"Linux\",\"uri\":\"https://azsaddvmimagesacrp.blob.redmond.ext-n25r0507.masd.stbtest.microsoft.com/azsaddvmimagecontainercrp/UbuntuServer.vhd\"},\"dataDisks\":[{\"lun\":0,\"uri\":\"https://azsaddvmimagesacrp.blob.redmond.ext-n25r0507.masd.stbtest.microsoft.com/azsaddvmimagecontainercrp/datadisk1.vhd\"},{\"lun\":1,\"uri\":\"https://azsaddvmimagesacrp.blob.redmond.ext-n25r0507.masd.stbtest.microsoft.com/azsaddvmimagecontainercrp/datadisk2.vhd\"},{\"lun\":2,\"uri\":\"https://azsaddvmimagesacrp.blob.redmond.ext-n25r0507.masd.stbtest.microsoft.com/azsaddvmimagecontainercrp/datadisk3.vhd\"},{\"lun\":3,\"uri\":\"https://azsaddvmimagesacrp.blob.redmond.ext-n25r0507.masd.stbtest.microsoft.com/azsaddvmimagecontainercrp/datadisk4.vhd\"}],\"details\":null,\"replicate\":false,\"provisioningState\":\"Succeeded\"}}",
      "isContentBase64": false
    }
  },
  "Get-AzsPlatformImage+[NoContext]+TestGetAllPlatformImages+$GET+https://management.azure.com/subscriptions/47b53730-e95d-4594-b843-d378bdff793a/providers/Microsoft.Compute.Admin/locations/redmond/artifactTypes/platformImage/publishers/Microsoft/offers/WindowsServer/skus/2012-R2-Datacenter/versions/4.0.20150825?api-version=2015-12-01-preview+6": {
    "Request": {
      "Method": "GET",
      "RequestUri": "https://adminmanagement.redmond.ext-n25r0507.masd.stbtest.microsoft.com/subscriptions/47b53730-e95d-4594-b843-d378bdff793a/providers/Microsoft.Compute.Admin/locations/redmond/artifactTypes/platformImage/publishers/Microsoft/offers/WindowsServer/skus/2012-R2-Datacenter/versions/4.0.20150825?api-version=2015-12-01-preview",
      "Content": null,
      "isContentBase64": false,
      "Headers": {
        "x-ms-unique-id": [ "1634" ],
        "x-ms-client-request-id": [ "8b84b113-bcaa-43ae-b188-392cfea4beaa" ],
        "CommandName": [ "Get-AzsPlatformImage" ],
        "FullCommandName": [ "Get-AzsPlatformImage_GetViaIdentity" ],
        "ParameterSetName": [ "__AllParameterSets" ],
        "User-Agent": [ "AzurePowershell/Az4.0.0-preview" ],
        "Authorization": [ "[Filtered]" ]
      },
      "ContentHeaders": {
      }
    },
    "Response": {
      "StatusCode": 200,
      "Headers": {
        "Pragma": [ "no-cache" ],
        "x-ms-correlation-request-id": [ "5cf907bc-14f9-4b7c-aeaa-f98ddffa930a" ],
        "x-ms-ratelimit-remaining-subscription-reads": [ "13766" ],
        "x-ms-request-id": [ "5cf907bc-14f9-4b7c-aeaa-f98ddffa930a" ],
        "x-ms-routing-request-id": [ "REDMOND:20210819T181418Z:5cf907bc-14f9-4b7c-aeaa-f98ddffa930a" ],
        "Strict-Transport-Security": [ "max-age=31536000; includeSubDomains" ],
        "X-Content-Type-Options": [ "nosniff" ],
        "Cache-Control": [ "no-cache" ],
        "Date": [ "Thu, 19 Aug 2021 18:14:18 GMT" ],
        "Server": [ "Microsoft-HTTPAPI/2.0" ],
        "WWW-Authenticate": [ "oYG3MIG0oAMKAQChCwYJKoZIgvcSAQICooGfBIGcYIGZBgkqhkiG9xIBAgICAG+BiTCBhqADAgEFoQMCAQ+iejB4oAMCARKicQRvRVyx3hbst5tA+KXqO/JWQKcK8vl+z2+j2x2/BWtslJjSTPrv9KQ+OyftX8mHoBlMeUD1iV3QAfesae1PKSr//rEiVKjYg3L5+iUCgcSXOa4xiEPnT58f8gEk3ZuHaUluLYFtJv46KB9hv+Gwl9/Y" ]
      },
      "ContentHeaders": {
        "Content-Length": [ "1178" ],
        "Content-Type": [ "application/json; charset=utf-8" ],
        "Expires": [ "-1" ]
      },
      "Content": "{\"id\":\"/subscriptions/47b53730-e95d-4594-b843-d378bdff793a/providers/Microsoft.Compute.Admin/locations/redmond/artifactTypes/platformImage/publishers/Microsoft/offers/WindowsServer/skus/2012-R2-Datacenter/versions/4.0.20150825\",\"name\":null,\"type\":\"Microsoft.Compute.Admin/locations/artifactTypes/publishers/offers/skus/versions\",\"location\":\"redmond\",\"properties\":{\"osDisk\":{\"osType\":\"Windows\",\"uri\":\"https://azsaddvmimagesacrp.blob.redmond.ext-n25r0507.masd.stbtest.microsoft.com/azsaddvmimagecontainercrp/WindowsServer2012R2DatacenterEval.vhd\"},\"dataDisks\":[{\"lun\":0,\"uri\":\"https://azsaddvmimagesacrp.blob.redmond.ext-n25r0507.masd.stbtest.microsoft.com/azsaddvmimagecontainercrp/datadisk1.vhd\"},{\"lun\":1,\"uri\":\"https://azsaddvmimagesacrp.blob.redmond.ext-n25r0507.masd.stbtest.microsoft.com/azsaddvmimagecontainercrp/datadisk2.vhd\"},{\"lun\":2,\"uri\":\"https://azsaddvmimagesacrp.blob.redmond.ext-n25r0507.masd.stbtest.microsoft.com/azsaddvmimagecontainercrp/datadisk3.vhd\"},{\"lun\":3,\"uri\":\"https://azsaddvmimagesacrp.blob.redmond.ext-n25r0507.masd.stbtest.microsoft.com/azsaddvmimagecontainercrp/datadisk4.vhd\"}],\"details\":null,\"replicate\":false,\"provisioningState\":\"Succeeded\"}}",
      "isContentBase64": false
    }
  },
  "Get-AzsPlatformImage+[NoContext]+TestGetAllPlatformImages+$GET+https://management.azure.com/subscriptions/47b53730-e95d-4594-b843-d378bdff793a/providers/Microsoft.Compute.Admin/locations/redmond/artifactTypes/platformImage/publishers/MicrosoftWindowsServer/offers/WindowsServer/skus/2012-R2-Datacenter/versions/10.0.0?api-version=2015-12-01-preview+7": {
    "Request": {
      "Method": "GET",
      "RequestUri": "https://adminmanagement.redmond.ext-n25r0507.masd.stbtest.microsoft.com/subscriptions/47b53730-e95d-4594-b843-d378bdff793a/providers/Microsoft.Compute.Admin/locations/redmond/artifactTypes/platformImage/publishers/MicrosoftWindowsServer/offers/WindowsServer/skus/2012-R2-Datacenter/versions/10.0.0?api-version=2015-12-01-preview",
      "Content": null,
      "isContentBase64": false,
      "Headers": {
        "x-ms-unique-id": [ "1635" ],
        "x-ms-client-request-id": [ "0b391275-f2ea-4d78-a700-8607f47dfb31" ],
        "CommandName": [ "Get-AzsPlatformImage" ],
        "FullCommandName": [ "Get-AzsPlatformImage_GetViaIdentity" ],
        "ParameterSetName": [ "__AllParameterSets" ],
        "User-Agent": [ "AzurePowershell/Az4.0.0-preview" ],
        "Authorization": [ "[Filtered]" ]
      },
      "ContentHeaders": {
      }
    },
    "Response": {
      "StatusCode": 200,
      "Headers": {
        "Pragma": [ "no-cache" ],
        "x-ms-correlation-request-id": [ "b5a24042-af67-4af2-a982-8f7dcd16368a" ],
        "x-ms-ratelimit-remaining-subscription-reads": [ "13765" ],
        "x-ms-request-id": [ "b5a24042-af67-4af2-a982-8f7dcd16368a" ],
        "x-ms-routing-request-id": [ "REDMOND:20210819T181418Z:b5a24042-af67-4af2-a982-8f7dcd16368a" ],
        "Strict-Transport-Security": [ "max-age=31536000; includeSubDomains" ],
        "X-Content-Type-Options": [ "nosniff" ],
        "Cache-Control": [ "no-cache" ],
        "Date": [ "Thu, 19 Aug 2021 18:14:18 GMT" ],
        "Server": [ "Microsoft-HTTPAPI/2.0" ],
        "WWW-Authenticate": [ "oYG3MIG0oAMKAQChCwYJKoZIgvcSAQICooGfBIGcYIGZBgkqhkiG9xIBAgICAG+BiTCBhqADAgEFoQMCAQ+iejB4oAMCARKicQRvKqQuaiKaZ3xbsgDvJuPERDAg+YPXq7DCJlJyn3Pt1JOocztMS7L06J2dWv7LoUOnmyoxoOTkm4ceNcCGPWwS5TMfGgw7lUgsLYEt7pnvYsG7m9Zd4zjcpyGuohtnzGT90+tzqpyQi9q4wjFZ3gdk" ]
      },
      "ContentHeaders": {
        "Content-Length": [ "615" ],
        "Content-Type": [ "application/json; charset=utf-8" ],
        "Expires": [ "-1" ]
      },
      "Content": "{\"id\":\"/subscriptions/47b53730-e95d-4594-b843-d378bdff793a/providers/Microsoft.Compute.Admin/locations/redmond/artifactTypes/platformImage/publishers/MicrosoftWindowsServer/offers/WindowsServer/skus/2012-R2-Datacenter/versions/10.0.0\",\"name\":null,\"type\":\"Microsoft.Compute.Admin/locations/artifactTypes/publishers/offers/skus/versions\",\"location\":\"redmond\",\"properties\":{\"osDisk\":{\"osType\":\"Windows\",\"uri\":\"https://azurestacktemplate.blob.core.windows.net/azurestacktemplate-public-container/WindowsServer2012R2DatacenterBYOL.vhd\"},\"dataDisks\":null,\"details\":null,\"replicate\":false,\"provisioningState\":\"Succeeded\"}}",
      "isContentBase64": false
    }
  },
  "Get-AzsPlatformImage+[NoContext]+TestGetAllPlatformImages+$GET+https://management.azure.com/subscriptions/47b53730-e95d-4594-b843-d378bdff793a/providers/Microsoft.Compute.Admin/locations/redmond/artifactTypes/platformImage/publishers/MicrosoftWindowsServer/offers/windowsserver/skus/2012-R2-Datacenter-smalldisk/versions/9600.19847.2010090140?api-version=2015-12-01-preview+8": {
    "Request": {
      "Method": "GET",
      "RequestUri": "https://adminmanagement.redmond.ext-n25r0507.masd.stbtest.microsoft.com/subscriptions/47b53730-e95d-4594-b843-d378bdff793a/providers/Microsoft.Compute.Admin/locations/redmond/artifactTypes/platformImage/publishers/MicrosoftWindowsServer/offers/windowsserver/skus/2012-R2-Datacenter-smalldisk/versions/9600.19847.2010090140?api-version=2015-12-01-preview",
      "Content": null,
      "isContentBase64": false,
      "Headers": {
        "x-ms-unique-id": [ "1636" ],
        "x-ms-client-request-id": [ "c0fad328-5f06-40b9-ab12-603af6bdefd9" ],
        "CommandName": [ "Get-AzsPlatformImage" ],
        "FullCommandName": [ "Get-AzsPlatformImage_GetViaIdentity" ],
        "ParameterSetName": [ "__AllParameterSets" ],
        "User-Agent": [ "AzurePowershell/Az4.0.0-preview" ],
        "Authorization": [ "[Filtered]" ]
      },
      "ContentHeaders": {
      }
    },
    "Response": {
      "StatusCode": 200,
      "Headers": {
        "Pragma": [ "no-cache" ],
        "x-ms-correlation-request-id": [ "2d30ec04-63ed-46c8-8121-22a46835088b" ],
        "x-ms-ratelimit-remaining-subscription-reads": [ "13764" ],
        "x-ms-request-id": [ "2d30ec04-63ed-46c8-8121-22a46835088b" ],
        "x-ms-routing-request-id": [ "REDMOND:20210819T181419Z:2d30ec04-63ed-46c8-8121-22a46835088b" ],
        "Strict-Transport-Security": [ "max-age=31536000; includeSubDomains" ],
        "X-Content-Type-Options": [ "nosniff" ],
        "Cache-Control": [ "no-cache" ],
        "Date": [ "Thu, 19 Aug 2021 18:14:18 GMT" ],
        "Server": [ "Microsoft-HTTPAPI/2.0" ],
        "WWW-Authenticate": [ "oYG3MIG0oAMKAQChCwYJKoZIgvcSAQICooGfBIGcYIGZBgkqhkiG9xIBAgICAG+BiTCBhqADAgEFoQMCAQ+iejB4oAMCARKicQRvbXXLFdHWWWGyhXef3W4jsQOjMCEMG5O2hsMP15fBMJiAsrh9dRjHyd64owDSlTSXiPAlI3ZSLMRJFJzdpXrizHwZ6q1YeEiwYAH9zyM1ZtJi3FQawmw6va61RAG2RjvARMKBpdKXldqIhVf/p+T4" ]
      },
      "ContentHeaders": {
        "Content-Length": [ "952" ],
        "Content-Type": [ "application/json; charset=utf-8" ],
        "Expires": [ "-1" ]
      },
      "Content": "{\"id\":\"/subscriptions/47b53730-e95d-4594-b843-d378bdff793a/providers/Microsoft.Compute.Admin/locations/redmond/artifactTypes/platformImage/publishers/MicrosoftWindowsServer/offers/windowsserver/skus/2012-R2-Datacenter-smalldisk/versions/9600.19847.2010090140\",\"name\":null,\"type\":\"Microsoft.Compute.Admin/locations/artifactTypes/publishers/offers/skus/versions\",\"location\":\"redmond\",\"properties\":{\"osDisk\":{\"osType\":\"Windows\",\"uri\":\"https://azstmktprodwcu001.blob.core.windows.net/packages/007efb466dc6418b8027b640626b427f%2FImage%2Fvhd_2k12r2_server_serverdatacenter_vl_en-us_30gb_azuregallery_fixed.vhd?skoid=2d4f7bf2-3564-4014-ab3b-1df4cf7ca3d2\u0026sktid=33e01921-4d64-4f8c-a055-5bdaffd5e33d\u0026skt=2021-07-29T06%3a38%3a39Z\u0026ske=2021-07-31T06%3a58%3a39Z\u0026sks=b\u0026skv=2020-04-08\u0026sv=2020-04-08\u0026st=2021-07-29T06%3a58%3a39Z\u0026se=2021-07-31T06%3a58%3a39Z\u0026sr=b\u0026sp=r\"},\"dataDisks\":[],\"details\":{\"billingPartNumber\":\"\"},\"replicate\":false,\"provisioningState\":\"Succeeded\"}}",
      "isContentBase64": false
    }
  },
  "Get-AzsPlatformImage+[NoContext]+TestGetAllPlatformImages+$GET+https://management.azure.com/subscriptions/47b53730-e95d-4594-b843-d378bdff793a/providers/Microsoft.Compute.Admin/locations/redmond/artifactTypes/platformImage/publishers/MicrosoftWindowsServer/offers/windowsserver/skus/2016-Datacenter-smalldisk/versions/14393.3986.2010070045?api-version=2015-12-01-preview+9": {
    "Request": {
      "Method": "GET",
      "RequestUri": "https://adminmanagement.redmond.ext-n25r0507.masd.stbtest.microsoft.com/subscriptions/47b53730-e95d-4594-b843-d378bdff793a/providers/Microsoft.Compute.Admin/locations/redmond/artifactTypes/platformImage/publishers/MicrosoftWindowsServer/offers/windowsserver/skus/2016-Datacenter-smalldisk/versions/14393.3986.2010070045?api-version=2015-12-01-preview",
      "Content": null,
      "isContentBase64": false,
      "Headers": {
        "x-ms-unique-id": [ "1637" ],
        "x-ms-client-request-id": [ "2bca5586-92bb-499a-b220-574bb773e058" ],
        "CommandName": [ "Get-AzsPlatformImage" ],
        "FullCommandName": [ "Get-AzsPlatformImage_GetViaIdentity" ],
        "ParameterSetName": [ "__AllParameterSets" ],
        "User-Agent": [ "AzurePowershell/Az4.0.0-preview" ],
        "Authorization": [ "[Filtered]" ]
      },
      "ContentHeaders": {
      }
    },
    "Response": {
      "StatusCode": 200,
      "Headers": {
        "Pragma": [ "no-cache" ],
        "x-ms-correlation-request-id": [ "bf5821a8-02db-44cf-9294-eec1c533fcb0" ],
        "x-ms-ratelimit-remaining-subscription-reads": [ "13763" ],
        "x-ms-request-id": [ "bf5821a8-02db-44cf-9294-eec1c533fcb0" ],
        "x-ms-routing-request-id": [ "REDMOND:20210819T181419Z:bf5821a8-02db-44cf-9294-eec1c533fcb0" ],
        "Strict-Transport-Security": [ "max-age=31536000; includeSubDomains" ],
        "X-Content-Type-Options": [ "nosniff" ],
        "Cache-Control": [ "no-cache" ],
        "Date": [ "Thu, 19 Aug 2021 18:14:18 GMT" ],
        "Server": [ "Microsoft-HTTPAPI/2.0" ],
        "WWW-Authenticate": [ "oYG3MIG0oAMKAQChCwYJKoZIgvcSAQICooGfBIGcYIGZBgkqhkiG9xIBAgICAG+BiTCBhqADAgEFoQMCAQ+iejB4oAMCARKicQRvtmawrhJ0pUPX01vsZCx2GU1GID9Pcf7FmFJ7vC9CdKRcWQiIetyRgrWCFelBr2eDKv+6EmKeQJ8X8WEwt/YBCKNCJgz8y3pA2HSsy/Q6fBGK6mykWCMUY+b+FKPUpJH+RgDmp9wEnezXfzlq5Mnl" ]
      },
      "ContentHeaders": {
        "Content-Length": [ "942" ],
        "Content-Type": [ "application/json; charset=utf-8" ],
        "Expires": [ "-1" ]
      },
      "Content": "{\"id\":\"/subscriptions/47b53730-e95d-4594-b843-d378bdff793a/providers/Microsoft.Compute.Admin/locations/redmond/artifactTypes/platformImage/publishers/MicrosoftWindowsServer/offers/windowsserver/skus/2016-Datacenter-smalldisk/versions/14393.3986.2010070045\",\"name\":null,\"type\":\"Microsoft.Compute.Admin/locations/artifactTypes/publishers/offers/skus/versions\",\"location\":\"redmond\",\"properties\":{\"osDisk\":{\"osType\":\"Windows\",\"uri\":\"https://azstmktprodwcu001.blob.core.windows.net/packages/c12f21f106244837acaafef12d14fc43%2FImage%2Fvhd_server_serverdatacenter_en-us_vl_30gb_azuregallery_fixed.vhd?skoid=2d4f7bf2-3564-4014-ab3b-1df4cf7ca3d2\u0026sktid=33e01921-4d64-4f8c-a055-5bdaffd5e33d\u0026skt=2021-07-29T06%3a38%3a39Z\u0026ske=2021-07-31T06%3a58%3a39Z\u0026sks=b\u0026skv=2020-04-08\u0026sv=2020-04-08\u0026st=2021-07-29T06%3a58%3a39Z\u0026se=2021-07-31T06%3a58%3a39Z\u0026sr=b\u0026sp=r\"},\"dataDisks\":[],\"details\":{\"billingPartNumber\":\"\"},\"replicate\":false,\"provisioningState\":\"Succeeded\"}}",
      "isContentBase64": false
    }
  },
  "Get-AzsPlatformImage+[NoContext]+TestGetAllPlatformImages+$GET+https://management.azure.com/subscriptions/47b53730-e95d-4594-b843-d378bdff793a/providers/Microsoft.Compute.Admin/locations/redmond/artifactTypes/platformImage/publishers/Ubuntu/offers/Desktop/skus/Enterprise/versions/1.1.0?api-version=2015-12-01-preview+10": {
    "Request": {
      "Method": "GET",
      "RequestUri": "https://adminmanagement.redmond.ext-n25r0507.masd.stbtest.microsoft.com/subscriptions/47b53730-e95d-4594-b843-d378bdff793a/providers/Microsoft.Compute.Admin/locations/redmond/artifactTypes/platformImage/publishers/Ubuntu/offers/Desktop/skus/Enterprise/versions/1.1.0?api-version=2015-12-01-preview",
      "Content": null,
      "isContentBase64": false,
      "Headers": {
        "x-ms-unique-id": [ "1638" ],
        "x-ms-client-request-id": [ "22f294c9-6c07-4945-9580-b3b34c0b1011" ],
        "CommandName": [ "Get-AzsPlatformImage" ],
        "FullCommandName": [ "Get-AzsPlatformImage_GetViaIdentity" ],
        "ParameterSetName": [ "__AllParameterSets" ],
        "User-Agent": [ "AzurePowershell/Az4.0.0-preview" ],
        "Authorization": [ "[Filtered]" ]
      },
      "ContentHeaders": {
      }
    },
    "Response": {
      "StatusCode": 200,
      "Headers": {
        "Pragma": [ "no-cache" ],
        "x-ms-correlation-request-id": [ "233490dc-0f7f-489a-9c50-c0bcf4c800ee" ],
        "x-ms-ratelimit-remaining-subscription-reads": [ "13762" ],
        "x-ms-request-id": [ "233490dc-0f7f-489a-9c50-c0bcf4c800ee" ],
        "x-ms-routing-request-id": [ "REDMOND:20210819T181419Z:233490dc-0f7f-489a-9c50-c0bcf4c800ee" ],
        "Strict-Transport-Security": [ "max-age=31536000; includeSubDomains" ],
        "X-Content-Type-Options": [ "nosniff" ],
        "Cache-Control": [ "no-cache" ],
        "Date": [ "Thu, 19 Aug 2021 18:14:19 GMT" ],
        "Server": [ "Microsoft-HTTPAPI/2.0" ],
        "WWW-Authenticate": [ "oYG3MIG0oAMKAQChCwYJKoZIgvcSAQICooGfBIGcYIGZBgkqhkiG9xIBAgICAG+BiTCBhqADAgEFoQMCAQ+iejB4oAMCARKicQRv6hdQ+dhC1zKUJiBvwCm4fAjLW7uvS0QqIMWjUQfFEo7dm/cWqkn7nYp3lRRoHmFlSyxZI/L1UKOxQK/536WD25gHN8tcyXPg5DWLV7Rs7q111wrB8CpBC2O3VNiWNy9/mXzsPzYc9jO7kUi3GrpD" ]
      },
      "ContentHeaders": {
        "Content-Length": [ "1131" ],
        "Content-Type": [ "application/json; charset=utf-8" ],
        "Expires": [ "-1" ]
      },
      "Content": "{\"id\":\"/subscriptions/47b53730-e95d-4594-b843-d378bdff793a/providers/Microsoft.Compute.Admin/locations/redmond/artifactTypes/platformImage/publishers/Ubuntu/offers/Desktop/skus/Enterprise/versions/1.1.0\",\"name\":null,\"type\":\"Microsoft.Compute.Admin/locations/artifactTypes/publishers/offers/skus/versions\",\"location\":\"redmond\",\"properties\":{\"osDisk\":{\"osType\":\"Linux\",\"uri\":\"https://azsaddvmimagesacrp.blob.redmond.ext-n25r0507.masd.stbtest.microsoft.com/azsaddvmimagecontainercrp/UbuntuServer.vhd\"},\"dataDisks\":[{\"lun\":0,\"uri\":\"https://azsaddvmimagesacrp.blob.redmond.ext-n25r0507.masd.stbtest.microsoft.com/azsaddvmimagecontainercrp/datadisk1.vhd\"},{\"lun\":1,\"uri\":\"https://azsaddvmimagesacrp.blob.redmond.ext-n25r0507.masd.stbtest.microsoft.com/azsaddvmimagecontainercrp/datadisk2.vhd\"},{\"lun\":2,\"uri\":\"https://azsaddvmimagesacrp.blob.redmond.ext-n25r0507.masd.stbtest.microsoft.com/azsaddvmimagecontainercrp/datadisk3.vhd\"},{\"lun\":3,\"uri\":\"https://azsaddvmimagesacrp.blob.redmond.ext-n25r0507.masd.stbtest.microsoft.com/azsaddvmimagecontainercrp/datadisk4.vhd\"}],\"details\":null,\"replicate\":false,\"provisioningState\":\"Succeeded\"}}",
      "isContentBase64": false
    }
  },
  "Get-AzsPlatformImage+[NoContext]+TestCreatePlatformImage+$PUT+https://management.azure.com/subscriptions/47b53730-e95d-4594-b843-d378bdff793a/providers/Microsoft.Compute.Admin/locations/redmond/artifactTypes/platformImage/publishers/MicrosoftCrpTeam/offers/CrpPester/skus/CrpPester/versions/1.0.0?api-version=2015-12-01-preview+1": {
    "Request": {
      "Method": "PUT",
      "RequestUri": "https://management.azure.com/subscriptions/47b53730-e95d-4594-b843-d378bdff793a/providers/Microsoft.Compute.Admin/locations/redmond/artifactTypes/platformImage/publishers/MicrosoftCrpTeam/offers/CrpPester/skus/CrpPester/versions/1.0.0?api-version=2015-12-01-preview",
      "Content": "{\r\n  \"properties\": {\r\n    \"osDisk\": {\r\n      \"osType\": \"Linux\",\r\n      \"uri\": \"https://computepestertests.blob.redmond.ext-n25r0507.masd.stbtest.microsoft.com/vhds/ComputeAdminPesterTestImage.vhd\"\r\n    }\r\n  }\r\n}",
      "isContentBase64": false,
      "Headers": {
      },
      "ContentHeaders": {
        "Content-Type": [ "application/json" ],
        "Content-Length": [ "211" ]
      }
    },
    "Response": {
      "StatusCode": 201,
      "Headers": {
        "Pragma": [ "no-cache" ],
        "x-ms-correlation-request-id": [ "2229a853-ad6f-4db9-a5e6-d6275121b2a6" ],
        "x-ms-ratelimit-remaining-subscription-writes": [ "1098" ],
        "x-ms-request-id": [ "2229a853-ad6f-4db9-a5e6-d6275121b2a6" ],
        "x-ms-routing-request-id": [ "REDMOND:20210819T181421Z:2229a853-ad6f-4db9-a5e6-d6275121b2a6" ],
        "Strict-Transport-Security": [ "max-age=31536000; includeSubDomains" ],
        "X-Content-Type-Options": [ "nosniff" ],
        "Cache-Control": [ "no-cache" ],
        "Date": [ "Thu, 19 Aug 2021 18:14:21 GMT" ],
        "Server": [ "Microsoft-HTTPAPI/2.0" ],
        "WWW-Authenticate": [ "oYG3MIG0oAMKAQChCwYJKoZIgvcSAQICooGfBIGcYIGZBgkqhkiG9xIBAgICAG+BiTCBhqADAgEFoQMCAQ+iejB4oAMCARKicQRvHri+yfHeVzV5pr5wPzoqlKGCWPdETZg5kh+EMxhweoFkd4+8LVklk5CZdPven5dkmsq21xMIk6WjBNa2UOAeNfJGrvzbVkc5anXP2BsW5zdTDT/0l+MYzQLzpzDEeIM1+eOGDJm/TG57MUaB3C7v" ]
      },
      "ContentHeaders": {
        "Content-Length": [ "586" ],
        "Content-Type": [ "application/json; charset=utf-8" ],
        "Expires": [ "-1" ]
      },
      "Content": "{\"id\":\"/subscriptions/47b53730-e95d-4594-b843-d378bdff793a/providers/Microsoft.Compute.Admin/locations/redmond/artifactTypes/platformImage/publishers/MicrosoftCrpTeam/offers/CrpPester/skus/CrpPester/versions/1.0.0\",\"name\":null,\"type\":\"Microsoft.Compute.Admin/locations/artifactTypes/publishers/offers/skus/versions\",\"location\":\"redmond\",\"properties\":{\"osDisk\":{\"osType\":\"Linux\",\"uri\":\"https://computepestertests.blob.redmond.ext-n25r0507.masd.stbtest.microsoft.com/vhds/ComputeAdminPesterTestImage.vhd\"},\"dataDisks\":null,\"details\":null,\"replicate\":false,\"provisioningState\":\"Creating\"}}",
      "isContentBase64": false
    }
  },
  "Get-AzsPlatformImage+[NoContext]+TestCreatePlatformImage+$GET+https://management.azure.com/subscriptions/47b53730-e95d-4594-b843-d378bdff793a/providers/Microsoft.Compute.Admin/locations/redmond/artifactTypes/platformImage/publishers/MicrosoftCrpTeam/offers/CrpPester/skus/CrpPester/versions/1.0.0?api-version=2015-12-01-preview+2": {
    "Request": {
      "Method": "GET",
      "RequestUri": "https://adminmanagement.redmond.ext-n25r0507.masd.stbtest.microsoft.com/subscriptions/47b53730-e95d-4594-b843-d378bdff793a/providers/Microsoft.Compute.Admin/locations/redmond/artifactTypes/platformImage/publishers/MicrosoftCrpTeam/offers/CrpPester/skus/CrpPester/versions/1.0.0?api-version=2015-12-01-preview",
      "Content": null,
      "isContentBase64": false,
      "Headers": {
        "Authorization": [ "[Filtered]" ],
        "x-ms-unique-id": [ "1640" ],
        "x-ms-client-request-id": [ "7ee77952-3953-46e1-a584-5be29c2b3b4d" ],
        "CommandName": [ "Add-AzsPlatformImage" ],
        "FullCommandName": [ "Add-AzsPlatformImage_CreateExpanded" ],
        "ParameterSetName": [ "__AllParameterSets" ],
        "User-Agent": [ "AzurePowershell/Az4.0.0-preview" ]
      },
      "ContentHeaders": {
      }
    },
    "Response": {
      "StatusCode": 200,
      "Headers": {
        "Pragma": [ "no-cache" ],
        "x-ms-correlation-request-id": [ "ca863b56-e040-4b46-a3f3-c26dd9cee65e" ],
        "x-ms-ratelimit-remaining-subscription-reads": [ "13761" ],
        "x-ms-request-id": [ "ca863b56-e040-4b46-a3f3-c26dd9cee65e" ],
        "x-ms-routing-request-id": [ "REDMOND:20210819T181451Z:ca863b56-e040-4b46-a3f3-c26dd9cee65e" ],
        "Strict-Transport-Security": [ "max-age=31536000; includeSubDomains" ],
        "X-Content-Type-Options": [ "nosniff" ],
        "Cache-Control": [ "no-cache" ],
        "Date": [ "Thu, 19 Aug 2021 18:14:51 GMT" ],
        "Server": [ "Microsoft-HTTPAPI/2.0" ],
        "WWW-Authenticate": [ "oYG3MIG0oAMKAQChCwYJKoZIgvcSAQICooGfBIGcYIGZBgkqhkiG9xIBAgICAG+BiTCBhqADAgEFoQMCAQ+iejB4oAMCARKicQRvmWVoPv0d6psoAqXxvGCesCalUfF6Go9gm7T7YfsezSVNLFgKO10PSPX/5VaK6fbEb9Yw2BuWW48CkqIXTk1P3rBZUJPz04qRy+bAfulHTQmCSkQi2WycCA0ek4vFGwulgRGSp8Tg3OjNBeOf41D6" ]
      },
      "ContentHeaders": {
        "Content-Length": [ "587" ],
        "Content-Type": [ "application/json; charset=utf-8" ],
        "Expires": [ "-1" ]
      },
      "Content": "{\"id\":\"/subscriptions/47b53730-e95d-4594-b843-d378bdff793a/providers/Microsoft.Compute.Admin/locations/redmond/artifactTypes/platformImage/publishers/MicrosoftCrpTeam/offers/CrpPester/skus/CrpPester/versions/1.0.0\",\"name\":null,\"type\":\"Microsoft.Compute.Admin/locations/artifactTypes/publishers/offers/skus/versions\",\"location\":\"redmond\",\"properties\":{\"osDisk\":{\"osType\":\"Linux\",\"uri\":\"https://computepestertests.blob.redmond.ext-n25r0507.masd.stbtest.microsoft.com/vhds/ComputeAdminPesterTestImage.vhd\"},\"dataDisks\":null,\"details\":null,\"replicate\":false,\"provisioningState\":\"Succeeded\"}}",
      "isContentBase64": false
    }
  },
  "Get-AzsPlatformImage+[NoContext]+TestCreatePlatformImage+$GET+https://management.azure.com/subscriptions/47b53730-e95d-4594-b843-d378bdff793a/providers/Microsoft.Compute.Admin/locations/redmond/artifactTypes/platformImage/publishers/MicrosoftCrpTeam/offers/CrpPester/skus/CrpPester/versions/1.0.0?api-version=2015-12-01-preview+3": {
    "Request": {
      "Method": "GET",
      "RequestUri": "https://adminmanagement.redmond.ext-n25r0507.masd.stbtest.microsoft.com/subscriptions/47b53730-e95d-4594-b843-d378bdff793a/providers/Microsoft.Compute.Admin/locations/redmond/artifactTypes/platformImage/publishers/MicrosoftCrpTeam/offers/CrpPester/skus/CrpPester/versions/1.0.0?api-version=2015-12-01-preview",
      "Content": null,
      "isContentBase64": false,
      "Headers": {
        "Authorization": [ "[Filtered]" ],
        "x-ms-unique-id": [ "1641" ],
        "x-ms-client-request-id": [ "7ee77952-3953-46e1-a584-5be29c2b3b4d" ],
        "CommandName": [ "Add-AzsPlatformImage" ],
        "FullCommandName": [ "Add-AzsPlatformImage_CreateExpanded" ],
        "ParameterSetName": [ "__AllParameterSets" ],
        "User-Agent": [ "AzurePowershell/Az4.0.0-preview" ]
      },
      "ContentHeaders": {
      }
    },
    "Response": {
      "StatusCode": 200,
      "Headers": {
        "Pragma": [ "no-cache" ],
        "x-ms-correlation-request-id": [ "63e49426-f0ec-453b-a590-28a36aecd5be" ],
        "x-ms-ratelimit-remaining-subscription-reads": [ "13760" ],
        "x-ms-request-id": [ "63e49426-f0ec-453b-a590-28a36aecd5be" ],
        "x-ms-routing-request-id": [ "REDMOND:20210819T181451Z:63e49426-f0ec-453b-a590-28a36aecd5be" ],
        "Strict-Transport-Security": [ "max-age=31536000; includeSubDomains" ],
        "X-Content-Type-Options": [ "nosniff" ],
        "Cache-Control": [ "no-cache" ],
        "Date": [ "Thu, 19 Aug 2021 18:14:51 GMT" ],
        "Server": [ "Microsoft-HTTPAPI/2.0" ],
        "WWW-Authenticate": [ "oYG3MIG0oAMKAQChCwYJKoZIgvcSAQICooGfBIGcYIGZBgkqhkiG9xIBAgICAG+BiTCBhqADAgEFoQMCAQ+iejB4oAMCARKicQRvBX3ZYRmPzeuPfzne6nZaonY8ex5MNhrceUqEoxJa/0ejGL7eEDrhOQ7O6vRYDUNx/TqKDI1VPwPCQo+xw68M8yFaB3+gGXdFc+NB5iw44sS9FJhf6Rd0iWn47UYNYlrsy2zfyuYy4JOdqpTjBO0n" ]
      },
      "ContentHeaders": {
        "Content-Length": [ "587" ],
        "Content-Type": [ "application/json; charset=utf-8" ],
        "Expires": [ "-1" ]
      },
      "Content": "{\"id\":\"/subscriptions/47b53730-e95d-4594-b843-d378bdff793a/providers/Microsoft.Compute.Admin/locations/redmond/artifactTypes/platformImage/publishers/MicrosoftCrpTeam/offers/CrpPester/skus/CrpPester/versions/1.0.0\",\"name\":null,\"type\":\"Microsoft.Compute.Admin/locations/artifactTypes/publishers/offers/skus/versions\",\"location\":\"redmond\",\"properties\":{\"osDisk\":{\"osType\":\"Linux\",\"uri\":\"https://computepestertests.blob.redmond.ext-n25r0507.masd.stbtest.microsoft.com/vhds/ComputeAdminPesterTestImage.vhd\"},\"dataDisks\":null,\"details\":null,\"replicate\":false,\"provisioningState\":\"Succeeded\"}}",
      "isContentBase64": false
    }
  },
  "Get-AzsPlatformImage+[NoContext]+TestCreateAndDeletePlatformImage+$PUT+https://management.azure.com/subscriptions/47b53730-e95d-4594-b843-d378bdff793a/providers/Microsoft.Compute.Admin/locations/redmond/artifactTypes/platformImage/publishers/MicrosoftCrpTeam/offers/CrpPester/skus/CrpPester/versions/1.0.1?api-version=2015-12-01-preview+1": {
    "Request": {
      "Method": "PUT",
      "RequestUri": "https://management.azure.com/subscriptions/47b53730-e95d-4594-b843-d378bdff793a/providers/Microsoft.Compute.Admin/locations/redmond/artifactTypes/platformImage/publishers/MicrosoftCrpTeam/offers/CrpPester/skus/CrpPester/versions/1.0.1?api-version=2015-12-01-preview",
      "Content": "{\r\n  \"properties\": {\r\n    \"osDisk\": {\r\n      \"osType\": \"Linux\",\r\n      \"uri\": \"https://computepestertests.blob.redmond.ext-n25r0507.masd.stbtest.microsoft.com/vhds/ComputeAdminPesterTestImage.vhd\"\r\n    }\r\n  }\r\n}",
      "isContentBase64": false,
      "Headers": {
      },
      "ContentHeaders": {
        "Content-Type": [ "application/json" ],
        "Content-Length": [ "211" ]
      }
    },
    "Response": {
      "StatusCode": 201,
      "Headers": {
        "Pragma": [ "no-cache" ],
        "x-ms-correlation-request-id": [ "e4bdf50e-8344-47d4-95bc-cb0c74d6d39d" ],
        "x-ms-ratelimit-remaining-subscription-writes": [ "1097" ],
        "x-ms-request-id": [ "e4bdf50e-8344-47d4-95bc-cb0c74d6d39d" ],
        "x-ms-routing-request-id": [ "REDMOND:20210819T181453Z:e4bdf50e-8344-47d4-95bc-cb0c74d6d39d" ],
        "Strict-Transport-Security": [ "max-age=31536000; includeSubDomains" ],
        "X-Content-Type-Options": [ "nosniff" ],
        "Cache-Control": [ "no-cache" ],
        "Date": [ "Thu, 19 Aug 2021 18:14:53 GMT" ],
        "Server": [ "Microsoft-HTTPAPI/2.0" ],
        "WWW-Authenticate": [ "oYG3MIG0oAMKAQChCwYJKoZIgvcSAQICooGfBIGcYIGZBgkqhkiG9xIBAgICAG+BiTCBhqADAgEFoQMCAQ+iejB4oAMCARKicQRv6Tdgtusp1D1bItZqv4neD5/kBuFasQVZ4GFv+KOxdgV+Fae042Uy6B/D+jqQK9B7vFQ1qlGprAxQhAfNRgQ2MfqdAIqXez8Mohz9nVIWTyGrdkE8uRMusYwKLQ8+CVkxQqwfaCh73QJo6pJtrmjE" ]
      },
      "ContentHeaders": {
        "Content-Length": [ "586" ],
        "Content-Type": [ "application/json; charset=utf-8" ],
        "Expires": [ "-1" ]
      },
      "Content": "{\"id\":\"/subscriptions/47b53730-e95d-4594-b843-d378bdff793a/providers/Microsoft.Compute.Admin/locations/redmond/artifactTypes/platformImage/publishers/MicrosoftCrpTeam/offers/CrpPester/skus/CrpPester/versions/1.0.1\",\"name\":null,\"type\":\"Microsoft.Compute.Admin/locations/artifactTypes/publishers/offers/skus/versions\",\"location\":\"redmond\",\"properties\":{\"osDisk\":{\"osType\":\"Linux\",\"uri\":\"https://computepestertests.blob.redmond.ext-n25r0507.masd.stbtest.microsoft.com/vhds/ComputeAdminPesterTestImage.vhd\"},\"dataDisks\":null,\"details\":null,\"replicate\":false,\"provisioningState\":\"Creating\"}}",
      "isContentBase64": false
    }
  },
  "Get-AzsPlatformImage+[NoContext]+TestCreateAndDeletePlatformImage+$GET+https://management.azure.com/subscriptions/47b53730-e95d-4594-b843-d378bdff793a/providers/Microsoft.Compute.Admin/locations/redmond/artifactTypes/platformImage/publishers/MicrosoftCrpTeam/offers/CrpPester/skus/CrpPester/versions/1.0.1?api-version=2015-12-01-preview+2": {
    "Request": {
      "Method": "GET",
      "RequestUri": "https://adminmanagement.redmond.ext-n25r0507.masd.stbtest.microsoft.com/subscriptions/47b53730-e95d-4594-b843-d378bdff793a/providers/Microsoft.Compute.Admin/locations/redmond/artifactTypes/platformImage/publishers/MicrosoftCrpTeam/offers/CrpPester/skus/CrpPester/versions/1.0.1?api-version=2015-12-01-preview",
      "Content": null,
      "isContentBase64": false,
      "Headers": {
        "Authorization": [ "[Filtered]" ],
        "x-ms-unique-id": [ "1643" ],
        "x-ms-client-request-id": [ "dd1cb50b-9e77-429e-8777-13b36de2559a" ],
        "CommandName": [ "Add-AzsPlatformImage" ],
        "FullCommandName": [ "Add-AzsPlatformImage_CreateExpanded" ],
        "ParameterSetName": [ "__AllParameterSets" ],
        "User-Agent": [ "AzurePowershell/Az4.0.0-preview" ]
      },
      "ContentHeaders": {
      }
    },
    "Response": {
      "StatusCode": 200,
      "Headers": {
        "Pragma": [ "no-cache" ],
        "x-ms-correlation-request-id": [ "44e8916e-b16a-43a9-bc0c-7c925dea188c" ],
        "x-ms-ratelimit-remaining-subscription-reads": [ "14092" ],
        "x-ms-request-id": [ "44e8916e-b16a-43a9-bc0c-7c925dea188c" ],
        "x-ms-routing-request-id": [ "REDMOND:20210819T181523Z:44e8916e-b16a-43a9-bc0c-7c925dea188c" ],
        "Strict-Transport-Security": [ "max-age=31536000; includeSubDomains" ],
        "X-Content-Type-Options": [ "nosniff" ],
        "Cache-Control": [ "no-cache" ],
        "Date": [ "Thu, 19 Aug 2021 18:15:23 GMT" ],
        "Server": [ "Microsoft-HTTPAPI/2.0" ],
        "WWW-Authenticate": [ "oYG3MIG0oAMKAQChCwYJKoZIgvcSAQICooGfBIGcYIGZBgkqhkiG9xIBAgICAG+BiTCBhqADAgEFoQMCAQ+iejB4oAMCARKicQRv/6cF8SC/oldlwjXp7jNMeaqVXHbH0TkHaxuhT5DWWdDjfZZ7agJ0+wd8aUk3GPVYAEH9SNkm9p1yPu6JefbsTNIoM8aR8XtnTbbLJDzDdKuGJiaRdAug0ZTG87VUamZgcHtVTZwfZ6+WiI2dEXEb" ]
      },
      "ContentHeaders": {
        "Content-Length": [ "587" ],
        "Content-Type": [ "application/json; charset=utf-8" ],
        "Expires": [ "-1" ]
      },
      "Content": "{\"id\":\"/subscriptions/47b53730-e95d-4594-b843-d378bdff793a/providers/Microsoft.Compute.Admin/locations/redmond/artifactTypes/platformImage/publishers/MicrosoftCrpTeam/offers/CrpPester/skus/CrpPester/versions/1.0.1\",\"name\":null,\"type\":\"Microsoft.Compute.Admin/locations/artifactTypes/publishers/offers/skus/versions\",\"location\":\"redmond\",\"properties\":{\"osDisk\":{\"osType\":\"Linux\",\"uri\":\"https://computepestertests.blob.redmond.ext-n25r0507.masd.stbtest.microsoft.com/vhds/ComputeAdminPesterTestImage.vhd\"},\"dataDisks\":null,\"details\":null,\"replicate\":false,\"provisioningState\":\"Succeeded\"}}",
      "isContentBase64": false
    }
  },
  "Get-AzsPlatformImage+[NoContext]+TestCreateAndDeletePlatformImage+$GET+https://management.azure.com/subscriptions/47b53730-e95d-4594-b843-d378bdff793a/providers/Microsoft.Compute.Admin/locations/redmond/artifactTypes/platformImage/publishers/MicrosoftCrpTeam/offers/CrpPester/skus/CrpPester/versions/1.0.1?api-version=2015-12-01-preview+3": {
    "Request": {
      "Method": "GET",
      "RequestUri": "https://adminmanagement.redmond.ext-n25r0507.masd.stbtest.microsoft.com/subscriptions/47b53730-e95d-4594-b843-d378bdff793a/providers/Microsoft.Compute.Admin/locations/redmond/artifactTypes/platformImage/publishers/MicrosoftCrpTeam/offers/CrpPester/skus/CrpPester/versions/1.0.1?api-version=2015-12-01-preview",
      "Content": null,
      "isContentBase64": false,
      "Headers": {
        "Authorization": [ "[Filtered]" ],
        "x-ms-unique-id": [ "1644" ],
        "x-ms-client-request-id": [ "dd1cb50b-9e77-429e-8777-13b36de2559a" ],
        "CommandName": [ "Add-AzsPlatformImage" ],
        "FullCommandName": [ "Add-AzsPlatformImage_CreateExpanded" ],
        "ParameterSetName": [ "__AllParameterSets" ],
        "User-Agent": [ "AzurePowershell/Az4.0.0-preview" ]
      },
      "ContentHeaders": {
      }
    },
    "Response": {
      "StatusCode": 200,
      "Headers": {
        "Pragma": [ "no-cache" ],
        "x-ms-correlation-request-id": [ "97b488c8-aed1-4438-bcd2-106a279f7a85" ],
        "x-ms-ratelimit-remaining-subscription-reads": [ "14091" ],
        "x-ms-request-id": [ "97b488c8-aed1-4438-bcd2-106a279f7a85" ],
        "x-ms-routing-request-id": [ "REDMOND:20210819T181524Z:97b488c8-aed1-4438-bcd2-106a279f7a85" ],
        "Strict-Transport-Security": [ "max-age=31536000; includeSubDomains" ],
        "X-Content-Type-Options": [ "nosniff" ],
        "Cache-Control": [ "no-cache" ],
        "Date": [ "Thu, 19 Aug 2021 18:15:23 GMT" ],
        "Server": [ "Microsoft-HTTPAPI/2.0" ],
        "WWW-Authenticate": [ "oYG3MIG0oAMKAQChCwYJKoZIgvcSAQICooGfBIGcYIGZBgkqhkiG9xIBAgICAG+BiTCBhqADAgEFoQMCAQ+iejB4oAMCARKicQRvtqeUfXDU1ehz8e3rtDtnssFbBI2c5b3s++2T2QqXZVlUH26LYRpSbgEMG8JVuY5swp6uJDKviwkMCBS38Xoe7gFTzvfjBM3bgtHcKUu92AWjU9Vyhe7hfeulOb21jOJx7lZiyaUkxpopKdbmjD4B" ]
      },
      "ContentHeaders": {
        "Content-Length": [ "587" ],
        "Content-Type": [ "application/json; charset=utf-8" ],
        "Expires": [ "-1" ]
      },
      "Content": "{\"id\":\"/subscriptions/47b53730-e95d-4594-b843-d378bdff793a/providers/Microsoft.Compute.Admin/locations/redmond/artifactTypes/platformImage/publishers/MicrosoftCrpTeam/offers/CrpPester/skus/CrpPester/versions/1.0.1\",\"name\":null,\"type\":\"Microsoft.Compute.Admin/locations/artifactTypes/publishers/offers/skus/versions\",\"location\":\"redmond\",\"properties\":{\"osDisk\":{\"osType\":\"Linux\",\"uri\":\"https://computepestertests.blob.redmond.ext-n25r0507.masd.stbtest.microsoft.com/vhds/ComputeAdminPesterTestImage.vhd\"},\"dataDisks\":null,\"details\":null,\"replicate\":false,\"provisioningState\":\"Succeeded\"}}",
      "isContentBase64": false
    }
  },
  "Get-AzsPlatformImage+[NoContext]+TestCreateAndDeletePlatformImage+$DELETE+https://management.azure.com/subscriptions/47b53730-e95d-4594-b843-d378bdff793a/providers/Microsoft.Compute.Admin/locations/redmond/artifactTypes/platformImage/publishers/MicrosoftCrpTeam/offers/CrpPester/skus/CrpPester/versions/1.0.1?api-version=2015-12-01-preview+4": {
    "Request": {
      "Method": "DELETE",
      "RequestUri": "https://adminmanagement.redmond.ext-n25r0507.masd.stbtest.microsoft.com/subscriptions/47b53730-e95d-4594-b843-d378bdff793a/providers/Microsoft.Compute.Admin/locations/redmond/artifactTypes/platformImage/publishers/MicrosoftCrpTeam/offers/CrpPester/skus/CrpPester/versions/1.0.1?api-version=2015-12-01-preview",
      "Content": null,
      "isContentBase64": false,
      "Headers": {
        "x-ms-unique-id": [ "1645" ],
        "x-ms-client-request-id": [ "b9349656-6df2-4a41-91b0-bdf2759bbff2" ],
        "CommandName": [ "Remove-AzsPlatformImage" ],
        "FullCommandName": [ "Remove-AzsPlatformImage_Delete" ],
        "ParameterSetName": [ "__AllParameterSets" ],
        "User-Agent": [ "AzurePowershell/Az4.0.0-preview" ],
        "Authorization": [ "[Filtered]" ]
      },
      "ContentHeaders": {
      }
    },
    "Response": {
      "StatusCode": 200,
      "Headers": {
        "Pragma": [ "no-cache" ],
        "x-ms-correlation-request-id": [ "21fb3434-55c4-4594-bf40-0e97cb788482" ],
        "x-ms-ratelimit-remaining-subscription-deletes": [ "14933" ],
        "x-ms-request-id": [ "21fb3434-55c4-4594-bf40-0e97cb788482" ],
        "x-ms-routing-request-id": [ "REDMOND:20210819T181526Z:21fb3434-55c4-4594-bf40-0e97cb788482" ],
        "Strict-Transport-Security": [ "max-age=31536000; includeSubDomains" ],
        "X-Content-Type-Options": [ "nosniff" ],
        "Cache-Control": [ "no-cache" ],
        "Date": [ "Thu, 19 Aug 2021 18:15:25 GMT" ],
        "Server": [ "Microsoft-HTTPAPI/2.0" ],
        "WWW-Authenticate": [ "oYG3MIG0oAMKAQChCwYJKoZIgvcSAQICooGfBIGcYIGZBgkqhkiG9xIBAgICAG+BiTCBhqADAgEFoQMCAQ+iejB4oAMCARKicQRvGe0tNRZ0KfJ+P/md9weYvWwi1taC5qjUqBxOEbdmZg4cWYs2XVohRRynoPM8uh7Et9mKWZhms62rExpmlfxAyWP3Llz0tNoyTIlG+VtL4O2l54rMmOHxADZQsUwSFaZTAFI966NK9DLNDi80B79k" ]
      },
      "ContentHeaders": {
        "Content-Length": [ "0" ],
        "Expires": [ "-1" ]
      },
      "Content": null,
      "isContentBase64": false
    }
  }
}